Archive member included to satisfy reference by file (symbol)

C:/ST/STM32CubeIDE_2.1.1/STM32CubeIDE/plugins/com.st.stm32cube.ide.mcu.externaltools.gnu-tools-for-stm32.14.3.rel1.win32_1.0.100.202602081740/tools/bin/../lib/gcc/arm-none-eabi/14.3.1/../../../../arm-none-eabi/lib/thumb/v7e-m+fp/hard\libc_nano.a(libc_a-exit.o)
                              C:/ST/STM32CubeIDE_2.1.1/STM32CubeIDE/plugins/com.st.stm32cube.ide.mcu.externaltools.gnu-tools-for-stm32.14.3.rel1.win32_1.0.100.202602081740/tools/bin/../lib/gcc/arm-none-eabi/14.3.1/../../../../arm-none-eabi/lib/thumb/v7e-m+fp/hard/crt0.o (exit)
C:/ST/STM32CubeIDE_2.1.1/STM32CubeIDE/plugins/com.st.stm32cube.ide.mcu.externaltools.gnu-tools-for-stm32.14.3.rel1.win32_1.0.100.202602081740/tools/bin/../lib/gcc/arm-none-eabi/14.3.1/../../../../arm-none-eabi/lib/thumb/v7e-m+fp/hard\libc_nano.a(libc_a-rand.o)
                              ./pacman_lib/menu.o (srand)
C:/ST/STM32CubeIDE_2.1.1/STM32CubeIDE/plugins/com.st.stm32cube.ide.mcu.externaltools.gnu-tools-for-stm32.14.3.rel1.win32_1.0.100.202602081740/tools/bin/../lib/gcc/arm-none-eabi/14.3.1/../../../../arm-none-eabi/lib/thumb/v7e-m+fp/hard\libc_nano.a(libc_a-findfp.o)
                              C:/ST/STM32CubeIDE_2.1.1/STM32CubeIDE/plugins/com.st.stm32cube.ide.mcu.externaltools.gnu-tools-for-stm32.14.3.rel1.win32_1.0.100.202602081740/tools/bin/../lib/gcc/arm-none-eabi/14.3.1/../../../../arm-none-eabi/lib/thumb/v7e-m+fp/hard\libc_nano.a(libc_a-exit.o) (__stdio_exit_handler)
C:/ST/STM32CubeIDE_2.1.1/STM32CubeIDE/plugins/com.st.stm32cube.ide.mcu.externaltools.gnu-tools-for-stm32.14.3.rel1.win32_1.0.100.202602081740/tools/bin/../lib/gcc/arm-none-eabi/14.3.1/../../../../arm-none-eabi/lib/thumb/v7e-m+fp/hard\libc_nano.a(libc_a-fwalk.o)
                              C:/ST/STM32CubeIDE_2.1.1/STM32CubeIDE/plugins/com.st.stm32cube.ide.mcu.externaltools.gnu-tools-for-stm32.14.3.rel1.win32_1.0.100.202602081740/tools/bin/../lib/gcc/arm-none-eabi/14.3.1/../../../../arm-none-eabi/lib/thumb/v7e-m+fp/hard\libc_nano.a(libc_a-findfp.o) (_fwalk_sglue)
C:/ST/STM32CubeIDE_2.1.1/STM32CubeIDE/plugins/com.st.stm32cube.ide.mcu.externaltools.gnu-tools-for-stm32.14.3.rel1.win32_1.0.100.202602081740/tools/bin/../lib/gcc/arm-none-eabi/14.3.1/../../../../arm-none-eabi/lib/thumb/v7e-m+fp/hard\libc_nano.a(libc_a-sprintf.o)
                              ./pacman_lib/gui.o (sprintf)
C:/ST/STM32CubeIDE_2.1.1/STM32CubeIDE/plugins/com.st.stm32cube.ide.mcu.externaltools.gnu-tools-for-stm32.14.3.rel1.win32_1.0.100.202602081740/tools/bin/../lib/gcc/arm-none-eabi/14.3.1/../../../../arm-none-eabi/lib/thumb/v7e-m+fp/hard\libc_nano.a(libc_a-stdio.o)
                              C:/ST/STM32CubeIDE_2.1.1/STM32CubeIDE/plugins/com.st.stm32cube.ide.mcu.externaltools.gnu-tools-for-stm32.14.3.rel1.win32_1.0.100.202602081740/tools/bin/../lib/gcc/arm-none-eabi/14.3.1/../../../../arm-none-eabi/lib/thumb/v7e-m+fp/hard\libc_nano.a(libc_a-findfp.o) (__sread)
C:/ST/STM32CubeIDE_2.1.1/STM32CubeIDE/plugins/com.st.stm32cube.ide.mcu.externaltools.gnu-tools-for-stm32.14.3.rel1.win32_1.0.100.202602081740/tools/bin/../lib/gcc/arm-none-eabi/14.3.1/../../../../arm-none-eabi/lib/thumb/v7e-m+fp/hard\libc_nano.a(libc_a-memset.o)
                              C:/ST/STM32CubeIDE_2.1.1/STM32CubeIDE/plugins/com.st.stm32cube.ide.mcu.externaltools.gnu-tools-for-stm32.14.3.rel1.win32_1.0.100.202602081740/tools/bin/../lib/gcc/arm-none-eabi/14.3.1/../../../../arm-none-eabi/lib/thumb/v7e-m+fp/hard/crt0.o (memset)
C:/ST/STM32CubeIDE_2.1.1/STM32CubeIDE/plugins/com.st.stm32cube.ide.mcu.externaltools.gnu-tools-for-stm32.14.3.rel1.win32_1.0.100.202602081740/tools/bin/../lib/gcc/arm-none-eabi/14.3.1/../../../../arm-none-eabi/lib/thumb/v7e-m+fp/hard\libc_nano.a(libc_a-closer.o)
                              C:/ST/STM32CubeIDE_2.1.1/STM32CubeIDE/plugins/com.st.stm32cube.ide.mcu.externaltools.gnu-tools-for-stm32.14.3.rel1.win32_1.0.100.202602081740/tools/bin/../lib/gcc/arm-none-eabi/14.3.1/../../../../arm-none-eabi/lib/thumb/v7e-m+fp/hard\libc_nano.a(libc_a-stdio.o) (_close_r)
C:/ST/STM32CubeIDE_2.1.1/STM32CubeIDE/plugins/com.st.stm32cube.ide.mcu.externaltools.gnu-tools-for-stm32.14.3.rel1.win32_1.0.100.202602081740/tools/bin/../lib/gcc/arm-none-eabi/14.3.1/../../../../arm-none-eabi/lib/thumb/v7e-m+fp/hard\libc_nano.a(libc_a-reent.o)
                              C:/ST/STM32CubeIDE_2.1.1/STM32CubeIDE/plugins/com.st.stm32cube.ide.mcu.externaltools.gnu-tools-for-stm32.14.3.rel1.win32_1.0.100.202602081740/tools/bin/../lib/gcc/arm-none-eabi/14.3.1/../../../../arm-none-eabi/lib/thumb/v7e-m+fp/hard\libc_nano.a(libc_a-closer.o) (errno)
C:/ST/STM32CubeIDE_2.1.1/STM32CubeIDE/plugins/com.st.stm32cube.ide.mcu.externaltools.gnu-tools-for-stm32.14.3.rel1.win32_1.0.100.202602081740/tools/bin/../lib/gcc/arm-none-eabi/14.3.1/../../../../arm-none-eabi/lib/thumb/v7e-m+fp/hard\libc_nano.a(libc_a-impure.o)
[...]
Memory Configuration

Name             Origin             Length             Attributes
CCMRAM           0x10000000         0x00010000         xrw
RAM              0x20000000         0x00030000         xrw
FLASH            0x08000000         0x00200000         xr
*default*        0x00000000         0xffffffff

Linker script and memory map

LOAD C:/ST/STM32CubeIDE_2.1.1/STM32CubeIDE/plugins/com.st.stm32cube.ide.mcu.externaltools.gnu-tools-for-stm32.14.3.rel1.win32_1.0.100.202602081740/tools/bin/../lib/gcc/arm-none-eabi/14.3.1/thumb/v7e-m+fp/hard/crti.o
LOAD C:/ST/STM32CubeIDE_2.1.1/STM32CubeIDE/plugins/com.st.stm32cube.ide.mcu.externaltools.gnu-tools-for-stm32.14.3.rel1.win32_1.0.100.202602081740/tools/bin/../lib/gcc/arm-none-eabi/14.3.1/thumb/v7e-m+fp/hard/crtbegin.o
LOAD C:/ST/STM32CubeIDE_2.1.1/STM32CubeIDE/plugins/com.st.stm32cube.ide.mcu.externaltools.gnu-tools-for-stm32.14.3.rel1.win32_1.0.100.202602081740/tools/bin/../lib/gcc/arm-none-eabi/14.3.1/../../../../arm-none-eabi/lib/thumb/v7e-m+fp/hard/crt0.o
LOAD ./Src/main.o
LOAD ./Src/syscalls.o
LOAD ./Src/sysmem.o
LOAD ./Startup/startup_stm32f429zitx.o
LOAD ./cmsis_boot/system_stm32f4xx.o
LOAD ./cmsis_lib/source/misc.o
LOAD ./cmsis_lib/source/stm32f4xx_dma2d.o
LOAD ./cmsis_lib/source/stm32f4xx_fmc.o
LOAD ./cmsis_lib/source/stm32f4xx_gpio.o
LOAD ./cmsis_lib/source/stm32f4xx_i2c.o
LOAD ./cmsis_lib/source/stm32f4xx_ltdc.o
LOAD ./cmsis_lib/source/stm32f4xx_rcc.o
LOAD ./cmsis_lib/source/stm32f4xx_rng.o
LOAD ./cmsis_lib/source/stm32f4xx_spi.o
LOAD ./cmsis_lib/source/stm32f4xx_tim.o
LOAD ./cmsis_lib/source/stm32f4xx_usart.o
LOAD ./pacman_lib/blinky.o
LOAD ./pacman_lib/bot.o
LOAD ./pacman_lib/clyde.o
LOAD ./pacman_lib/gui.o
LOAD ./pacman_lib/inky.o
LOAD ./pacman_lib/maze.o
LOAD ./pacman_lib/maze_data_sample1.o
LOAD ./pacman_lib/maze_generate.o
LOAD ./pacman_lib/maze_txtmap.o
LOAD ./pacman_lib/menu.o
LOAD ./pacman_lib/pacman.o
LOAD ./pacman_lib/pinky.o
LOAD ./pacman_lib/player.o
LOAD ./pacman_lib/random.o
LOAD ./pacman_lib/skin.o
LOAD ./ub_lib/bilder/Skin1.o
LOAD ./ub_lib/font/ub_font_arial_7x10.o
LOAD ./ub_lib/stm32_ub_button.o
LOAD ./ub_lib/stm32_ub_font.o
LOAD ./ub_lib/stm32_ub_graphic2d.o
LOAD ./ub_lib/stm32_ub_i2c3.o
LOAD ./ub_lib/stm32_ub_joystick.o
LOAD ./ub_lib/stm32_ub_lcd_ili9341.o
LOAD ./ub_lib/stm32_ub_sdram.o
LOAD ./ub_lib/stm32_ub_spi5.o
LOAD ./ub_lib/stm32_ub_systick.o
LOAD ./ub_lib/stm32_ub_touch_stmpe811.o
LOAD ./ub_lib/stm32_ub_uart.o
LOAD ./ub_lib/stm32_ub_usb_hid_host.o
LOAD ./ub_lib/usb_hid_host_lolevel/stm32_button_user.o
LOAD ./ub_lib/usb_hid_host_lolevel/usb_bsp.o
LOAD ./ub_lib/usb_hid_host_lolevel/usb_core.o
LOAD ./ub_lib/usb_hid_host_lolevel/usb_hcd.o
LOAD ./ub_lib/usb_hid_host_lolevel/usb_hcd_int.o
LOAD ./ub_lib/usb_hid_host_lolevel/usbh_core.o
LOAD ./ub_lib/usb_hid_host_lolevel/usbh_hcs.o
LOAD ./ub_lib/usb_hid_host_lolevel/usbh_hid_core.o
LOAD ./ub_lib/usb_hid_host_lolevel/usbh_hid_keybd.o
LOAD ./ub_lib/usb_hid_host_lolevel/usbh_hid_mouse.o
LOAD ./ub_lib/usb_hid_host_lolevel/usbh_ioreq.o
LOAD ./ub_lib/usb_hid_host_lolevel/usbh_stdreq.o
LOAD ./ub_lib/usb_hid_host_lolevel/usbh_usr.o
START GROUP
LOAD C:/ST/STM32CubeIDE_2.1.1/STM32CubeIDE/plugins/com.st.stm32cube.ide.mcu.externaltools.gnu-tools-for-stm32.14.3.rel1.win32_1.0.100.202602081740/tools/bin/../lib/gcc/arm-none-eabi/14.3.1/../../../../arm-none-eabi/lib/thumb/v7e-m+fp/hard\libc_nano.a
LOAD C:/ST/STM32CubeIDE_2.1.1/STM32CubeIDE/plugins/com.st.stm32cube.ide.mcu.externaltools.gnu-tools-for-stm32.14.3.rel1.win32_1.0.100.202602081740/tools/bin/../lib/gcc/arm-none-eabi/14.3.1/../../../../arm-none-eabi/lib/thumb/v7e-m+fp/hard\libm.a
END GROUP
START GROUP
LOAD C:/ST/STM32CubeIDE_2.1.1/STM32CubeIDE/plugins/com.st.stm32cube.ide.mcu.externaltools.gnu-tools-for-stm32.14.3.rel1.win32_1.0.100.202602081740/tools/bin/../lib/gcc/arm-none-eabi/14.3.1/thumb/v7e-m+fp/hard\libgcc.a
LOAD C:/ST/STM32CubeIDE_2.1.1/STM32CubeIDE/plugins/com.st.stm32cube.ide.mcu.externaltools.gnu-tools-for-stm32.14.3.rel1.win32_1.0.100.202602081740/tools/bin/../lib/gcc/arm-none-eabi/14.3.1/../../../../arm-none-eabi/lib/thumb/v7e-m+fp/hard\libc_nano.a
END GROUP
START GROUP
LOAD C:/ST/STM32CubeIDE_2.1.1/STM32CubeIDE/plugins/com.st.stm32cube.ide.mcu.externaltools.gnu-tools-for-stm32.14.3.rel1.win32_1.0.100.202602081740/tools/bin/../lib/gcc/arm-none-eabi/14.3.1/thumb/v7e-m+fp/hard\libgcc.a
LOAD C:/ST/STM32CubeIDE_2.1.1/STM32CubeIDE/plugins/com.st.stm32cube.ide.mcu.externaltools.gnu-tools-for-stm32.14.3.rel1.win32_1.0.100.202602081740/tools/bin/../lib/gcc/arm-none-eabi/14.3.1/../../../../arm-none-eabi/lib/thumb/v7e-m+fp/hard\libc_nano.a
LOAD C:/ST/STM32CubeIDE_2.1.1/STM32CubeIDE/plugins/com.st.stm32cube.ide.mcu.externaltools.gnu-tools-for-stm32.14.3.rel1.win32_1.0.100.202602081740/tools/bin/../lib/gcc/arm-none-eabi/14.3.1/../../../../arm-none-eabi/lib/thumb/v7e-m+fp/hard\libnosys.a
END GROUP
START GROUP
LOAD C:/ST/STM32CubeIDE_2.1.1/STM32CubeIDE/plugins/com.st.stm32cube.ide.mcu.externaltools.gnu-tools-for-stm32.14.3.rel1.win32_1.0.100.202602081740/tools/bin/../lib/gcc/arm-none-eabi/14.3.1/thumb/v7e-m+fp/hard\libgcc.a
LOAD C:/ST/STM32CubeIDE_2.1.1/STM32CubeIDE/plugins/com.st.stm32cube.ide.mcu.externaltools.gnu-tools-for-stm32.14.3.rel1.win32_1.0.100.202602081740/tools/bin/../lib/gcc/arm-none-eabi/14.3.1/../../../../arm-none-eabi/lib/thumb/v7e-m+fp/hard\libc_nano.a
LOAD C:/ST/STM32CubeIDE_2.1.1/STM32CubeIDE/plugins/com.st.stm32cube.ide.mcu.externaltools.gnu-tools-for-stm32.14.3.rel1.win32_1.0.100.202602081740/tools/bin/../lib/gcc/arm-none-eabi/14.3.1/../../../../arm-none-eabi/lib/thumb/v7e-m+fp/hard\libnosys.a
END GROUP
LOAD C:/ST/STM32CubeIDE_2.1.1/STM32CubeIDE/plugins/com.st.stm32cube.ide.mcu.externaltools.gnu-tools-for-stm32.14.3.rel1.win32_1.0.100.202602081740/tools/bin/../lib/gcc/arm-none-eabi/14.3.1/thumb/v7e-m+fp/hard/crtend.o
LOAD C:/ST/STM32CubeIDE_2.1.1/STM32CubeIDE/plugins/com.st.stm32cube.ide.mcu.externaltools.gnu-tools-for-stm32.14.3.rel1.win32_1.0.100.202602081740/tools/bin/../lib/gcc/arm-none-eabi/14.3.1/thumb/v7e-m+fp/hard/crtn.o
                0x20030000                        _estack = (ORIGIN (RAM) + LENGTH (RAM))
                0x00000200                        _Min_Heap_Size = 0x200
                0x00000400                        _Min_Stack_Size = 0x400

.isr_vector     0x08000000      0x1ac
                0x08000000                        . = ALIGN (0x4)
 *(.isr_vector)
 .isr_vector    0x08000000      0x1ac ./Startup/startup_stm32f429zitx.o
                0x08000000                g_pfnVectors
                0x080001ac                        . = ALIGN (0x4)

.text           0x080001b0    0x17e98
                0x080001b0                        . = ALIGN (0x4)
 *(.text)
 .text          0x080001b0       0x40 C:/ST/STM32CubeIDE_2.1.1/STM32CubeIDE/plugins/com.st.stm32cube.ide.mcu.externaltools.gnu-tools-for-stm32.14.3.rel1.win32_1.0.100.202602081740/tools/bin/../lib/gcc/arm-none-eabi/14.3.1/thumb/v7e-m+fp/hard/crtbegin.o
 .text          0x080001f0       0x10 C:/ST/STM32CubeIDE_2.1.1/STM32CubeIDE/plugins/com.st.stm32cube.ide.mcu.externaltools.gnu-tools-for-stm32.14.3.rel1.win32_1.0.100.202602081740/tools/bin/../lib/gcc/arm-none-eabi/14.3.1/../../../../arm-none-eabi/lib/thumb/v7e-m+fp/hard\libc_nano.a(libc_a-strlen.o)
                0x080001f0                strlen
 .text          0x08000200       0xa0 C:/ST/STM32CubeIDE_2.1.1/STM32CubeIDE/plugins/com.st.stm32cube.ide.mcu.externaltools.gnu-tools-for-stm32.14.3.rel1.win32_1.0.100.202602081740/tools/bin/../lib/gcc/arm-none-eabi/14.3.1/../../../../arm-none-eabi/lib/thumb/v7e-m+fp/hard\libc_nano.a(libc_a-memchr.o)
                0x08000200                memchr
 *(.text*)
 .text.main     0x080002a0       0x10 ./Src/main.o
                0x080002a0                main
 .text._getpid  0x080002b0       0x10 ./Src/syscalls.o
                0x080002b0                _getpid
 .text._kill    0x080002c0       0x20 ./Src/syscalls.o
                0x080002c0                _kill
 .text._exit    0x080002e0       0x16 ./Src/syscalls.o
                0x080002e0                _exit
 .text._read    0x080002f6       0x3a ./Src/syscalls.o
                0x080002f6                _read
 .text._write   0x08000330       0x38 ./Src/syscalls.o
                0x08000330                _write
 .text._close   0x08000368       0x18 ./Src/syscalls.o
                0x08000368                _close
 .text._fstat   0x08000380       0x20 ./Src/syscalls.o
                0x08000380                _fstat
 .text._isatty  0x080003a0       0x16 ./Src/syscalls.o
                0x080003a0                _isatty
 .text._lseek   0x080003b6       0x1a ./Src/syscalls.o
                0x080003b6                _lseek
 .text._sbrk    0x080003d0       0x6c ./Src/sysmem.o
                0x080003d0                _sbrk
 .text.Reset_Handler
                0x0800043c       0x50 ./Startup/startup_stm32f429zitx.o
                0x0800043c                Reset_Handler
 .text.Default_Handler
                0x0800048c        0x2 ./Startup/startup_stm32f429zitx.o
                0x0800048c                RTC_Alarm_IRQHandler
                0x0800048c                HASH_RNG_IRQHandler
                0x0800048c                EXTI2_IRQHandler
                0x0800048c                TIM8_CC_IRQHandler
                0x0800048c                DebugMon_Handler
                0x0800048c                UART8_IRQHandler
                0x0800048c                SPI4_IRQHandler
                0x0800048c                TIM1_CC_IRQHandler
                0x0800048c                DMA2_Stream5_IRQHandler
                0x0800048c                HardFault_Handler
                0x0800048c                DMA1_Stream5_IRQHandler
                0x0800048c                PVD_IRQHandler
                0x0800048c                SDIO_IRQHandler
                0x0800048c                TAMP_STAMP_IRQHandler
                0x0800048c                PendSV_Handler
                0x0800048c                NMI_Handler
                0x0800048c                CAN2_RX1_IRQHandler
                0x0800048c                EXTI3_IRQHandler
                0x0800048c                TIM8_TRG_COM_TIM14_IRQHandler
                0x0800048c                TIM1_UP_TIM10_IRQHandler
                0x0800048c                TIM8_UP_TIM13_IRQHandler
                0x0800048c                I2C3_ER_IRQHandler
                0x0800048c                LCD_TFT_IRQHandler
                0x0800048c                EXTI0_IRQHandler
                0x0800048c                I2C2_EV_IRQHandler
                0x0800048c                DMA1_Stream2_IRQHandler
                0x0800048c                CAN1_RX0_IRQHandler
                0x0800048c                FPU_IRQHandler
                0x0800048c                OTG_HS_WKUP_IRQHandler
                0x0800048c                UsageFault_Handler
                0x0800048c                CAN2_SCE_IRQHandler
                0x0800048c                DMA2_Stream2_IRQHandler
                0x0800048c                SPI1_IRQHandler
                0x0800048c                TIM6_DAC_IRQHandler
                0x0800048c                TIM1_BRK_TIM9_IRQHandler
                0x0800048c                DCMI_IRQHandler
                0x0800048c                CAN2_RX0_IRQHandler
                0x0800048c                DMA2_Stream3_IRQHandler
                0x0800048c                CRYP_IRQHandler
                0x0800048c                CAN1_RX1_IRQHandler
                0x0800048c                UART5_IRQHandler
                0x0800048c                DMA2_Stream0_IRQHandler
                0x0800048c                TIM4_IRQHandler
                0x0800048c                I2C1_EV_IRQHandler
                0x0800048c                DMA1_Stream6_IRQHandler
                0x0800048c                DMA1_Stream1_IRQHandler
                0x0800048c                UART4_IRQHandler
                0x0800048c                LCD_TFT_1_IRQHandler
                0x0800048c                TIM3_IRQHandler
                0x0800048c                RCC_IRQHandler
                0x0800048c                TIM8_BRK_TIM12_IRQHandler
                0x0800048c                Default_Handler
                0x0800048c                EXTI15_10_IRQHandler
                0x0800048c                ADC_IRQHandler
                0x0800048c                DMA1_Stream7_IRQHandler
                0x0800048c                SPI5_IRQHandler
                0x0800048c                CAN2_TX_IRQHandler
                0x0800048c                TIM5_IRQHandler
                0x0800048c                DMA2_Stream7_IRQHandler
                0x0800048c                I2C3_EV_IRQHandler
                0x0800048c                EXTI9_5_IRQHandler
                0x0800048c                RTC_WKUP_IRQHandler
                0x0800048c                ETH_WKUP_IRQHandler
                0x0800048c                SPI2_IRQHandler
                0x0800048c                OTG_HS_EP1_IN_IRQHandler
                0x0800048c                MemManage_Handler
                0x0800048c                DMA1_Stream0_IRQHandler
                0x0800048c                CAN1_TX_IRQHandler
                0x0800048c                SVC_Handler
                0x0800048c                EXTI4_IRQHandler
                0x0800048c                ETH_IRQHandler
                0x0800048c                OTG_HS_EP1_OUT_IRQHandler
                0x0800048c                WWDG_IRQHandler
                0x0800048c                SPI6_IRQHandler
                0x0800048c                TIM2_IRQHandler
                0x0800048c                OTG_FS_WKUP_IRQHandler
                0x0800048c                TIM1_TRG_COM_TIM11_IRQHandler
                0x0800048c                DMA2D_IRQHandler
                0x0800048c                EXTI1_IRQHandler
                0x0800048c                UART7_IRQHandler
                0x0800048c                I2C2_ER_IRQHandler
                0x0800048c                DMA2_Stream1_IRQHandler
                0x0800048c                CAN1_SCE_IRQHandler
                0x0800048c                FLASH_IRQHandler
                0x0800048c                DMA2_Stream4_IRQHandler
                0x0800048c                BusFault_Handler
                0x0800048c                OTG_FS_IRQHandler
                0x0800048c                SPI3_IRQHandler
                0x0800048c                DMA1_Stream4_IRQHandler
                0x0800048c                I2C1_ER_IRQHandler
                0x0800048c                FMC_IRQHandler
                0x0800048c                DMA2_Stream6_IRQHandler
                0x0800048c                SAI1_IRQHandler
                0x0800048c                DMA1_Stream3_IRQHandler
 *fill*         0x0800048e        0x2 
 .text.SystemInit
                0x08000490       0x6c ./cmsis_boot/system_stm32f4xx.o
                0x08000490                SystemInit
 .text.SetSysClock
                0x080004fc      0x12c ./cmsis_boot/system_stm32f4xx.o
 .text.NVIC_Init
                0x08000628       0xc4 ./cmsis_lib/source/misc.o
                0x08000628                NVIC_Init
 .text.DMA2D_DeInit
                0x080006ec       0x1c ./cmsis_lib/source/stm32f4xx_dma2d.o
                0x080006ec                DMA2D_DeInit
 .text.DMA2D_Init
                0x08000708      0x160 ./cmsis_lib/source/stm32f4xx_dma2d.o
                0x08000708                DMA2D_Init
 .text.DMA2D_StartTransfer
                0x08000868       0x20 ./cmsis_lib/source/stm32f4xx_dma2d.o
                0x08000868                DMA2D_StartTransfer
 .text.DMA2D_GetFlagStatus
                0x08000888       0x34 ./cmsis_lib/source/stm32f4xx_dma2d.o
                0x08000888                DMA2D_GetFlagStatus
 .text.FMC_SDRAMInit
                0x080008bc      0x15c ./cmsis_lib/source/stm32f4xx_fmc.o
                0x080008bc                FMC_SDRAMInit
 .text.FMC_SDRAMCmdConfig
                0x08000a18       0x40 ./cmsis_lib/source/stm32f4xx_fmc.o
                0x08000a18                FMC_SDRAMCmdConfig
 .text.FMC_SetRefreshCount
                0x08000a58       0x28 ./cmsis_lib/source/stm32f4xx_fmc.o
                0x08000a58                FMC_SetRefreshCount
 .text.FMC_GetFlagStatus
                0x08000a80       0x7c ./cmsis_lib/source/stm32f4xx_fmc.o
                0x08000a80                FMC_GetFlagStatus
 .text.GPIO_Init
                0x08000afc      0x11e ./cmsis_lib/source/stm32f4xx_gpio.o
                0x08000afc                GPIO_Init
 .text.GPIO_ReadInputDataBit
                0x08000c1a       0x34 ./cmsis_lib/source/stm32f4xx_gpio.o
                0x08000c1a                GPIO_ReadInputDataBit
 .text.GPIO_SetBits
                0x08000c4e       0x1e ./cmsis_lib/source/stm32f4xx_gpio.o
                0x08000c4e                GPIO_SetBits
 .text.GPIO_ResetBits
                0x08000c6c       0x1e ./cmsis_lib/source/stm32f4xx_gpio.o
                0x08000c6c                GPIO_ResetBits
 .text.GPIO_PinAFConfig
                0x08000c8a       0x92 ./cmsis_lib/source/stm32f4xx_gpio.o
                0x08000c8a                GPIO_PinAFConfig
 .text.I2C_DeInit
                0x08000d1c       0x74 ./cmsis_lib/source/stm32f4xx_i2c.o
                0x08000d1c                I2C_DeInit
 .text.I2C_Init
                0x08000d90      0x184 ./cmsis_lib/source/stm32f4xx_i2c.o
                0x08000d90                I2C_Init
 .text.I2C_Cmd  0x08000f14       0x40 ./cmsis_lib/source/stm32f4xx_i2c.o
                0x08000f14                I2C_Cmd
 .text.I2C_GenerateSTART
                0x08000f54       0x40 ./cmsis_lib/source/stm32f4xx_i2c.o
                0x08000f54                I2C_GenerateSTART
 .text.I2C_GenerateSTOP
                0x08000f94       0x40 ./cmsis_lib/source/stm32f4xx_i2c.o
                0x08000f94                I2C_GenerateSTOP
 .text.I2C_Send7bitAddress
                0x08000fd4       0x3c ./cmsis_lib/source/stm32f4xx_i2c.o
                0x08000fd4                I2C_Send7bitAddress
 .text.I2C_AcknowledgeConfig
                0x08001010       0x40 ./cmsis_lib/source/stm32f4xx_i2c.o
                0x08001010                I2C_AcknowledgeConfig
 .text.I2C_SoftwareResetCmd
                0x08001050       0x44 ./cmsis_lib/source/stm32f4xx_i2c.o
                0x08001050                I2C_SoftwareResetCmd
 .text.I2C_SendData
                0x08001094       0x20 ./cmsis_lib/source/stm32f4xx_i2c.o
                0x08001094                I2C_SendData
 .text.I2C_ReceiveData
                0x080010b4       0x1c ./cmsis_lib/source/stm32f4xx_i2c.o
                0x080010b4                I2C_ReceiveData
 .text.I2C_GetFlagStatus
                0x080010d0       0x66 ./cmsis_lib/source/stm32f4xx_i2c.o
                0x080010d0                I2C_GetFlagStatus
 *fill*         0x08001136        0x2 
 .text.LTDC_Init
                0x08001138      0x130 ./cmsis_lib/source/stm32f4xx_ltdc.o
                0x08001138                LTDC_Init
 .text.LTDC_Cmd
                0x08001268       0x3c ./cmsis_lib/source/stm32f4xx_ltdc.o
                0x08001268                LTDC_Cmd
 .text.LTDC_DitherCmd
                0x080012a4       0x3c ./cmsis_lib/source/stm32f4xx_ltdc.o
                0x080012a4                LTDC_DitherCmd
 .text.LTDC_ReloadConfig
                0x080012e0       0x20 ./cmsis_lib/source/stm32f4xx_ltdc.o
                0x080012e0                LTDC_ReloadConfig
 .text.LTDC_LayerInit
                0x08001300      0x134 ./cmsis_lib/source/stm32f4xx_ltdc.o
                0x08001300                LTDC_LayerInit
 .text.LTDC_LayerCmd
                0x08001434       0x38 ./cmsis_lib/source/stm32f4xx_ltdc.o
                0x08001434                LTDC_LayerCmd
 .text.LTDC_LayerAlpha
                0x0800146c       0x1e ./cmsis_lib/source/stm32f4xx_ltdc.o
                0x0800146c                LTDC_LayerAlpha
 *fill*         0x0800148a        0x2 
 .text.RCC_PLLSAIConfig
                0x0800148c       0x34 ./cmsis_lib/source/stm32f4xx_rcc.o
                0x0800148c                RCC_PLLSAIConfig
 .text.RCC_PLLSAICmd
                0x080014c0       0x20 ./cmsis_lib/source/stm32f4xx_rcc.o
                0x080014c0                RCC_PLLSAICmd
 .text.RCC_GetClocksFreq
                0x080014e0      0x15c ./cmsis_lib/source/stm32f4xx_rcc.o
                0x080014e0                RCC_GetClocksFreq
 .text.RCC_LTDCCLKDivConfig
                0x0800163c       0x3c ./cmsis_lib/source/stm32f4xx_rcc.o
                0x0800163c                RCC_LTDCCLKDivConfig
 .text.RCC_AHB1PeriphClockCmd
                0x08001678       0x40 ./cmsis_lib/source/stm32f4xx_rcc.o
                0x08001678                RCC_AHB1PeriphClockCmd
 .text.RCC_AHB2PeriphClockCmd
                0x080016b8       0x40 ./cmsis_lib/source/stm32f4xx_rcc.o
                0x080016b8                RCC_AHB2PeriphClockCmd
 .text.RCC_AHB3PeriphClockCmd
                0x080016f8       0x40 ./cmsis_lib/source/stm32f4xx_rcc.o
                0x080016f8                RCC_AHB3PeriphClockCmd
 .text.RCC_APB1PeriphClockCmd
                0x08001738       0x40 ./cmsis_lib/source/stm32f4xx_rcc.o
                0x08001738                RCC_APB1PeriphClockCmd
 .text.RCC_APB2PeriphClockCmd
                0x08001778       0x40 ./cmsis_lib/source/stm32f4xx_rcc.o
                0x08001778                RCC_APB2PeriphClockCmd
 .text.RCC_AHB1PeriphResetCmd
                0x080017b8       0x40 ./cmsis_lib/source/stm32f4xx_rcc.o
                0x080017b8                RCC_AHB1PeriphResetCmd
 .text.RCC_APB1PeriphResetCmd
                0x080017f8       0x40 ./cmsis_lib/source/stm32f4xx_rcc.o
                0x080017f8                RCC_APB1PeriphResetCmd
 .text.RCC_APB2PeriphResetCmd
                0x08001838       0x40 ./cmsis_lib/source/stm32f4xx_rcc.o
                0x08001838                RCC_APB2PeriphResetCmd
 .text.RCC_GetFlagStatus
                0x08001878       0x74 ./cmsis_lib/source/stm32f4xx_rcc.o
                0x08001878                RCC_GetFlagStatus
 .text.RNG_Cmd  0x080018ec       0x3c ./cmsis_lib/source/stm32f4xx_rng.o
                0x080018ec                RNG_Cmd
 .text.RNG_GetRandomNumber
                0x08001928       0x18 ./cmsis_lib/source/stm32f4xx_rng.o
                0x08001928                RNG_GetRandomNumber
 .text.RNG_GetFlagStatus
                0x08001940       0x38 ./cmsis_lib/source/stm32f4xx_rng.o
                0x08001940                RNG_GetFlagStatus
 .text.RNG_ClearFlag
                0x08001978       0x24 ./cmsis_lib/source/stm32f4xx_rng.o
                0x08001978                RNG_ClearFlag
 .text.SPI_I2S_DeInit
                0x0800199c       0xdc ./cmsis_lib/source/stm32f4xx_spi.o
                0x0800199c                SPI_I2S_DeInit
 .text.SPI_Init
                0x08001a78       0x88 ./cmsis_lib/source/stm32f4xx_spi.o
                0x08001a78                SPI_Init
 .text.SPI_Cmd  0x08001b00       0x40 ./cmsis_lib/source/stm32f4xx_spi.o
                0x08001b00                SPI_Cmd
 .text.SPI_I2S_ReceiveData
                0x08001b40       0x1a ./cmsis_lib/source/stm32f4xx_spi.o
                0x08001b40                SPI_I2S_ReceiveData
 .text.SPI_I2S_SendData
                0x08001b5a       0x1e ./cmsis_lib/source/stm32f4xx_spi.o
                0x08001b5a                SPI_I2S_SendData
 .text.SPI_I2S_GetFlagStatus
                0x08001b78       0x38 ./cmsis_lib/source/stm32f4xx_spi.o
                0x08001b78                SPI_I2S_GetFlagStatus
 .text.TIM_TimeBaseInit
                0x08001bb0       0xd8 ./cmsis_lib/source/stm32f4xx_tim.o
                0x08001bb0                TIM_TimeBaseInit
 .text.TIM_ARRPreloadConfig
                0x08001c88       0x40 ./cmsis_lib/source/stm32f4xx_tim.o
                0x08001c88                TIM_ARRPreloadConfig
 .text.TIM_Cmd  0x08001cc8       0x40 ./cmsis_lib/source/stm32f4xx_tim.o
                0x08001cc8                TIM_Cmd
 .text.TIM_ITConfig
                0x08001d08       0x48 ./cmsis_lib/source/stm32f4xx_tim.o
                0x08001d08                TIM_ITConfig
 .text.TIM_ClearITPendingBit
                0x08001d50       0x22 ./cmsis_lib/source/stm32f4xx_tim.o
                0x08001d50                TIM_ClearITPendingBit
 *fill*         0x08001d72        0x2 
 .text.USART_Init
                0x08001d74      0x174 ./cmsis_lib/source/stm32f4xx_usart.o
                0x08001d74                USART_Init
 .text.USART_Cmd
                0x08001ee8       0x40 ./cmsis_lib/source/stm32f4xx_usart.o
                0x08001ee8                USART_Cmd
 .text.USART_OverSampling8Cmd
                0x08001f28       0x44 ./cmsis_lib/source/stm32f4xx_usart.o
                0x08001f28                USART_OverSampling8Cmd
 .text.USART_ReceiveData
                0x08001f6c       0x20 ./cmsis_lib/source/stm32f4xx_usart.o
                0x08001f6c                USART_ReceiveData
 .text.USART_ITConfig
                0x08001f8c       0x90 ./cmsis_lib/source/stm32f4xx_usart.o
                0x08001f8c                USART_ITConfig
 .text.USART_GetITStatus
                0x0800201c       0xb6 ./cmsis_lib/source/stm32f4xx_usart.o
                0x0800201c                USART_GetITStatus
 *fill*         0x080020d2        0x2 
 .text.blinky_init
                0x080020d4       0xa8 ./pacman_lib/blinky.o
                0x080020d4                blinky_init
 .text.blinky_move
                0x0800217c      0x30c ./pacman_lib/blinky.o
                0x0800217c                blinky_move
 .text.blinky_change_skin
                0x08002488       0xe8 ./pacman_lib/blinky.o
                0x08002488                blinky_change_skin
 .text.blinky_check_event
                0x08002570       0x60 ./pacman_lib/blinky.o
                0x08002570                blinky_check_event
 .text.blinky_calc_next_move
                0x080025d0      0x3e8 ./pacman_lib/blinky.o
                0x080025d0                blinky_calc_next_move
 .text.bot_is_2p_coop
                0x080029b8       0x38 ./pacman_lib/bot.o
                0x080029b8                bot_is_2p_coop
 .text.bot_is_2p_vs_ghost
                0x080029f0       0x30 ./pacman_lib/bot.o
                0x080029f0                bot_is_2p_vs_ghost
 .text.bot_is_player_controlled_ghost
                0x08002a20       0x26 ./pacman_lib/bot.o
                0x08002a20                bot_is_player_controlled_ghost
 *fill*         0x08002a46        0x2 
 .text.bot_calc_move_player_ghost
                0x08002a48      0x1b8 ./pacman_lib/bot.o
                0x08002a48                bot_calc_move_player_ghost
 .text.bot_apply_player_ghost_input
                0x08002c00      0x3bc ./pacman_lib/bot.o
                0x08002c00                bot_apply_player_ghost_input
 .text.bot_get_nearest_player
                0x08002fbc       0x30 ./pacman_lib/bot.o
                0x08002fbc                bot_get_nearest_player
 .text.bot_get_nearest_player_ptr
                0x08002fec       0x9c ./pacman_lib/bot.o
                0x08002fec                bot_get_nearest_player_ptr
 .text.bot_kill_pacman
                0x08003088       0x98 ./pacman_lib/bot.o
                0x08003088                bot_kill_pacman
 .text.bot_coop_is_game_over
                0x08003120       0x50 ./pacman_lib/bot.o
                0x08003120                bot_coop_is_game_over
 .text.bot_team_win_pacman
                0x08003170       0x30 ./pacman_lib/bot.o
                0x08003170                bot_team_win_pacman
 .text.bot_ghost_hit_pacman
                0x080031a0       0xec ./pacman_lib/bot.o
                0x080031a0                bot_ghost_hit_pacman
 .text.bot_ghost_get_body_color
                0x0800328c       0xb0 ./pacman_lib/bot.o
                0x0800328c                bot_ghost_get_body_color
 .text.bot_player_can_turn
                0x0800333c      0x13c ./pacman_lib/bot.o
                0x0800333c                bot_player_can_turn
 .text.bot_ghost_validate_position
                0x08003478       0x3e ./pacman_lib/bot.o
                0x08003478                bot_ghost_validate_position
 .text.bot_ghost_unstick
                0x080034b6       0x40 ./pacman_lib/bot.o
                0x080034b6                bot_ghost_unstick
 *fill*         0x080034f6        0x2 
 .text.bot_release_ghosts_on_pacman_death
                0x080034f8       0xb4 ./pacman_lib/bot.o
                0x080034f8                bot_release_ghosts_on_pacman_death
 .text.bot_is_walkable
                0x080035ac       0x90 ./pacman_lib/bot.o
                0x080035ac                bot_is_walkable
 .text.bot_calc_move_random
                0x0800363c      0x288 ./pacman_lib/bot.o
                0x0800363c                bot_calc_move_random
 .text.bot_calc_move_blinky
                0x080038c4       0x3e ./pacman_lib/bot.o
                0x080038c4                bot_calc_move_blinky
 .text.bot_calc_move_pinky
                0x08003902       0xf0 ./pacman_lib/bot.o
                0x08003902                bot_calc_move_pinky
 *fill*         0x080039f2        0x2 
 .text.bot_calc_move_inky
                0x080039f4      0x120 ./pacman_lib/bot.o
                0x080039f4                bot_calc_move_inky
 .text.bot_calc_move_clyde
                0x08003b14       0x6c ./pacman_lib/bot.o
                0x08003b14                bot_calc_move_clyde
 .text.bot_calc_move_home
                0x08003b80       0x66 ./pacman_lib/bot.o
                0x08003b80                bot_calc_move_home
 .text.bot_calc_move_scatter
                0x08003be6       0x66 ./pacman_lib/bot.o
                0x08003be6                bot_calc_move_scatter
 .text.bot_calc_move
                0x08003c4c      0x358 ./pacman_lib/bot.o
                0x08003c4c                bot_calc_move
 .text.bot_calc_distance
                0x08003fa4       0x38 ./pacman_lib/bot.o
                0x08003fa4                bot_calc_distance
 .text.bot_calc_move_lazy
                0x08003fdc       0x52 ./pacman_lib/bot.o
                0x08003fdc                bot_calc_move_lazy
 .text.bot_calc_move_by_strategy
                0x0800402e       0x8e ./pacman_lib/bot.o
                0x0800402e                bot_calc_move_by_strategy
 .text.bot_strategy_name
                0x080040bc       0x70 ./pacman_lib/bot.o
                0x080040bc                bot_strategy_name
 .text.bot_find_spawn_pos
                0x0800412c      0x104 ./pacman_lib/bot.o
 .text.bot_apply_custom_ghosts
                0x08004230      0x354 ./pacman_lib/bot.o
                0x08004230                bot_apply_custom_ghosts
 .text.clyde_init
                0x08004584       0xb4 ./pacman_lib/clyde.o
                0x08004584                clyde_init
 .text.clyde_move
                0x08004638      0x2f0 ./pacman_lib/clyde.o
                0x08004638                clyde_move
 .text.clyde_change_skin
                0x08004928       0xe8 ./pacman_lib/clyde.o
                0x08004928                clyde_change_skin
 .text.clyde_check_event
                0x08004a10       0x70 ./pacman_lib/clyde.o
                0x08004a10                clyde_check_event
 .text.clyde_calc_next_move
                0x08004a80      0x3bc ./pacman_lib/clyde.o
                0x08004a80                clyde_calc_next_move
 .text.gui_clear_screen
                0x08004e3c       0x18 ./pacman_lib/gui.o
                0x08004e3c                gui_clear_screen
 .text.gui_clear_bots
                0x08004e54       0x5c ./pacman_lib/gui.o
                0x08004e54                gui_clear_bots
 .text.gui_draw_bots
                0x08004eb0       0x5c ./pacman_lib/gui.o
                0x08004eb0                gui_draw_bots
 .text.gui_draw_maze
                0x08004f0c       0xa8 ./pacman_lib/gui.o
                0x08004f0c                gui_draw_maze
 .text.gui_draw_errmaze
                0x08004fb4       0xd4 ./pacman_lib/gui.o
                0x08004fb4                gui_draw_errmaze
 .text.gui_draw_player
                0x08005088       0xac ./pacman_lib/gui.o
                0x08005088                gui_draw_player
 .text.gui_clear_player
                0x08005134      0x160 ./pacman_lib/gui.o
                0x08005134                gui_clear_player
 .text.gui_draw_player2
                0x08005294       0xb4 ./pacman_lib/gui.o
                0x08005294                gui_draw_player2
 .text.gui_clear_player2
                0x08005348      0x160 ./pacman_lib/gui.o
                0x08005348                gui_clear_player2
 .text.gui_draw_ghost_sprite
                0x080054a8       0x64 ./pacman_lib/gui.o
 .text.gui_draw_blinky
                0x0800550c       0x94 ./pacman_lib/gui.o
                0x0800550c                gui_draw_blinky
 .text.gui_clear_blinky
                0x080055a0      0x118 ./pacman_lib/gui.o
                0x080055a0                gui_clear_blinky
 .text.gui_draw_pinky
                0x080056b8       0x94 ./pacman_lib/gui.o
                0x080056b8                gui_draw_pinky
 .text.gui_clear_pinky
                0x0800574c      0x118 ./pacman_lib/gui.o
                0x0800574c                gui_clear_pinky
 .text.gui_draw_inky
                0x08005864       0x94 ./pacman_lib/gui.o
                0x08005864                gui_draw_inky
 .text.gui_clear_inky
                0x080058f8      0x118 ./pacman_lib/gui.o
                0x080058f8                gui_clear_inky
 .text.gui_draw_clyde
                0x08005a10       0x94 ./pacman_lib/gui.o
                0x08005a10                gui_draw_clyde
 .text.gui_clear_clyde
                0x08005aa4      0x118 ./pacman_lib/gui.o
                0x08005aa4                gui_clear_clyde
 .text.gui_draw_gui
                0x08005bbc      0x270 ./pacman_lib/gui.o
                0x08005bbc                gui_draw_gui
 .text.gui_draw_buttons
                0x08005e2c      0x12c ./pacman_lib/gui.o
                0x08005e2c                gui_draw_buttons
 .text.gui_check_touch
                0x08005f58       0xd4 ./pacman_lib/gui.o
                0x08005f58                gui_check_touch
 .text.gui_check_button
                0x0800602c       0x74 ./pacman_lib/gui.o
                0x0800602c                gui_check_button
 .text.gui_check_joystick
                0x080060a0       0x38 ./pacman_lib/gui.o
                0x080060a0                gui_check_joystick
 .text.gui_map_key_to_joy
                0x080060d8      0x15c ./pacman_lib/gui.o
 .text.gui_check_keyboard
                0x08006234       0x84 ./pacman_lib/gui.o
                0x08006234                gui_check_keyboard
 .text.gui_draw_char_scale
                0x080062b8      0x122 ./pacman_lib/gui.o
                0x080062b8                gui_draw_char_scale
 .text.gui_draw_string_scale
                0x080063da       0x62 ./pacman_lib/gui.o
                0x080063da                gui_draw_string_scale
 .text.gui_wait_touch_pressed
                0x0800643c       0x38 ./pacman_lib/gui.o
 .text.gui_wait_touch_release
                0x08006474       0x2e ./pacman_lib/gui.o
 .text.gui_wait_interaction
                0x080064a2       0x4a ./pacman_lib/gui.o
                0x080064a2                gui_wait_interaction
 .text.gui_pause_touch_in_rect
                0x080064ec       0x56 ./pacman_lib/gui.o
 *fill*         0x08006542        0x2 
 .text.gui_draw_pause_overlay
                0x08006544      0x118 ./pacman_lib/gui.o
 .text.gui_run_pause_menu
                0x0800665c       0xf0 ./pacman_lib/gui.o
                0x0800665c                gui_run_pause_menu
 .text.gui_show_win_screen
                0x0800674c      0x180 ./pacman_lib/gui.o
                0x0800674c                gui_show_win_screen
 .text.gui_show_lost_screen
                0x080068cc      0x1a0 ./pacman_lib/gui.o
                0x080068cc                gui_show_lost_screen
 .text.inky_init
                0x08006a6c       0xb4 ./pacman_lib/inky.o
                0x08006a6c                inky_init
 .text.inky_move
                0x08006b20      0x2f0 ./pacman_lib/inky.o
                0x08006b20                inky_move
 .text.inky_change_skin
                0x08006e10       0xe8 ./pacman_lib/inky.o
                0x08006e10                inky_change_skin
 .text.inky_check_event
                0x08006ef8       0x70 ./pacman_lib/inky.o
                0x08006ef8                inky_check_event
 .text.inky_calc_next_move
                0x08006f68      0x3bc ./pacman_lib/inky.o
                0x08006f68                inky_calc_next_move
 .text.maze_build_map
                0x08007324       0x8c ./pacman_lib/maze.o
                0x08007324                maze_build_map
 .text.maze_make_rooms_classic
                0x080073b0      0x3c8 ./pacman_lib/maze.o
                0x080073b0                maze_make_rooms_classic
 .text.maze_make_rooms_open
                0x08007778      0x284 ./pacman_lib/maze.o
                0x08007778                maze_make_rooms_open
 .text.maze_place_energy_dots
                0x080079fc       0x80 ./pacman_lib/maze.o
                0x080079fc                maze_place_energy_dots
 .text.maze_draw_preview_cell
                0x08007a7c       0xec ./pacman_lib/maze.o
 .text.maze_draw_preview
                0x08007b68       0xb4 ./pacman_lib/maze.o
                0x08007b68                maze_draw_preview
 .text.maze_set_skin
                0x08007c1c      0x268 ./pacman_lib/maze.o
                0x08007c1c                maze_set_skin
 .text.maze_count_dots
                0x08007e84       0x18 ./pacman_lib/maze.o
                0x08007e84                maze_count_dots
 .text.maze_make_rooms_map3
                0x08007e9c      0x2cc ./pacman_lib/maze.o
                0x08007e9c                maze_make_rooms_map3
 .text.maze_make_rooms_map4
                0x08008168      0x260 ./pacman_lib/maze.o
                0x08008168                maze_make_rooms_map4
 .text.maze_make_rooms_map5
                0x080083c8      0x284 ./pacman_lib/maze.o
                0x080083c8                maze_make_rooms_map5
 .text.maze_make_rooms_map6
                0x0800864c      0x26c ./pacman_lib/maze.o
                0x0800864c                maze_make_rooms_map6
 .text.maze_generate_searchandset
                0x080088b8      0x2b8 ./pacman_lib/maze_generate.o
                0x080088b8                maze_generate_searchandset
 .text.maze_generate_digpath_h
                0x08008b70      0x1c4 ./pacman_lib/maze_generate.o
                0x08008b70                maze_generate_digpath_h
 .text.maze_generate_digpath_v
                0x08008d34      0x1c4 ./pacman_lib/maze_generate.o
                0x08008d34                maze_generate_digpath_v
 .text.maze_generate_setportals
                0x08008ef8      0x344 ./pacman_lib/maze_generate.o
                0x08008ef8                maze_generate_setportals
 .text.maze_generate_setgate
                0x0800923c      0x374 ./pacman_lib/maze_generate.o
                0x0800923c                maze_generate_setgate
 .text.maze_generate_setwallskin_outside
                0x080095b0      0x11c ./pacman_lib/maze_generate.o
                0x080095b0                maze_generate_setwallskin_outside
 .text.maze_generate_setonewallskin_outside
                0x080096cc      0x164 ./pacman_lib/maze_generate.o
                0x080096cc                maze_generate_setonewallskin_outside
 .text.maze_generate_setwallskin_inside
                0x08009830       0x84 ./pacman_lib/maze_generate.o
                0x08009830                maze_generate_setwallskin_inside
 .text.maze_generate_setonewallskin_inside
                0x080098b4      0x390 ./pacman_lib/maze_generate.o
                0x080098b4                maze_generate_setonewallskin_inside
 .text.maze_generate_setskin_h
                0x08009c44       0x88 ./pacman_lib/maze_generate.o
                0x08009c44                maze_generate_setskin_h
 .text.maze_generate_setskin_v
                0x08009ccc       0x88 ./pacman_lib/maze_generate.o
                0x08009ccc                maze_generate_setskin_v
 .text.maze_generate_check
                0x08009d54      0x59c ./pacman_lib/maze_generate.o
                0x08009d54                maze_generate_check
 .text.maze_generate_sync_path_doors
                0x0800a2f0      0x308 ./pacman_lib/maze_generate.o
                0x0800a2f0                maze_generate_sync_path_doors
 .text.maze_generate_strip_orphan_wall_doors
                0x0800a5f8      0x278 ./pacman_lib/maze_generate.o
                0x0800a5f8                maze_generate_strip_orphan_wall_doors
 .text.maze_generate_count_dots
                0x0800a870       0x6c ./pacman_lib/maze_generate.o
                0x0800a870                maze_generate_count_dots
 .text.txtmap_setup_home_base
                0x0800a8dc      0x5f8 ./pacman_lib/maze_txtmap.o
 .text.txtmap_setup_portals
                0x0800aed4      0x148 ./pacman_lib/maze_txtmap.o
 .text.txtmap_setup_player_start
                0x0800b01c      0x190 ./pacman_lib/maze_txtmap.o
 .text.maze_make_rooms_txtmap
                0x0800b1ac      0x188 ./pacman_lib/maze_txtmap.o
                0x0800b1ac                maze_make_rooms_txtmap
 .text.menu_start
                0x0800b334       0x7c ./pacman_lib/menu.o
                0x0800b334                menu_start
 .text.menu_is_vs_ghost_2p
                0x0800b3b0       0x28 ./pacman_lib/menu.o
 .text.menu_ai_ghost_count
                0x0800b3d8       0x30 ./pacman_lib/menu.o
 .text.menu_wizard_max_lines
                0x0800b408       0x18 ./pacman_lib/menu.o
 .text.menu_custom_defaults
                0x0800b420       0x58 ./pacman_lib/menu.o
 .text.menu_touch_pressed
                0x0800b478       0x38 ./pacman_lib/menu.o
 .text.menu_touch_in_rect
                0x0800b4b0       0x56 ./pacman_lib/menu.o
 .text.menu_touch_wait_release
                0x0800b506       0x2e ./pacman_lib/menu.o
 .text.menu_cycle_value
                0x0800b534       0x42 ./pacman_lib/menu.o
 *fill*         0x0800b576        0x2 
 .text.menu_draw_main
                0x0800b578       0xac ./pacman_lib/menu.o
 .text.menu_run_main
                0x0800b624       0xbc ./pacman_lib/menu.o
 .text.menu_map_name
                0x0800b6e0       0x88 ./pacman_lib/menu.o
 .text.menu_speed_name
                0x0800b768       0x38 ./pacman_lib/menu.o
 .text.menu_draw_wizard
                0x0800b7a0      0x5d4 ./pacman_lib/menu.o
 .text.menu_handle_value_tap
                0x0800bd74      0x230 ./pacman_lib/menu.o
 .text.menu_run_custom_wizard
                0x0800bfa4      0x310 ./pacman_lib/menu.o
 .text.menu_draw_campaign_wizard
                0x0800c2b4      0x170 ./pacman_lib/menu.o
 .text.menu_handle_campaign_value_tap
                0x0800c424       0x70 ./pacman_lib/menu.o
 .text.menu_run_campaign_wizard
                0x0800c494      0x19c ./pacman_lib/menu.o
 .text.pacman_apply_campaign_difficulty
                0x0800c630       0xb0 ./pacman_lib/pacman.o
                0x0800c630                pacman_apply_campaign_difficulty
 .text.pacman_start
                0x0800c6e0      0x3a4 ./pacman_lib/pacman.o
                0x0800c6e0                pacman_start
 .text.pacman_hw_init
                0x0800ca84       0x42 ./pacman_lib/pacman.o
                0x0800ca84                pacman_hw_init
 *fill*         0x0800cac6        0x2 
 .text.pacman_init
                0x0800cac8       0x48 ./pacman_lib/pacman.o
                0x0800cac8                pacman_init
 .text.pacman_apply_custom_config
                0x0800cb10       0xfc ./pacman_lib/pacman.o
                0x0800cb10                pacman_apply_custom_config
 .text.pacman_play
                0x0800cc0c      0x414 ./pacman_lib/pacman.o
                0x0800cc0c                pacman_play
 .text.pacman_dec_mode_timer
                0x0800d020       0xc0 ./pacman_lib/pacman.o
                0x0800d020                pacman_dec_mode_timer
 .text.pinky_init
                0x0800d0e0       0xb4 ./pacman_lib/pinky.o
                0x0800d0e0                pinky_init
 .text.pinky_move
                0x0800d194      0x2f0 ./pacman_lib/pinky.o
                0x0800d194                pinky_move
 .text.pinky_change_skin
                0x0800d484       0xe8 ./pacman_lib/pinky.o
                0x0800d484                pinky_change_skin
 .text.pinky_check_event
                0x0800d56c       0x70 ./pacman_lib/pinky.o
                0x0800d56c                pinky_check_event
 .text.pinky_calc_next_move
                0x0800d5dc      0x3bc ./pacman_lib/pinky.o
                0x0800d5dc                pinky_calc_next_move
 .text.player_init
                0x0800d998       0x24 ./pacman_lib/player.o
                0x0800d998                player_init
 .text.player2_init
                0x0800d9bc       0x24 ./pacman_lib/player.o
                0x0800d9bc                player2_init
 .text.player_entity_init
                0x0800d9e0       0xdc ./pacman_lib/player.o
 .text.player_move
                0x0800dabc       0x18 ./pacman_lib/player.o
                0x0800dabc                player_move
 .text.player2_move
                0x0800dad4       0x18 ./pacman_lib/player.o
                0x0800dad4                player2_move
 .text.player_entity_move
                0x0800daec      0x524 ./pacman_lib/player.o
 .text.player_entity_change_skin
                0x0800e010      0x124 ./pacman_lib/player.o
 .text.player_entity_handle_ghost_hit
                0x0800e134       0x78 ./pacman_lib/player.o
 .text.player_entity_check_event
                0x0800e1ac      0x204 ./pacman_lib/player.o
 .text.player_change_direction
                0x0800e3b0       0x1c ./pacman_lib/player.o
                0x0800e3b0                player_change_direction
 .text.player2_change_direction
                0x0800e3cc       0x1c ./pacman_lib/player.o
                0x0800e3cc                player2_change_direction
 .text.player_entity_change_direction
                0x0800e3e8      0x2f4 ./pacman_lib/player.o
 .text.player_check_collisions
                0x0800e6dc       0x44 ./pacman_lib/player.o
                0x0800e6dc                player_check_collisions
 .text.player_check_entity_collision
                0x0800e720       0xe0 ./pacman_lib/player.o
 .text.random_init
                0x0800e800       0x16 ./pacman_lib/random.o
                0x0800e800                random_init
 .text.get_random_number32
                0x0800e816       0x4c ./pacman_lib/random.o
                0x0800e816                get_random_number32
 .text.get_randrange
                0x0800e862       0x52 ./pacman_lib/random.o
                0x0800e862                get_randrange
 .text.skin_init
                0x0800e8b4       0x18 ./pacman_lib/skin.o
                0x0800e8b4                skin_init
 .text.skin_init_maze
                0x0800e8cc      0x260 ./pacman_lib/skin.o
                0x0800e8cc                skin_init_maze
 .text.skin_init_player
                0x0800eb2c       0xac ./pacman_lib/skin.o
                0x0800eb2c                skin_init_player
 .text.skin_init_ghosts
                0x0800ebd8      0x2a4 ./pacman_lib/skin.o
                0x0800ebd8                skin_init_ghosts
 .text.skin_init_gui
                0x0800ee7c       0x58 ./pacman_lib/skin.o
                0x0800ee7c                skin_init_gui
 .text.UB_Button_Init
                0x0800eed4       0x90 ./ub_lib/stm32_ub_button.o
                0x0800eed4                UB_Button_Init
 .text.UB_Button_Read
                0x0800ef64       0x50 ./ub_lib/stm32_ub_button.o
                0x0800ef64                UB_Button_Read
 .text.UB_Button_OnClick
                0x0800efb4       0xd4 ./ub_lib/stm32_ub_button.o
                0x0800efb4                UB_Button_OnClick
 .text.P_Button_InitTIM
                0x0800f088       0x48 ./ub_lib/stm32_ub_button.o
                0x0800f088                P_Button_InitTIM
 .text.P_Button_InitNVIC
                0x0800f0d0       0x34 ./ub_lib/stm32_ub_button.o
                0x0800f0d0                P_Button_InitNVIC
 .text.TIM7_IRQHandler
                0x0800f104       0x90 ./ub_lib/stm32_ub_button.o
                0x0800f104                TIM7_IRQHandler
 .text.UB_Font_DrawChar
                0x0800f194      0x14c ./ub_lib/stm32_ub_font.o
                0x0800f194                UB_Font_DrawChar
 .text.UB_Font_DrawString
                0x0800f2e0       0x90 ./ub_lib/stm32_ub_font.o
                0x0800f2e0                UB_Font_DrawString
 .text.UB_Graphic2D_ClearSreenDMA
                0x0800f370       0x94 ./ub_lib/stm32_ub_graphic2d.o
                0x0800f370                UB_Graphic2D_ClearSreenDMA
 .text.UB_Graphic2D_DrawPixelNormal
                0x0800f404       0x42 ./ub_lib/stm32_ub_graphic2d.o
                0x0800f404                UB_Graphic2D_DrawPixelNormal
 *fill*         0x0800f446        0x2 
 .text.UB_Graphic2D_DrawStraightDMA
                0x0800f448      0x138 ./ub_lib/stm32_ub_graphic2d.o
                0x0800f448                UB_Graphic2D_DrawStraightDMA
 .text.UB_Graphic2D_DrawRectDMA
                0x0800f580      0x140 ./ub_lib/stm32_ub_graphic2d.o
                0x0800f580                UB_Graphic2D_DrawRectDMA
 .text.UB_Graphic2D_DrawFullRectDMA
                0x0800f6c0      0x12c ./ub_lib/stm32_ub_graphic2d.o
                0x0800f6c0                UB_Graphic2D_DrawFullRectDMA
 .text.UB_Graphic2D_DrawCircleNormal
                0x0800f7ec      0x1cc ./ub_lib/stm32_ub_graphic2d.o
                0x0800f7ec                UB_Graphic2D_DrawCircleNormal
 .text.UB_Graphic2D_DrawFullCircleDMA
                0x0800f9b8      0x1ec ./ub_lib/stm32_ub_graphic2d.o
                0x0800f9b8                UB_Graphic2D_DrawFullCircleDMA
 .text.UB_Graphic2D_DrawImageRect
                0x0800fba4       0xa8 ./ub_lib/stm32_ub_graphic2d.o
                0x0800fba4                UB_Graphic2D_DrawImageRect
 .text.UB_Graphic2D_DrawImageRectRecolor
                0x0800fc4c       0xbc ./ub_lib/stm32_ub_graphic2d.o
                0x0800fc4c                UB_Graphic2D_DrawImageRectRecolor
 .text.UB_Graphic2D_DrawImageRectRotate
                0x0800fd08      0x1a4 ./ub_lib/stm32_ub_graphic2d.o
                0x0800fd08                UB_Graphic2D_DrawImageRectRotate
 .text.UB_I2C3_Init
                0x0800feac       0xbc ./ub_lib/stm32_ub_i2c3.o
                0x0800feac                UB_I2C3_Init
 .text.UB_I2C3_ReadByte
                0x0800ff68      0x1f8 ./ub_lib/stm32_ub_i2c3.o
                0x0800ff68                UB_I2C3_ReadByte
 .text.UB_I2C3_WriteByte
                0x08010160      0x174 ./ub_lib/stm32_ub_i2c3.o
                0x08010160                UB_I2C3_WriteByte
 .text.UB_I2C3_Delay
                0x080102d4       0x22 ./ub_lib/stm32_ub_i2c3.o
                0x080102d4                UB_I2C3_Delay
 *fill*         0x080102f6        0x2 
 .text.P_I2C3_InitI2C
                0x080102f8       0x48 ./ub_lib/stm32_ub_i2c3.o
                0x080102f8                P_I2C3_InitI2C
 .text.P_I2C3_timeout
                0x08010340       0x40 ./ub_lib/stm32_ub_i2c3.o
                0x08010340                P_I2C3_timeout
 .text.UB_Joystick_Init
                0x08010380       0xfc ./ub_lib/stm32_ub_joystick.o
                0x08010380                UB_Joystick_Init
 .text.UB_Joystick_ReadDirection
                0x0801047c      0x16c ./ub_lib/stm32_ub_joystick.o
                0x0801047c                UB_Joystick_ReadDirection
 .text.joystick_adc_read
                0x080105e8       0x4c ./ub_lib/stm32_ub_joystick.o
 .text.joystick_adc_read_avg
                0x08010634       0x5e ./ub_lib/stm32_ub_joystick.o
 *fill*         0x08010692        0x2 
 .text.UB_LCD_Init
                0x08010694       0x78 ./ub_lib/stm32_ub_lcd_ili9341.o
                0x08010694                UB_LCD_Init
 .text.UB_LCD_LayerInit_Fullscreen
                0x0801070c       0xb4 ./ub_lib/stm32_ub_lcd_ili9341.o
                0x0801070c                UB_LCD_LayerInit_Fullscreen
 .text.UB_LCD_SetLayer_1
                0x080107c0       0x24 ./ub_lib/stm32_ub_lcd_ili9341.o
                0x080107c0                UB_LCD_SetLayer_1
 .text.UB_LCD_SetLayer_2
                0x080107e4       0x28 ./ub_lib/stm32_ub_lcd_ili9341.o
                0x080107e4                UB_LCD_SetLayer_2
 .text.UB_LCD_FillLayer
                0x0801080c       0x44 ./ub_lib/stm32_ub_lcd_ili9341.o
                0x0801080c                UB_LCD_FillLayer
 .text.UB_LCD_SetTransparency
                0x08010850       0x44 ./ub_lib/stm32_ub_lcd_ili9341.o
                0x08010850                UB_LCD_SetTransparency
 .text.UB_LCD_SetCursor2Draw
                0x08010894       0x5c ./ub_lib/stm32_ub_lcd_ili9341.o
                0x08010894                UB_LCD_SetCursor2Draw
 .text.UB_LCD_DrawPixel
                0x080108f0       0xd0 ./ub_lib/stm32_ub_lcd_ili9341.o
                0x080108f0                UB_LCD_DrawPixel
 .text.UB_LCD_Copy_Layer2_to_Layer1
                0x080109c0       0x4c ./ub_lib/stm32_ub_lcd_ili9341.o
                0x080109c0                UB_LCD_Copy_Layer2_to_Layer1
 .text.UB_LCD_Refresh
                0x08010a0c       0x2c ./ub_lib/stm32_ub_lcd_ili9341.o
                0x08010a0c                UB_LCD_Refresh
 .text.P_LCD9341_InitIO
                0x08010a38       0x6c ./ub_lib/stm32_ub_lcd_ili9341.o
                0x08010a38                P_LCD9341_InitIO
 .text.P_LCD9341_InitLTCD
                0x08010aa4       0x98 ./ub_lib/stm32_ub_lcd_ili9341.o
                0x08010aa4                P_LCD9341_InitLTCD
 .text.P_LCD9341_CS
                0x08010b3c       0x30 ./ub_lib/stm32_ub_lcd_ili9341.o
                0x08010b3c                P_LCD9341_CS
 .text.P_LCD9341_WRX
                0x08010b6c       0x34 ./ub_lib/stm32_ub_lcd_ili9341.o
                0x08010b6c                P_LCD9341_WRX
 .text.P_LCD9341_InitChip
                0x08010ba0      0x290 ./ub_lib/stm32_ub_lcd_ili9341.o
                0x08010ba0                P_LCD9341_InitChip
 .text.P_LCD9341_CMD
                0x08010e30       0x32 ./ub_lib/stm32_ub_lcd_ili9341.o
                0x08010e30                P_LCD9341_CMD
 .text.P_LCD9341_DATA
                0x08010e62       0x32 ./ub_lib/stm32_ub_lcd_ili9341.o
                0x08010e62                P_LCD9341_DATA
 .text.P_LCD9341_AFConfig
                0x08010e94      0x178 ./ub_lib/stm32_ub_lcd_ili9341.o
                0x08010e94                P_LCD9341_AFConfig
 .text.P_LCD9341_Delay
                0x0801100c       0x2c ./ub_lib/stm32_ub_lcd_ili9341.o
                0x0801100c                P_LCD9341_Delay
 .text.UB_SDRAM_Init
                0x08011038       0x84 ./ub_lib/stm32_ub_sdram.o
                0x08011038                UB_SDRAM_Init
 .text.UB_SDRAM_Write16b
                0x080110bc       0x24 ./ub_lib/stm32_ub_sdram.o
                0x080110bc                UB_SDRAM_Write16b
 .text.UB_SDRAM_Read16b
                0x080110e0       0x24 ./ub_lib/stm32_ub_sdram.o
                0x080110e0                UB_SDRAM_Read16b
 .text.P_SDRAM_InitIO
                0x08011104      0x218 ./ub_lib/stm32_ub_sdram.o
                0x08011104                P_SDRAM_InitIO
 .text.P_SDRAM_InitFMC
                0x0801131c       0x72 ./ub_lib/stm32_ub_sdram.o
                0x0801131c                P_SDRAM_InitFMC
 .text.P_SDRAM_InitSequence
                0x0801138e       0xf0 ./ub_lib/stm32_ub_sdram.o
                0x0801138e                P_SDRAM_InitSequence
 *fill*         0x0801147e        0x2 
 .text.P_SDRAM_delay
                0x08011480       0x38 ./ub_lib/stm32_ub_sdram.o
 .text.UB_SPI5_Init
                0x080114b8      0x1c0 ./ub_lib/stm32_ub_spi5.o
                0x080114b8                UB_SPI5_Init
 .text.UB_SPI5_SendByte
                0x08011678       0x54 ./ub_lib/stm32_ub_spi5.o
                0x08011678                UB_SPI5_SendByte
 .text.NVIC_SetPriority
                0x080116cc       0x54 ./ub_lib/stm32_ub_systick.o
 .text.SysTick_Config
                0x08011720       0x44 ./ub_lib/stm32_ub_systick.o
 .text.UB_Systick_Init
                0x08011764       0x84 ./ub_lib/stm32_ub_systick.o
                0x08011764                UB_Systick_Init
 .text.UB_Systick_Pause_ms
                0x080117e8       0x2c ./ub_lib/stm32_ub_systick.o
                0x080117e8                UB_Systick_Pause_ms
 .text.SysTick_Handler
                0x08011814      0x100 ./ub_lib/stm32_ub_systick.o
                0x08011814                SysTick_Handler
 .text.UB_Touch_Init
                0x08011914       0x3e ./ub_lib/stm32_ub_touch_stmpe811.o
                0x08011914                UB_Touch_Init
 *fill*         0x08011952        0x2 
 .text.UB_Touch_Read
                0x08011954      0x104 ./ub_lib/stm32_ub_touch_stmpe811.o
                0x08011954                UB_Touch_Read
 .text.P_Touch_Reset
                0x08011a58       0x28 ./ub_lib/stm32_ub_touch_stmpe811.o
                0x08011a58                P_Touch_Reset
 .text.P_Touch_FnctCmd
                0x08011a80       0x68 ./ub_lib/stm32_ub_touch_stmpe811.o
                0x08011a80                P_Touch_FnctCmd
 .text.P_Touch_Config
                0x08011ae8       0x9c ./ub_lib/stm32_ub_touch_stmpe811.o
                0x08011ae8                P_Touch_Config
 .text.P_Touch_ReadID
                0x08011b84       0x5a ./ub_lib/stm32_ub_touch_stmpe811.o
                0x08011b84                P_Touch_ReadID
 .text.P_Touch_IOAFConfig
                0x08011bde       0x68 ./ub_lib/stm32_ub_touch_stmpe811.o
                0x08011bde                P_Touch_IOAFConfig
 *fill*         0x08011c46        0x2 
 .text.P_Touch_Read_X
                0x08011c48       0x68 ./ub_lib/stm32_ub_touch_stmpe811.o
 .text.P_Touch_Read_Y
                0x08011cb0       0x54 ./ub_lib/stm32_ub_touch_stmpe811.o
 .text.P_Touch_Read_16b
                0x08011d04       0x60 ./ub_lib/stm32_ub_touch_stmpe811.o
                0x08011d04                P_Touch_Read_16b
 .text.UB_Uart_Init
                0x08011d64      0x2b4 ./ub_lib/stm32_ub_uart.o
                0x08011d64                UB_Uart_Init
 .text.P_UART_Receive
                0x08012018       0xf4 ./ub_lib/stm32_ub_uart.o
                0x08012018                P_UART_Receive
 .text.P_UART_RX_INT
                0x0801210c       0x58 ./ub_lib/stm32_ub_uart.o
                0x0801210c                P_UART_RX_INT
 .text.USART1_IRQHandler
                0x08012164       0x38 ./ub_lib/stm32_ub_uart.o
                0x08012164                USART1_IRQHandler
 .text.USART2_IRQHandler
                0x0801219c       0x38 ./ub_lib/stm32_ub_uart.o
                0x0801219c                USART2_IRQHandler
 .text.USART3_IRQHandler
                0x080121d4       0x38 ./ub_lib/stm32_ub_uart.o
                0x080121d4                USART3_IRQHandler
 .text.USART6_IRQHandler
                0x0801220c       0x38 ./ub_lib/stm32_ub_uart.o
                0x0801220c                USART6_IRQHandler
 .text.UB_USB_HID_HOST_Init
                0x08012244       0x90 ./ub_lib/stm32_ub_usb_hid_host.o
                0x08012244                UB_USB_HID_HOST_Init
 .text.UB_USB_HID_HOST_Do
                0x080122d4       0x74 ./ub_lib/stm32_ub_usb_hid_host.o
                0x080122d4                UB_USB_HID_HOST_Do
 .text.UB_USB_HID_HOST_GetKeyAnz
                0x08012348       0x44 ./ub_lib/stm32_ub_usb_hid_host.o
                0x08012348                UB_USB_HID_HOST_GetKeyAnz
 .text.USB_OTG_BSP_Init
                0x0801238c       0x78 ./ub_lib/usb_hid_host_lolevel/usb_bsp.o
                0x0801238c                USB_OTG_BSP_Init
 .text.USB_OTG_BSP_EnableInterrupt
                0x08012404       0x2a ./ub_lib/usb_hid_host_lolevel/usb_bsp.o
                0x08012404                USB_OTG_BSP_EnableInterrupt
 *fill*         0x0801242e        0x2 
 .text.USB_OTG_BSP_DriveVBUS
                0x08012430       0x30 ./ub_lib/usb_hid_host_lolevel/usb_bsp.o
                0x08012430                USB_OTG_BSP_DriveVBUS
 .text.USB_OTG_BSP_ConfigVBUS
                0x08012460       0x4c ./ub_lib/usb_hid_host_lolevel/usb_bsp.o
                0x08012460                USB_OTG_BSP_ConfigVBUS
 .text.USB_OTG_BSP_uDelay
                0x080124ac       0x48 ./ub_lib/usb_hid_host_lolevel/usb_bsp.o
                0x080124ac                USB_OTG_BSP_uDelay
 .text.USB_OTG_BSP_mDelay
                0x080124f4       0x20 ./ub_lib/usb_hid_host_lolevel/usb_bsp.o
                0x080124f4                USB_OTG_BSP_mDelay
 .text.OTG_HS_IRQHandler
                0x08012514       0x14 ./ub_lib/usb_hid_host_lolevel/usb_bsp.o
                0x08012514                OTG_HS_IRQHandler
 .text.USB_OTG_EnableCommonInt
                0x08012528       0x44 ./ub_lib/usb_hid_host_lolevel/usb_core.o
 .text.USB_OTG_CoreReset
                0x0801256c       0x90 ./ub_lib/usb_hid_host_lolevel/usb_core.o
 .text.USB_OTG_WritePacket
                0x080125fc       0x7e ./ub_lib/usb_hid_host_lolevel/usb_core.o
                0x080125fc                USB_OTG_WritePacket
 .text.USB_OTG_ReadPacket
                0x0801267a       0x5c ./ub_lib/usb_hid_host_lolevel/usb_core.o
                0x0801267a                USB_OTG_ReadPacket
 *fill*         0x080126d6        0x2 
 .text.USB_OTG_SelectCore
                0x080126d8      0x180 ./ub_lib/usb_hid_host_lolevel/usb_core.o
                0x080126d8                USB_OTG_SelectCore
 .text.USB_OTG_CoreInit
                0x08012858      0x142 ./ub_lib/usb_hid_host_lolevel/usb_core.o
                0x08012858                USB_OTG_CoreInit
 .text.USB_OTG_EnableGlobalInt
                0x0801299a       0x36 ./ub_lib/usb_hid_host_lolevel/usb_core.o
                0x0801299a                USB_OTG_EnableGlobalInt
 .text.USB_OTG_DisableGlobalInt
                0x080129d0       0x38 ./ub_lib/usb_hid_host_lolevel/usb_core.o
                0x080129d0                USB_OTG_DisableGlobalInt
 .text.USB_OTG_FlushTxFifo
                0x08012a08       0x70 ./ub_lib/usb_hid_host_lolevel/usb_core.o
                0x08012a08                USB_OTG_FlushTxFifo
 .text.USB_OTG_FlushRxFifo
                0x08012a78       0x60 ./ub_lib/usb_hid_host_lolevel/usb_core.o
                0x08012a78                USB_OTG_FlushRxFifo
 .text.USB_OTG_SetCurrentMode
                0x08012ad8       0x5e ./ub_lib/usb_hid_host_lolevel/usb_core.o
                0x08012ad8                USB_OTG_SetCurrentMode
 .text.USB_OTG_GetMode
                0x08012b36       0x1e ./ub_lib/usb_hid_host_lolevel/usb_core.o
                0x08012b36                USB_OTG_GetMode
 .text.USB_OTG_IsHostMode
                0x08012b54       0x22 ./ub_lib/usb_hid_host_lolevel/usb_core.o
                0x08012b54                USB_OTG_IsHostMode
 .text.USB_OTG_ReadCoreItr
                0x08012b76       0x2e ./ub_lib/usb_hid_host_lolevel/usb_core.o
                0x08012b76                USB_OTG_ReadCoreItr
 .text.USB_OTG_CoreInitHost
                0x08012ba4      0x100 ./ub_lib/usb_hid_host_lolevel/usb_core.o
                0x08012ba4                USB_OTG_CoreInitHost
 .text.USB_OTG_IsEvenFrame
                0x08012ca4       0x28 ./ub_lib/usb_hid_host_lolevel/usb_core.o
                0x08012ca4                USB_OTG_IsEvenFrame
 .text.USB_OTG_DriveVbus
                0x08012ccc       0x7a ./ub_lib/usb_hid_host_lolevel/usb_core.o
                0x08012ccc                USB_OTG_DriveVbus
 .text.USB_OTG_EnableHostInt
                0x08012d46       0x7a ./ub_lib/usb_hid_host_lolevel/usb_core.o
                0x08012d46                USB_OTG_EnableHostInt
 .text.USB_OTG_InitFSLSPClkSel
                0x08012dc0       0x38 ./ub_lib/usb_hid_host_lolevel/usb_core.o
                0x08012dc0                USB_OTG_InitFSLSPClkSel
 .text.USB_OTG_ReadHPRT0
                0x08012df8       0x40 ./ub_lib/usb_hid_host_lolevel/usb_core.o
                0x08012df8                USB_OTG_ReadHPRT0
 .text.USB_OTG_ReadHostAllChannels_intr
                0x08012e38       0x1a ./ub_lib/usb_hid_host_lolevel/usb_core.o
                0x08012e38                USB_OTG_ReadHostAllChannels_intr
 .text.USB_OTG_ResetPort
                0x08012e52       0x4c ./ub_lib/usb_hid_host_lolevel/usb_core.o
                0x08012e52                USB_OTG_ResetPort
 *fill*         0x08012e9e        0x2 
 .text.USB_OTG_HC_Init
                0x08012ea0      0x298 ./ub_lib/usb_hid_host_lolevel/usb_core.o
                0x08012ea0                USB_OTG_HC_Init
 .text.USB_OTG_HC_StartXfer
                0x08013138      0x2b8 ./ub_lib/usb_hid_host_lolevel/usb_core.o
                0x08013138                USB_OTG_HC_StartXfer
 .text.USB_OTG_HC_Halt
                0x080133f0       0xa0 ./ub_lib/usb_hid_host_lolevel/usb_core.o
                0x080133f0                USB_OTG_HC_Halt
 .text.USB_OTG_HC_DoPing
                0x08013490       0x74 ./ub_lib/usb_hid_host_lolevel/usb_core.o
                0x08013490                USB_OTG_HC_DoPing
 .text.HCD_Init
                0x08013504       0x8c ./ub_lib/usb_hid_host_lolevel/usb_hcd.o
                0x08013504                HCD_Init
 .text.HCD_GetCurrentSpeed
                0x08013590       0x26 ./ub_lib/usb_hid_host_lolevel/usb_hcd.o
                0x08013590                HCD_GetCurrentSpeed
 .text.HCD_ResetPort
                0x080135b6       0x18 ./ub_lib/usb_hid_host_lolevel/usb_hcd.o
                0x080135b6                HCD_ResetPort
 .text.HCD_IsDeviceConnected
                0x080135ce       0x1a ./ub_lib/usb_hid_host_lolevel/usb_hcd.o
                0x080135ce                HCD_IsDeviceConnected
 .text.HCD_GetCurrentFrame
                0x080135e8       0x1c ./ub_lib/usb_hid_host_lolevel/usb_hcd.o
                0x080135e8                HCD_GetCurrentFrame
 .text.HCD_GetURB_State
                0x08013604       0x24 ./ub_lib/usb_hid_host_lolevel/usb_hcd.o
                0x08013604                HCD_GetURB_State
 .text.HCD_SubmitRequest
                0x08013628       0x3c ./ub_lib/usb_hid_host_lolevel/usb_hcd.o
                0x08013628                HCD_SubmitRequest
 .text.USBH_OTG_ISR_Handler
                0x08013664      0x10a ./ub_lib/usb_hid_host_lolevel/usb_hcd_int.o
                0x08013664                USBH_OTG_ISR_Handler
 .text.USB_OTG_USBH_handle_hc_ISR
                0x0801376e       0x8c ./ub_lib/usb_hid_host_lolevel/usb_hcd_int.o
 *fill*         0x080137fa        0x2 
 .text.USB_OTG_USBH_handle_sof_ISR
                0x080137fc       0x34 ./ub_lib/usb_hid_host_lolevel/usb_hcd_int.o
 .text.USB_OTG_USBH_handle_Disconnect_ISR
                0x08013830       0x34 ./ub_lib/usb_hid_host_lolevel/usb_hcd_int.o
 .text.USB_OTG_USBH_handle_nptxfempty_ISR
                0x08013864      0x18a ./ub_lib/usb_hid_host_lolevel/usb_hcd_int.o
 .text.USB_OTG_USBH_handle_ptxfempty_ISR
                0x080139ee      0x188 ./ub_lib/usb_hid_host_lolevel/usb_hcd_int.o
 *fill*         0x08013b76        0x2 
 .text.USB_OTG_USBH_handle_port_ISR
                0x08013b78      0x164 ./ub_lib/usb_hid_host_lolevel/usb_hcd_int.o
 .text.USB_OTG_USBH_handle_hc_n_Out_ISR
                0x08013cdc      0x54e ./ub_lib/usb_hid_host_lolevel/usb_hcd_int.o
 .text.USB_OTG_USBH_handle_hc_n_In_ISR
                0x0801422a      0x5ae ./ub_lib/usb_hid_host_lolevel/usb_hcd_int.o
 .text.USB_OTG_USBH_handle_rx_qlvl_ISR
                0x080147d8      0x19a ./ub_lib/usb_hid_host_lolevel/usb_hcd_int.o
 .text.USB_OTG_USBH_handle_IncompletePeriodicXfer_ISR
                0x08014972       0x4e ./ub_lib/usb_hid_host_lolevel/usb_hcd_int.o
 .text.USBH_Connected
                0x080149c0       0x1e ./ub_lib/usb_hid_host_lolevel/usbh_core.o
                0x080149c0                USBH_Connected
 .text.USBH_Disconnected
                0x080149de       0x1e ./ub_lib/usb_hid_host_lolevel/usbh_core.o
                0x080149de                USBH_Disconnected
 .text.USBH_SOF
                0x080149fc       0x16 ./ub_lib/usb_hid_host_lolevel/usbh_core.o
                0x080149fc                USBH_SOF
 .text.USBH_Init
                0x08014a12       0x54 ./ub_lib/usb_hid_host_lolevel/usbh_core.o
                0x08014a12                USBH_Init
 .text.USBH_DeInit
                0x08014a66       0x60 ./ub_lib/usb_hid_host_lolevel/usbh_core.o
                0x08014a66                USBH_DeInit
 *fill*         0x08014ac6        0x2 
 .text.USBH_Process
                0x08014ac8      0x250 ./ub_lib/usb_hid_host_lolevel/usbh_core.o
                0x08014ac8                USBH_Process
 .text.USBH_ErrorHandle
                0x08014d18       0x48 ./ub_lib/usb_hid_host_lolevel/usbh_core.o
                0x08014d18                USBH_ErrorHandle
 .text.USBH_HandleEnum
                0x08014d60      0x2d8 ./ub_lib/usb_hid_host_lolevel/usbh_core.o
 .text.USBH_HandleControl
                0x08015038      0x344 ./ub_lib/usb_hid_host_lolevel/usbh_core.o
                0x08015038                USBH_HandleControl
 .text.USBH_Open_Channel
                0x0801537c       0xf8 ./ub_lib/usb_hid_host_lolevel/usbh_hcs.o
                0x0801537c                USBH_Open_Channel
 .text.USBH_Modify_Channel
                0x08015474       0x98 ./ub_lib/usb_hid_host_lolevel/usbh_hcs.o
                0x08015474                USBH_Modify_Channel
 .text.USBH_Alloc_Channel
                0x0801550c       0x4c ./ub_lib/usb_hid_host_lolevel/usbh_hcs.o
                0x0801550c                USBH_Alloc_Channel
 .text.USBH_Free_Channel
                0x08015558       0x44 ./ub_lib/usb_hid_host_lolevel/usbh_hcs.o
                0x08015558                USBH_Free_Channel
 .text.USBH_DeAllocate_AllChannel
                0x0801559c       0x38 ./ub_lib/usb_hid_host_lolevel/usbh_hcs.o
                0x0801559c                USBH_DeAllocate_AllChannel
 .text.USBH_GetFreeChannel
                0x080155d4       0x48 ./ub_lib/usb_hid_host_lolevel/usbh_hcs.o
 .text.USBH_HID_InterfaceInit
                0x0801561c      0x1a8 ./ub_lib/usb_hid_host_lolevel/usbh_hid_core.o
 .text.USBH_HID_InterfaceDeInit
                0x080157c4       0x7c ./ub_lib/usb_hid_host_lolevel/usbh_hid_core.o
 .text.USBH_HID_ClassRequest
                0x08015840       0xf4 ./ub_lib/usb_hid_host_lolevel/usbh_hid_core.o
 .text.USBH_HID_Handle
                0x08015934      0x144 ./ub_lib/usb_hid_host_lolevel/usbh_hid_core.o
 .text.USBH_Get_HID_ReportDescriptor
                0x08015a78       0x36 ./ub_lib/usb_hid_host_lolevel/usbh_hid_core.o
 .text.USBH_Get_HID_Descriptor
                0x08015aae       0x36 ./ub_lib/usb_hid_host_lolevel/usbh_hid_core.o
 .text.USBH_Set_Idle
                0x08015ae4       0x5a ./ub_lib/usb_hid_host_lolevel/usbh_hid_core.o
 .text.USBH_Set_Protocol
                0x08015b3e       0x50 ./ub_lib/usb_hid_host_lolevel/usbh_hid_core.o
 .text.USBH_ParseHIDDesc
                0x08015b8e       0x72 ./ub_lib/usb_hid_host_lolevel/usbh_hid_core.o
 .text.KEYBRD_Init
                0x08015c00        0xc ./ub_lib/usb_hid_host_lolevel/usbh_hid_keybd.o
 .text.KEYBRD_Decode
                0x08015c0c      0x21c ./ub_lib/usb_hid_host_lolevel/usbh_hid_keybd.o
 .text.MOUSE_Init
                0x08015e28        0xc ./ub_lib/usb_hid_host_lolevel/usbh_hid_mouse.o
 .text.MOUSE_Decode
                0x08015e34       0x34 ./ub_lib/usb_hid_host_lolevel/usbh_hid_mouse.o
 .text.USBH_CtlReq
                0x08015e68       0x84 ./ub_lib/usb_hid_host_lolevel/usbh_ioreq.o
                0x08015e68                USBH_CtlReq
 .text.USBH_CtlSendSetup
                0x08015eec       0x64 ./ub_lib/usb_hid_host_lolevel/usbh_ioreq.o
                0x08015eec                USBH_CtlSendSetup
 .text.USBH_CtlSendData
                0x08015f50       0xa4 ./ub_lib/usb_hid_host_lolevel/usbh_ioreq.o
                0x08015f50                USBH_CtlSendData
 .text.USBH_CtlReceiveData
                0x08015ff4       0x6a ./ub_lib/usb_hid_host_lolevel/usbh_ioreq.o
                0x08015ff4                USBH_CtlReceiveData
 .text.USBH_InterruptReceiveData
                0x0801605e       0xb2 ./ub_lib/usb_hid_host_lolevel/usbh_ioreq.o
                0x0801605e                USBH_InterruptReceiveData
 .text.USBH_SubmitSetupRequest
                0x08016110       0x3c ./ub_lib/usb_hid_host_lolevel/usbh_ioreq.o
 .text.USBH_Get_DevDesc
                0x0801614c       0x54 ./ub_lib/usb_hid_host_lolevel/usbh_stdreq.o
                0x0801614c                USBH_Get_DevDesc
 .text.USBH_Get_CfgDesc
                0x080161a0       0x88 ./ub_lib/usb_hid_host_lolevel/usbh_stdreq.o
                0x080161a0                USBH_Get_CfgDesc
 .text.USBH_Get_StringDesc
                0x08016228       0x58 ./ub_lib/usb_hid_host_lolevel/usbh_stdreq.o
                0x08016228                USBH_Get_StringDesc
 .text.USBH_GetDescriptor
                0x08016280       0x66 ./ub_lib/usb_hid_host_lolevel/usbh_stdreq.o
                0x08016280                USBH_GetDescriptor
 .text.USBH_SetAddress
                0x080162e6       0x44 ./ub_lib/usb_hid_host_lolevel/usbh_stdreq.o
                0x080162e6                USBH_SetAddress
 .text.USBH_SetCfg
                0x0801632a       0x42 ./ub_lib/usb_hid_host_lolevel/usbh_stdreq.o
                0x0801632a                USBH_SetCfg
 .text.USBH_ClrFeature
                0x0801636c       0x76 ./ub_lib/usb_hid_host_lolevel/usbh_stdreq.o
                0x0801636c                USBH_ClrFeature
 .text.USBH_ParseDevDesc
                0x080163e2       0xd8 ./ub_lib/usb_hid_host_lolevel/usbh_stdreq.o
 *fill*         0x080164ba        0x2 
 .text.USBH_ParseCfgDesc
                0x080164bc      0x1c0 ./ub_lib/usb_hid_host_lolevel/usbh_stdreq.o
 .text.USBH_ParseInterfaceDesc
                0x0801667c       0x5e ./ub_lib/usb_hid_host_lolevel/usbh_stdreq.o
 .text.USBH_ParseEPDesc
                0x080166da       0x58 ./ub_lib/usb_hid_host_lolevel/usbh_stdreq.o
 .text.USBH_ParseStringDesc
                0x08016732       0x66 ./ub_lib/usb_hid_host_lolevel/usbh_stdreq.o
 .text.USBH_GetNextDesc
                0x08016798       0x34 ./ub_lib/usb_hid_host_lolevel/usbh_stdreq.o
                0x08016798                USBH_GetNextDesc
 .text.USBH_USR_Init
                0x080167cc        0xe ./ub_lib/usb_hid_host_lolevel/usbh_usr.o
                0x080167cc                USBH_USR_Init
 *fill*         0x080167da        0x2 
 .text.USBH_USR_DeviceAttached
                0x080167dc       0x18 ./ub_lib/usb_hid_host_lolevel/usbh_usr.o
                0x080167dc                USBH_USR_DeviceAttached
 .text.USBH_USR_UnrecoveredError
                0x080167f4       0x18 ./ub_lib/usb_hid_host_lolevel/usbh_usr.o
                0x080167f4                USBH_USR_UnrecoveredError
 .text.USBH_USR_DeviceDisconnected
                0x0801680c       0x18 ./ub_lib/usb_hid_host_lolevel/usbh_usr.o
                0x0801680c                USBH_USR_DeviceDisconnected
 .text.USBH_USR_ResetDevice
                0x08016824        0xe ./ub_lib/usb_hid_host_lolevel/usbh_usr.o
                0x08016824                USBH_USR_ResetDevice
 *fill*         0x08016832        0x2 
 .text.USBH_USR_DeviceSpeedDetected
                0x08016834       0x38 ./ub_lib/usb_hid_host_lolevel/usbh_usr.o
                0x08016834                USBH_USR_DeviceSpeedDetected
 .text.USBH_USR_Device_DescAvailable
                0x0801686c       0x14 ./ub_lib/usb_hid_host_lolevel/usbh_usr.o
                0x0801686c                USBH_USR_Device_DescAvailable
 .text.USBH_USR_DeviceAddressAssigned
                0x08016880        0xe ./ub_lib/usb_hid_host_lolevel/usbh_usr.o
                0x08016880                USBH_USR_DeviceAddressAssigned
 .text.USBH_USR_Configuration_DescAvailable
                0x0801688e       0x18 ./ub_lib/usb_hid_host_lolevel/usbh_usr.o
                0x0801688e                USBH_USR_Configuration_DescAvailable
 .text.USBH_USR_Manufacturer_String
                0x080168a6       0x14 ./ub_lib/usb_hid_host_lolevel/usbh_usr.o
                0x080168a6                USBH_USR_Manufacturer_String
 .text.USBH_USR_Product_String
                0x080168ba       0x14 ./ub_lib/usb_hid_host_lolevel/usbh_usr.o
                0x080168ba                USBH_USR_Product_String
 .text.USBH_USR_SerialNum_String
                0x080168ce       0x14 ./ub_lib/usb_hid_host_lolevel/usbh_usr.o
                0x080168ce                USBH_USR_SerialNum_String
 *fill*         0x080168e2        0x2 
 .text.USBH_USR_EnumerationDone
                0x080168e4       0x18 ./ub_lib/usb_hid_host_lolevel/usbh_usr.o
                0x080168e4                USBH_USR_EnumerationDone
 .text.USBH_USR_DeviceNotSupported
                0x080168fc       0x18 ./ub_lib/usb_hid_host_lolevel/usbh_usr.o
                0x080168fc                USBH_USR_DeviceNotSupported
 .text.USBH_USR_UserInput
                0x08016914       0x30 ./ub_lib/usb_hid_host_lolevel/usbh_usr.o
                0x08016914                USBH_USR_UserInput
 .text.USBH_USR_OverCurrentDetected
                0x08016944       0x18 ./ub_lib/usb_hid_host_lolevel/usbh_usr.o
                0x08016944                USBH_USR_OverCurrentDetected
 .text.USBH_USR_DeInit
                0x0801695c       0x18 ./ub_lib/usb_hid_host_lolevel/usbh_usr.o
                0x0801695c                USBH_USR_DeInit
 .text.USR_MOUSE_Init
                0x08016974       0x58 ./ub_lib/usb_hid_host_lolevel/usbh_usr.o
                0x08016974                USR_MOUSE_Init
 .text.USR_MOUSE_ProcessData
                0x080169cc       0x9c ./ub_lib/usb_hid_host_lolevel/usbh_usr.o
                0x080169cc                USR_MOUSE_ProcessData
 .text.USR_KEYBRD_Init
                0x08016a68       0x3c ./ub_lib/usb_hid_host_lolevel/usbh_usr.o
                0x08016a68                USR_KEYBRD_Init
 .text.USR_UB_KEYBRD_ProcessData
                0x08016aa4       0x4c ./ub_lib/usb_hid_host_lolevel/usbh_usr.o
                0x08016aa4                USR_UB_KEYBRD_ProcessData
 .text.HID_MOUSE_UpdatePosition
                0x08016af0       0xe0 ./ub_lib/usb_hid_host_lolevel/usbh_usr.o
                0x08016af0                HID_MOUSE_UpdatePosition
 .text.HID_MOUSE_ButtonPressed
                0x08016bd0       0x50 ./ub_lib/usb_hid_host_lolevel/usbh_usr.o
                0x08016bd0                HID_MOUSE_ButtonPressed
 .text.HID_MOUSE_ButtonReleased
                0x08016c20       0x50 ./ub_lib/usb_hid_host_lolevel/usbh_usr.o
                0x08016c20                HID_MOUSE_ButtonReleased
 .text.srand    0x08016c70       0x5c C:/ST/STM32CubeIDE_2.1.1/STM32CubeIDE/plugins/com.st.stm32cube.ide.mcu.externaltools.gnu-tools-for-stm32.14.3.rel1.win32_1.0.100.202602081740/tools/bin/../lib/gcc/arm-none-eabi/14.3.1/../../../../arm-none-eabi/lib/thumb/v7e-m+fp/hard\libc_nano.a(libc_a-rand.o)
                0x08016c70                srand
 .text.rand     0x08016ccc       0x7c C:/ST/STM32CubeIDE_2.1.1/STM32CubeIDE/plugins/com.st.stm32cube.ide.mcu.externaltools.gnu-tools-for-stm32.14.3.rel1.win32_1.0.100.202602081740/tools/bin/../lib/gcc/arm-none-eabi/14.3.1/../../../../arm-none-eabi/lib/thumb/v7e-m+fp/hard\libc_nano.a(libc_a-rand.o)
                0x08016ccc                rand
 .text.std      0x08016d48       0x6c C:/ST/STM32CubeIDE_2.1.1/STM32CubeIDE/plugins/com.st.stm32cube.ide.mcu.externaltools.gnu-tools-for-stm32.14.3.rel1.win32_1.0.100.202602081740/tools/bin/../lib/gcc/arm-none-eabi/14.3.1/../../../../arm-none-eabi/lib/thumb/v7e-m+fp/hard\libc_nano.a(libc_a-findfp.o)
 .text.stdio_exit_handler
                0x08016db4       0x18 C:/ST/STM32CubeIDE_2.1.1/STM32CubeIDE/plugins/com.st.stm32cube.ide.mcu.externaltools.gnu-tools-for-stm32.14.3.rel1.win32_1.0.100.202602081740/tools/bin/../lib/gcc/arm-none-eabi/14.3.1/../../../../arm-none-eabi/lib/thumb/v7e-m+fp/hard\libc_nano.a(libc_a-findfp.o)
 .text.cleanup_stdio
                0x08016dcc       0x40 C:/ST/STM32CubeIDE_2.1.1/STM32CubeIDE/plugins/com.st.stm32cube.ide.mcu.externaltools.gnu-tools-for-stm32.14.3.rel1.win32_1.0.100.202602081740/tools/bin/../lib/gcc/arm-none-eabi/14.3.1/../../../../arm-none-eabi/lib/thumb/v7e-m+fp/hard\libc_nano.a(libc_a-findfp.o)
 .text.global_stdio_init.part.0
                0x08016e0c       0x40 C:/ST/STM32CubeIDE_2.1.1/STM32CubeIDE/plugins/com.st.stm32cube.ide.mcu.externaltools.gnu-tools-for-stm32.14.3.rel1.win32_1.0.100.202602081740/tools/bin/../lib/gcc/arm-none-eabi/14.3.1/../../../../arm-none-eabi/lib/thumb/v7e-m+fp/hard\libc_nano.a(libc_a-findfp.o)
 .text.__sfp_lock_acquire
                0x08016e4c        0xc C:/ST/STM32CubeIDE_2.1.1/STM32CubeIDE/plugins/com.st.stm32cube.ide.mcu.externaltools.gnu-tools-for-stm32.14.3.rel1.win32_1.0.100.202602081740/tools/bin/../lib/gcc/arm-none-eabi/14.3.1/../../../../arm-none-eabi/lib/thumb/v7e-m+fp/hard\libc_nano.a(libc_a-findfp.o)
                0x08016e4c                __sfp_lock_acquire
 .text.__sfp_lock_release
                0x08016e58        0xc C:/ST/STM32CubeIDE_2.1.1/STM32CubeIDE/plugins/com.st.stm32cube.ide.mcu.externaltools.gnu-tools-for-stm32.14.3.rel1.win32_1.0.100.202602081740/tools/bin/../lib/gcc/arm-none-eabi/14.3.1/../../../../arm-none-eabi/lib/thumb/v7e-m+fp/hard\libc_nano.a(libc_a-findfp.o)
                0x08016e58                __sfp_lock_release
 .text.__sinit  0x08016e64       0x30 C:/ST/STM32CubeIDE_2.1.1/STM32CubeIDE/plugins/com.st.stm32cube.ide.mcu.externaltools.gnu-tools-for-stm32.14.3.rel1.win32_1.0.100.202602081740/tools/bin/../lib/gcc/arm-none-eabi/14.3.1/../../../../arm-none-eabi/lib/thumb/v7e-m+fp/hard\libc_nano.a(libc_a-findfp.o)
                0x08016e64                __sinit
 .text._fwalk_sglue
                0x08016e94       0x3c C:/ST/STM32CubeIDE_2.1.1/STM32CubeIDE/plugins/com.st.stm32cube.ide.mcu.externaltools.gnu-tools-for-stm32.14.3.rel1.win32_1.0.100.202602081740/tools/bin/../lib/gcc/arm-none-eabi/14.3.1/../../../../arm-none-eabi/lib/thumb/v7e-m+fp/hard\libc_nano.a(libc_a-fwalk.o)
                0x08016e94                _fwalk_sglue
 .text.sprintf  0x08016ed0       0x44 C:/ST/STM32CubeIDE_2.1.1/STM32CubeIDE/plugins/com.st.stm32cube.ide.mcu.externaltools.gnu-tools-for-stm32.14.3.rel1.win32_1.0.100.202602081740/tools/bin/../lib/gcc/arm-none-eabi/14.3.1/../../../../arm-none-eabi/lib/thumb/v7e-m+fp/hard\libc_nano.a(libc_a-sprintf.o)
                0x08016ed0                siprintf
                0x08016ed0                sprintf
 .text.__sread  0x08016f14       0x22 C:/ST/STM32CubeIDE_2.1.1/STM32CubeIDE/plugins/com.st.stm32cube.ide.mcu.externaltools.gnu-tools-for-stm32.14.3.rel1.win32_1.0.100.202602081740/tools/bin/../lib/gcc/arm-none-eabi/14.3.1/../../../../arm-none-eabi/lib/thumb/v7e-m+fp/hard\libc_nano.a(libc_a-stdio.o)
                0x08016f14                __sread
 .text.__swrite
                0x08016f36       0x38 C:/ST/STM32CubeIDE_2.1.1/STM32CubeIDE/plugins/com.st.stm32cube.ide.mcu.externaltools.gnu-tools-for-stm32.14.3.rel1.win32_1.0.100.202602081740/tools/bin/../lib/gcc/arm-none-eabi/14.3.1/../../../../arm-none-eabi/lib/thumb/v7e-m+fp/hard\libc_nano.a(libc_a-stdio.o)
                0x08016f36                __swrite
 .text.__sseek  0x08016f6e       0x26 C:/ST/STM32CubeIDE_2.1.1/STM32CubeIDE/plugins/com.st.stm32cube.ide.mcu.externaltools.gnu-tools-for-stm32.14.3.rel1.win32_1.0.100.202602081740/tools/bin/../lib/gcc/arm-none-eabi/14.3.1/../../../../arm-none-eabi/lib/thumb/v7e-m+fp/hard\libc_nano.a(libc_a-stdio.o)
                0x08016f6e                __sseek
 .text.__sclose
                0x08016f94        0x8 C:/ST/STM32CubeIDE_2.1.1/STM32CubeIDE/plugins/com.st.stm32cube.ide.mcu.externaltools.gnu-tools-for-stm32.14.3.rel1.win32_1.0.100.202602081740/tools/bin/../lib/gcc/arm-none-eabi/14.3.1/../../../../arm-none-eabi/lib/thumb/v7e-m+fp/hard\libc_nano.a(libc_a-stdio.o)
                0x08016f94                __sclose
 .text.memset   0x08016f9c       0x10 C:/ST/STM32CubeIDE_2.1.1/STM32CubeIDE/plugins/com.st.stm32cube.ide.mcu.externaltools.gnu-tools-for-stm32.14.3.rel1.win32_1.0.100.202602081740/tools/bin/../lib/gcc/arm-none-eabi/14.3.1/../../../../arm-none-eabi/lib/thumb/v7e-m+fp/hard\libc_nano.a(libc_a-memset.o)
                0x08016f9c                memset
 .text._close_r
                0x08016fac       0x20 C:/ST/STM32CubeIDE_2.1.1/STM32CubeIDE/plugins/com.st.stm32cube.ide.mcu.externaltools.gnu-tools-for-stm32.14.3.rel1.win32_1.0.100.202602081740/tools/bin/../lib/gcc/arm-none-eabi/14.3.1/../../../../arm-none-eabi/lib/thumb/v7e-m+fp/hard\libc_nano.a(libc_a-closer.o)
                0x08016fac                _close_r
 .text._lseek_r
                0x08016fcc       0x24 C:/ST/STM32CubeIDE_2.1.1/STM32CubeIDE/plugins/com.st.stm32cube.ide.mcu.externaltools.gnu-tools-for-stm32.14.3.rel1.win32_1.0.100.202602081740/tools/bin/../lib/gcc/arm-none-eabi/14.3.1/../../../../arm-none-eabi/lib/thumb/v7e-m+fp/hard\libc_nano.a(libc_a-lseekr.o)
                0x08016fcc                _lseek_r
 .text._read_r  0x08016ff0       0x24 C:/ST/STM32CubeIDE_2.1.1/STM32CubeIDE/plugins/com.st.stm32cube.ide.mcu.externaltools.gnu-tools-for-stm32.14.3.rel1.win32_1.0.100.202602081740/tools/bin/../lib/gcc/arm-none-eabi/14.3.1/../../../../arm-none-eabi/lib/thumb/v7e-m+fp/hard\libc_nano.a(libc_a-readr.o)
                0x08016ff0                _read_r
 .text._write_r
                0x08017014       0x24 C:/ST/STM32CubeIDE_2.1.1/STM32CubeIDE/plugins/com.st.stm32cube.ide.mcu.externaltools.gnu-tools-for-stm32.14.3.rel1.win32_1.0.100.202602081740/tools/bin/../lib/gcc/arm-none-eabi/14.3.1/../../../../arm-none-eabi/lib/thumb/v7e-m+fp/hard\libc_nano.a(libc_a-writer.o)
                0x08017014                _write_r
 .text.__errno  0x08017038        0xc C:/ST/STM32CubeIDE_2.1.1/STM32CubeIDE/plugins/com.st.stm32cube.ide.mcu.externaltools.gnu-tools-for-stm32.14.3.rel1.win32_1.0.100.202602081740/tools/bin/../lib/gcc/arm-none-eabi/14.3.1/../../../../arm-none-eabi/lib/thumb/v7e-m+fp/hard\libc_nano.a(libc_a-errno.o)
                0x08017038                __errno
 .text.__libc_init_array
                0x08017044       0x48 C:/ST/STM32CubeIDE_2.1.1/STM32CubeIDE/plugins/com.st.stm32cube.ide.mcu.externaltools.gnu-tools-for-stm32.14.3.rel1.win32_1.0.100.202602081740/tools/bin/../lib/gcc/arm-none-eabi/14.3.1/../../../../arm-none-eabi/lib/thumb/v7e-m+fp/hard\libc_nano.a(libc_a-init.o)
                0x08017044                __libc_init_array
 .text.__retarget_lock_init_recursive
                0x0801708c        0x2 C:/ST/STM32CubeIDE_2.1.1/STM32CubeIDE/plugins/com.st.stm32cube.ide.mcu.externaltools.gnu-tools-for-stm32.14.3.rel1.win32_1.0.100.202602081740/tools/bin/../lib/gcc/arm-none-eabi/14.3.1/../../../../arm-none-eabi/lib/thumb/v7e-m+fp/hard\libc_nano.a(libc_a-lock.o)
                0x0801708c                __retarget_lock_init_recursive
 .text.__retarget_lock_acquire_recursive
                0x0801708e        0x2 C:/ST/STM32CubeIDE_2.1.1/STM32CubeIDE/plugins/com.st.stm32cube.ide.mcu.externaltools.gnu-tools-for-stm32.14.3.rel1.win32_1.0.100.202602081740/tools/bin/../lib/gcc/arm-none-eabi/14.3.1/../../../../arm-none-eabi/lib/thumb/v7e-m+fp/hard\libc_nano.a(libc_a-lock.o)
                0x0801708e                __retarget_lock_acquire_recursive
 .text.__retarget_lock_release_recursive
                0x08017090        0x2 C:/ST/STM32CubeIDE_2.1.1/STM32CubeIDE/plugins/com.st.stm32cube.ide.mcu.externaltools.gnu-tools-for-stm32.14.3.rel1.win32_1.0.100.202602081740/tools/bin/../lib/gcc/arm-none-eabi/14.3.1/../../../../arm-none-eabi/lib/thumb/v7e-m+fp/hard\libc_nano.a(libc_a-lock.o)
                0x08017090                __retarget_lock_release_recursive
 *fill*         0x08017092        0x2 
 .text.__assert_func
                0x08017094       0x3c C:/ST/STM32CubeIDE_2.1.1/STM32CubeIDE/plugins/com.st.stm32cube.ide.mcu.externaltools.gnu-tools-for-stm32.14.3.rel1.win32_1.0.100.202602081740/tools/bin/../lib/gcc/arm-none-eabi/14.3.1/../../../../arm-none-eabi/lib/thumb/v7e-m+fp/hard\libc_nano.a(libc_a-assert.o)
                0x08017094                __assert_func
 .text._free_r  0x080170d0       0x94 C:/ST/STM32CubeIDE_2.1.1/STM32CubeIDE/plugins/com.st.stm32cube.ide.mcu.externaltools.gnu-tools-for-stm32.14.3.rel1.win32_1.0.100.202602081740/tools/bin/../lib/gcc/arm-none-eabi/14.3.1/../../../../arm-none-eabi/lib/thumb/v7e-m+fp/hard\libc_nano.a(libc_a-freer.o)
                0x080170d0                _free_r
 .text.malloc   0x08017164       0x10 C:/ST/STM32CubeIDE_2.1.1/STM32CubeIDE/plugins/com.st.stm32cube.ide.mcu.externaltools.gnu-tools-for-stm32.14.3.rel1.win32_1.0.100.202602081740/tools/bin/../lib/gcc/arm-none-eabi/14.3.1/../../../../arm-none-eabi/lib/thumb/v7e-m+fp/hard\libc_nano.a(libc_a-malloc.o)
                0x08017164                malloc
 .text.sbrk_aligned
                0x08017174       0x44 C:/ST/STM32CubeIDE_2.1.1/STM32CubeIDE/plugins/com.st.stm32cube.ide.mcu.externaltools.gnu-tools-for-stm32.14.3.rel1.win32_1.0.100.202602081740/tools/bin/../lib/gcc/arm-none-eabi/14.3.1/../../../../arm-none-eabi/lib/thumb/v7e-m+fp/hard\libc_nano.a(libc_a-mallocr.o)
 .text._malloc_r
                0x080171b8      0x100 C:/ST/STM32CubeIDE_2.1.1/STM32CubeIDE/plugins/com.st.stm32cube.ide.mcu.externaltools.gnu-tools-for-stm32.14.3.rel1.win32_1.0.100.202602081740/tools/bin/../lib/gcc/arm-none-eabi/14.3.1/../../../../arm-none-eabi/lib/thumb/v7e-m+fp/hard\libc_nano.a(libc_a-mallocr.o)
                0x080171b8                _malloc_r
 .text.__malloc_lock
                0x080172b8        0xc C:/ST/STM32CubeIDE_2.1.1/STM32CubeIDE/plugins/com.st.stm32cube.ide.mcu.externaltools.gnu-tools-for-stm32.14.3.rel1.win32_1.0.100.202602081740/tools/bin/../lib/gcc/arm-none-eabi/14.3.1/../../../../arm-none-eabi/lib/thumb/v7e-m+fp/hard\libc_nano.a(libc_a-mlock.o)
                0x080172b8                __malloc_lock
 .text.__malloc_unlock
                0x080172c4        0xc C:/ST/STM32CubeIDE_2.1.1/STM32CubeIDE/plugins/com.st.stm32cube.ide.mcu.externaltools.gnu-tools-for-stm32.14.3.rel1.win32_1.0.100.202602081740/tools/bin/../lib/gcc/arm-none-eabi/14.3.1/../../../../arm-none-eabi/lib/thumb/v7e-m+fp/hard\libc_nano.a(libc_a-mlock.o)
                0x080172c4                __malloc_unlock
 .text.__ssputs_r
                0x080172d0       0xc0 C:/ST/STM32CubeIDE_2.1.1/STM32CubeIDE/plugins/com.st.stm32cube.ide.mcu.externaltools.gnu-tools-for-stm32.14.3.rel1.win32_1.0.100.202602081740/tools/bin/../lib/gcc/arm-none-eabi/14.3.1/../../../../arm-none-eabi/lib/thumb/v7e-m+fp/hard\libc_nano.a(libc_a-nano-svfprintf.o)
                0x080172d0                __ssputs_r
 .text._svfprintf_r
                0x08017390      0x1f0 C:/ST/STM32CubeIDE_2.1.1/STM32CubeIDE/plugins/com.st.stm32cube.ide.mcu.externaltools.gnu-tools-for-stm32.14.3.rel1.win32_1.0.100.202602081740/tools/bin/../lib/gcc/arm-none-eabi/14.3.1/../../../../arm-none-eabi/lib/thumb/v7e-m+fp/hard\libc_nano.a(libc_a-nano-svfprintf.o)
                0x08017390                _svfiprintf_r
                0x08017390                _svfprintf_r
 .text._printf_common
                0x08017580       0xda C:/ST/STM32CubeIDE_2.1.1/STM32CubeIDE/plugins/com.st.stm32cube.ide.mcu.externaltools.gnu-tools-for-stm32.14.3.rel1.win32_1.0.100.202602081740/tools/bin/../lib/gcc/arm-none-eabi/14.3.1/../../../../arm-none-eabi/lib/thumb/v7e-m+fp/hard\libc_nano.a(libc_a-nano-vfprintf_i.o)
                0x08017580                _printf_common
 *fill*         0x0801765a        0x2 
 .text._printf_i
                0x0801765c      0x24c C:/ST/STM32CubeIDE_2.1.1/STM32CubeIDE/plugins/com.st.stm32cube.ide.mcu.externaltools.gnu-tools-for-stm32.14.3.rel1.win32_1.0.100.202602081740/tools/bin/../lib/gcc/arm-none-eabi/14.3.1/../../../../arm-none-eabi/lib/thumb/v7e-m+fp/hard\libc_nano.a(libc_a-nano-vfprintf_i.o)
                0x0801765c                _printf_i
 .text.__sflush_r
                0x080178a8      0x104 C:/ST/STM32CubeIDE_2.1.1/STM32CubeIDE/plugins/com.st.stm32cube.ide.mcu.externaltools.gnu-tools-for-stm32.14.3.rel1.win32_1.0.100.202602081740/tools/bin/../lib/gcc/arm-none-eabi/14.3.1/../../../../arm-none-eabi/lib/thumb/v7e-m+fp/hard\libc_nano.a(libc_a-fflush.o)
                0x080178a8                __sflush_r
 .text._fflush_r
                0x080179ac       0x50 C:/ST/STM32CubeIDE_2.1.1/STM32CubeIDE/plugins/com.st.stm32cube.ide.mcu.externaltools.gnu-tools-for-stm32.14.3.rel1.win32_1.0.100.202602081740/tools/bin/../lib/gcc/arm-none-eabi/14.3.1/../../../../arm-none-eabi/lib/thumb/v7e-m+fp/hard\libc_nano.a(libc_a-fflush.o)
                0x080179ac                _fflush_r
 .text.fprintf  0x080179fc       0x24 C:/ST/STM32CubeIDE_2.1.1/STM32CubeIDE/plugins/com.st.stm32cube.ide.mcu.externaltools.gnu-tools-for-stm32.14.3.rel1.win32_1.0.100.202602081740/tools/bin/../lib/gcc/arm-none-eabi/14.3.1/../../../../arm-none-eabi/lib/thumb/v7e-m+fp/hard\libc_nano.a(libc_a-fprintf.o)
                0x080179fc                fiprintf
                0x080179fc                fprintf
 .text.memmove  0x08017a20       0x32 C:/ST/STM32CubeIDE_2.1.1/STM32CubeIDE/plugins/com.st.stm32cube.ide.mcu.externaltools.gnu-tools-for-stm32.14.3.rel1.win32_1.0.100.202602081740/tools/bin/../lib/gcc/arm-none-eabi/14.3.1/../../../../arm-none-eabi/lib/thumb/v7e-m+fp/hard\libc_nano.a(libc_a-memmove.o)
                0x08017a20                memmove
 *fill*         0x08017a52        0x2 
 .text._sbrk_r  0x08017a54       0x20 C:/ST/STM32CubeIDE_2.1.1/STM32CubeIDE/plugins/com.st.stm32cube.ide.mcu.externaltools.gnu-tools-for-stm32.14.3.rel1.win32_1.0.100.202602081740/tools/bin/../lib/gcc/arm-none-eabi/14.3.1/../../../../arm-none-eabi/lib/thumb/v7e-m+fp/hard\libc_nano.a(libc_a-sbrkr.o)
                0x08017a54                _sbrk_r
 .text.memcpy   0x08017a74       0x1c C:/ST/STM32CubeIDE_2.1.1/STM32CubeIDE/plugins/com.st.stm32cube.ide.mcu.externaltools.gnu-tools-for-stm32.14.3.rel1.win32_1.0.100.202602081740/tools/bin/../lib/gcc/arm-none-eabi/14.3.1/../../../../arm-none-eabi/lib/thumb/v7e-m+fp/hard\libc_nano.a(libc_a-memcpy-stub.o)
                0x08017a74                memcpy