Archive member included to satisfy reference by file (symbol)

F:/stm32cubeide/STM32CubeIDE_1.19.0/STM32CubeIDE/plugins/com.st.stm32cube.ide.mcu.externaltools.gnu-tools-for-stm32.13.3.rel1.win32_1.0.0.202411081344/tools/bin/../lib/gcc/arm-none-eabi/13.3.1/../../../../arm-none-eabi/lib/thumb/v7e-m+fp/hard\libc_nano.a(libc_a-exit.o)
                              F:/stm32cubeide/STM32CubeIDE_1.19.0/STM32CubeIDE/plugins/com.st.stm32cube.ide.mcu.externaltools.gnu-tools-for-stm32.13.3.rel1.win32_1.0.0.202411081344/tools/bin/../lib/gcc/arm-none-eabi/13.3.1/../../../../arm-none-eabi/lib/thumb/v7e-m+fp/hard/crt0.o (exit)
F:/stm32cubeide/STM32CubeIDE_1.19.0/STM32CubeIDE/plugins/com.st.stm32cube.ide.mcu.externaltools.gnu-tools-for-stm32.13.3.rel1.win32_1.0.0.202411081344/tools/bin/../lib/gcc/arm-none-eabi/13.3.1/../../../../arm-none-eabi/lib/thumb/v7e-m+fp/hard\libc_nano.a(libc_a-rand.o)
                              ./pacman_lib/menu.o (srand)
F:/stm32cubeide/STM32CubeIDE_1.19.0/STM32CubeIDE/plugins/com.st.stm32cube.ide.mcu.externaltools.gnu-tools-for-stm32.13.3.rel1.win32_1.0.0.202411081344/tools/bin/../lib/gcc/arm-none-eabi/13.3.1/../../../../arm-none-eabi/lib/thumb/v7e-m+fp/hard\libc_nano.a(libc_a-findfp.o)
                              F:/stm32cubeide/STM32CubeIDE_1.19.0/STM32CubeIDE/plugins/com.st.stm32cube.ide.mcu.externaltools.gnu-tools-for-stm32.13.3.rel1.win32_1.0.0.202411081344/tools/bin/../lib/gcc/arm-none-eabi/13.3.1/../../../../arm-none-eabi/lib/thumb/v7e-m+fp/hard\libc_nano.a(libc_a-exit.o) (__stdio_exit_handler)
F:/stm32cubeide/STM32CubeIDE_1.19.0/STM32CubeIDE/plugins/com.st.stm32cube.ide.mcu.externaltools.gnu-tools-for-stm32.13.3.rel1.win32_1.0.0.202411081344/tools/bin/../lib/gcc/arm-none-eabi/13.3.1/../../../../arm-none-eabi/lib/thumb/v7e-m+fp/hard\libc_nano.a(libc_a-fwalk.o)
                              F:/stm32cubeide/STM32CubeIDE_1.19.0/STM32CubeIDE/plugins/com.st.stm32cube.ide.mcu.externaltools.gnu-tools-for-stm32.13.3.rel1.win32_1.0.0.202411081344/tools/bin/../lib/gcc/arm-none-eabi/13.3.1/../../../../arm-none-eabi/lib/thumb/v7e-m+fp/hard\libc_nano.a(libc_a-findfp.o) (_fwalk_sglue)
F:/stm32cubeide/STM32CubeIDE_1.19.0/STM32CubeIDE/plugins/com.st.stm32cube.ide.mcu.externaltools.gnu-tools-for-stm32.13.3.rel1.win32_1.0.0.202411081344/tools/bin/../lib/gcc/arm-none-eabi/13.3.1/../../../../arm-none-eabi/lib/thumb/v7e-m+fp/hard\libc_nano.a(libc_a-sprintf.o)
                              ./pacman_lib/gui.o (sprintf)
F:/stm32cubeide/STM32CubeIDE_1.19.0/STM32CubeIDE/plugins/com.st.stm32cube.ide.mcu.externaltools.gnu-tools-for-stm32.13.3.rel1.win32_1.0.0.202411081344/tools/bin/../lib/gcc/arm-none-eabi/13.3.1/../../../../arm-none-eabi/lib/thumb/v7e-m+fp/hard\libc_nano.a(libc_a-stdio.o)
                              F:/stm32cubeide/STM32CubeIDE_1.19.0/STM32CubeIDE/plugins/com.st.stm32cube.ide.mcu.externaltools.gnu-tools-for-stm32.13.3.rel1.win32_1.0.0.202411081344/tools/bin/../lib/gcc/arm-none-eabi/13.3.1/../../../../arm-none-eabi/lib/thumb/v7e-m+fp/hard\libc_nano.a(libc_a-findfp.o) (__sread)
F:/stm32cubeide/STM32CubeIDE_1.19.0/STM32CubeIDE/plugins/com.st.stm32cube.ide.mcu.externaltools.gnu-tools-for-stm32.13.3.rel1.win32_1.0.0.202411081344/tools/bin/../lib/gcc/arm-none-eabi/13.3.1/../../../../arm-none-eabi/lib/thumb/v7e-m+fp/hard\libc_nano.a(libc_a-memset.o)
                              F:/stm32cubeide/STM32CubeIDE_1.19.0/STM32CubeIDE/plugins/com.st.stm32cube.ide.mcu.externaltools.gnu-tools-for-stm32.13.3.rel1.win32_1.0.0.202411081344/tools/bin/../lib/gcc/arm-none-eabi/13.3.1/../../../../arm-none-eabi/lib/thumb/v7e-m+fp/hard/crt0.o (memset)
F:/stm32cubeide/STM32CubeIDE_1.19.0/STM32CubeIDE/plugins/com.st.stm32cube.ide.mcu.externaltools.gnu-tools-for-stm32.13.3.rel1.win32_1.0.0.202411081344/tools/bin/../lib/gcc/arm-none-eabi/13.3.1/../../../../arm-none-eabi/lib/thumb/v7e-m+fp/hard\libc_nano.a(libc_a-closer.o)
                              F:/stm32cubeide/STM32CubeIDE_1.19.0/STM32CubeIDE/plugins/com.st.stm32cube.ide.mcu.externaltools.gnu-tools-for-stm32.13.3.rel1.win32_1.0.0.202411081344/tools/bin/../lib/gcc/arm-none-eabi/13.3.1/../../../../arm-none-eabi/lib/thumb/v7e-m+fp/hard\libc_nano.a(libc_a-stdio.o) (_close_r)
F:/stm32cubeide/STM32CubeIDE_1.19.0/STM32CubeIDE/plugins/com.st.stm32cube.ide.mcu.externaltools.gnu-tools-for-stm32.13.3.rel1.win32_1.0.0.202411081344/tools/bin/../lib/gcc/arm-none-eabi/13.3.1/../../../../arm-none-eabi/lib/thumb/v7e-m+fp/hard\libc_nano.a(libc_a-reent.o)
                              F:/stm32cubeide/STM32CubeIDE_1.19.0/STM32CubeIDE/plugins/com.st.stm32cube.ide.mcu.externaltools.gnu-tools-for-stm32.13.3.rel1.win32_1.0.0.202411081344/tools/bin/../lib/gcc/arm-none-eabi/13.3.1/../../../../arm-none-eabi/lib/thumb/v7e-m+fp/hard\libc_nano.a(libc_a-closer.o) (errno)
[...]
Memory Configuration

Name             Origin             Length             Attributes
CCMRAM           0x10000000         0x00010000         xrw
RAM              0x20000000         0x00030000         xrw
FLASH            0x08000000         0x00200000         xr
*default*        0x00000000         0xffffffff

Linker script and memory map

LOAD F:/stm32cubeide/STM32CubeIDE_1.19.0/STM32CubeIDE/plugins/com.st.stm32cube.ide.mcu.externaltools.gnu-tools-for-stm32.13.3.rel1.win32_1.0.0.202411081344/tools/bin/../lib/gcc/arm-none-eabi/13.3.1/thumb/v7e-m+fp/hard/crti.o
LOAD F:/stm32cubeide/STM32CubeIDE_1.19.0/STM32CubeIDE/plugins/com.st.stm32cube.ide.mcu.externaltools.gnu-tools-for-stm32.13.3.rel1.win32_1.0.0.202411081344/tools/bin/../lib/gcc/arm-none-eabi/13.3.1/thumb/v7e-m+fp/hard/crtbegin.o
LOAD F:/stm32cubeide/STM32CubeIDE_1.19.0/STM32CubeIDE/plugins/com.st.stm32cube.ide.mcu.externaltools.gnu-tools-for-stm32.13.3.rel1.win32_1.0.0.202411081344/tools/bin/../lib/gcc/arm-none-eabi/13.3.1/../../../../arm-none-eabi/lib/thumb/v7e-m+fp/hard/crt0.o
LOAD ./Src/main.o
LOAD ./Src/syscalls.o
LOAD ./Src/sysmem.o
LOAD ./Startup/startup_stm32f429zitx.o
LOAD ./cmsis_boot/system_stm32f4xx.o
LOAD ./cmsis_lib/source/misc.o
LOAD ./cmsis_lib/source/stm32f4xx_dma2d.o
LOAD ./cmsis_lib/source/stm32f4xx_fmc.o
LOAD ./cmsis_lib/source/stm32f4xx_gpio.o
LOAD ./cmsis_lib/source/stm32f4xx_i2c.o
LOAD ./cmsis_lib/source/stm32f4xx_ltdc.o
LOAD ./cmsis_lib/source/stm32f4xx_rcc.o
LOAD ./cmsis_lib/source/stm32f4xx_rng.o
LOAD ./cmsis_lib/source/stm32f4xx_spi.o
LOAD ./cmsis_lib/source/stm32f4xx_tim.o
LOAD ./cmsis_lib/source/stm32f4xx_usart.o
LOAD ./pacman_lib/blinky.o
LOAD ./pacman_lib/bot.o
LOAD ./pacman_lib/clyde.o
LOAD ./pacman_lib/gui.o
LOAD ./pacman_lib/inky.o
LOAD ./pacman_lib/maze.o
LOAD ./pacman_lib/maze_data_sample1.o
LOAD ./pacman_lib/maze_generate.o
LOAD ./pacman_lib/maze_txtmap.o
LOAD ./pacman_lib/menu.o
LOAD ./pacman_lib/pacman.o
LOAD ./pacman_lib/pinky.o
LOAD ./pacman_lib/player.o
LOAD ./pacman_lib/random.o
LOAD ./pacman_lib/skin.o
LOAD ./ub_lib/bilder/Skin1.o
LOAD ./ub_lib/font/ub_font_arial_7x10.o
LOAD ./ub_lib/stm32_ub_button.o
LOAD ./ub_lib/stm32_ub_font.o
LOAD ./ub_lib/stm32_ub_graphic2d.o
LOAD ./ub_lib/stm32_ub_i2c3.o
LOAD ./ub_lib/stm32_ub_joystick.o
LOAD ./ub_lib/stm32_ub_lcd_ili9341.o
LOAD ./ub_lib/stm32_ub_sdram.o
LOAD ./ub_lib/stm32_ub_spi5.o
LOAD ./ub_lib/stm32_ub_systick.o
LOAD ./ub_lib/stm32_ub_touch_stmpe811.o
LOAD ./ub_lib/stm32_ub_uart.o
LOAD ./ub_lib/stm32_ub_usb_hid_host.o
LOAD ./ub_lib/usb_hid_host_lolevel/stm32_button_user.o
LOAD ./ub_lib/usb_hid_host_lolevel/usb_bsp.o
LOAD ./ub_lib/usb_hid_host_lolevel/usb_core.o
LOAD ./ub_lib/usb_hid_host_lolevel/usb_hcd.o
LOAD ./ub_lib/usb_hid_host_lolevel/usb_hcd_int.o
LOAD ./ub_lib/usb_hid_host_lolevel/usbh_core.o
LOAD ./ub_lib/usb_hid_host_lolevel/usbh_hcs.o
LOAD ./ub_lib/usb_hid_host_lolevel/usbh_hid_core.o
LOAD ./ub_lib/usb_hid_host_lolevel/usbh_hid_keybd.o
LOAD ./ub_lib/usb_hid_host_lolevel/usbh_hid_mouse.o
LOAD ./ub_lib/usb_hid_host_lolevel/usbh_ioreq.o
LOAD ./ub_lib/usb_hid_host_lolevel/usbh_stdreq.o
LOAD ./ub_lib/usb_hid_host_lolevel/usbh_usr.o
START GROUP
LOAD F:/stm32cubeide/STM32CubeIDE_1.19.0/STM32CubeIDE/plugins/com.st.stm32cube.ide.mcu.externaltools.gnu-tools-for-stm32.13.3.rel1.win32_1.0.0.202411081344/tools/bin/../lib/gcc/arm-none-eabi/13.3.1/../../../../arm-none-eabi/lib/thumb/v7e-m+fp/hard\libc_nano.a
LOAD F:/stm32cubeide/STM32CubeIDE_1.19.0/STM32CubeIDE/plugins/com.st.stm32cube.ide.mcu.externaltools.gnu-tools-for-stm32.13.3.rel1.win32_1.0.0.202411081344/tools/bin/../lib/gcc/arm-none-eabi/13.3.1/../../../../arm-none-eabi/lib/thumb/v7e-m+fp/hard\libm.a
END GROUP
START GROUP
LOAD F:/stm32cubeide/STM32CubeIDE_1.19.0/STM32CubeIDE/plugins/com.st.stm32cube.ide.mcu.externaltools.gnu-tools-for-stm32.13.3.rel1.win32_1.0.0.202411081344/tools/bin/../lib/gcc/arm-none-eabi/13.3.1/thumb/v7e-m+fp/hard\libgcc.a
LOAD F:/stm32cubeide/STM32CubeIDE_1.19.0/STM32CubeIDE/plugins/com.st.stm32cube.ide.mcu.externaltools.gnu-tools-for-stm32.13.3.rel1.win32_1.0.0.202411081344/tools/bin/../lib/gcc/arm-none-eabi/13.3.1/../../../../arm-none-eabi/lib/thumb/v7e-m+fp/hard\libc_nano.a
END GROUP
START GROUP
LOAD F:/stm32cubeide/STM32CubeIDE_1.19.0/STM32CubeIDE/plugins/com.st.stm32cube.ide.mcu.externaltools.gnu-tools-for-stm32.13.3.rel1.win32_1.0.0.202411081344/tools/bin/../lib/gcc/arm-none-eabi/13.3.1/thumb/v7e-m+fp/hard\libgcc.a
LOAD F:/stm32cubeide/STM32CubeIDE_1.19.0/STM32CubeIDE/plugins/com.st.stm32cube.ide.mcu.externaltools.gnu-tools-for-stm32.13.3.rel1.win32_1.0.0.202411081344/tools/bin/../lib/gcc/arm-none-eabi/13.3.1/../../../../arm-none-eabi/lib/thumb/v7e-m+fp/hard\libc_nano.a
LOAD F:/stm32cubeide/STM32CubeIDE_1.19.0/STM32CubeIDE/plugins/com.st.stm32cube.ide.mcu.externaltools.gnu-tools-for-stm32.13.3.rel1.win32_1.0.0.202411081344/tools/bin/../lib/gcc/arm-none-eabi/13.3.1/../../../../arm-none-eabi/lib/thumb/v7e-m+fp/hard\libnosys.a
END GROUP
START GROUP
LOAD F:/stm32cubeide/STM32CubeIDE_1.19.0/STM32CubeIDE/plugins/com.st.stm32cube.ide.mcu.externaltools.gnu-tools-for-stm32.13.3.rel1.win32_1.0.0.202411081344/tools/bin/../lib/gcc/arm-none-eabi/13.3.1/thumb/v7e-m+fp/hard\libgcc.a
LOAD F:/stm32cubeide/STM32CubeIDE_1.19.0/STM32CubeIDE/plugins/com.st.stm32cube.ide.mcu.externaltools.gnu-tools-for-stm32.13.3.rel1.win32_1.0.0.202411081344/tools/bin/../lib/gcc/arm-none-eabi/13.3.1/../../../../arm-none-eabi/lib/thumb/v7e-m+fp/hard\libc_nano.a
LOAD F:/stm32cubeide/STM32CubeIDE_1.19.0/STM32CubeIDE/plugins/com.st.stm32cube.ide.mcu.externaltools.gnu-tools-for-stm32.13.3.rel1.win32_1.0.0.202411081344/tools/bin/../lib/gcc/arm-none-eabi/13.3.1/../../../../arm-none-eabi/lib/thumb/v7e-m+fp/hard\libnosys.a
END GROUP
LOAD F:/stm32cubeide/STM32CubeIDE_1.19.0/STM32CubeIDE/plugins/com.st.stm32cube.ide.mcu.externaltools.gnu-tools-for-stm32.13.3.rel1.win32_1.0.0.202411081344/tools/bin/../lib/gcc/arm-none-eabi/13.3.1/thumb/v7e-m+fp/hard/crtend.o
LOAD F:/stm32cubeide/STM32CubeIDE_1.19.0/STM32CubeIDE/plugins/com.st.stm32cube.ide.mcu.externaltools.gnu-tools-for-stm32.13.3.rel1.win32_1.0.0.202411081344/tools/bin/../lib/gcc/arm-none-eabi/13.3.1/thumb/v7e-m+fp/hard/crtn.o
                0x20030000                        _estack = (ORIGIN (RAM) + LENGTH (RAM))
                0x00000200                        _Min_Heap_Size = 0x200
                0x00000400                        _Min_Stack_Size = 0x400

.isr_vector     0x08000000      0x1ac
                0x08000000                        . = ALIGN (0x4)
 *(.isr_vector)
 .isr_vector    0x08000000      0x1ac ./Startup/startup_stm32f429zitx.o
                0x08000000                g_pfnVectors
                0x080001ac                        . = ALIGN (0x4)

.text           0x080001b0    0x17b34
                0x080001b0                        . = ALIGN (0x4)
 *(.text)
 .text          0x080001b0       0x40 F:/stm32cubeide/STM32CubeIDE_1.19.0/STM32CubeIDE/plugins/com.st.stm32cube.ide.mcu.externaltools.gnu-tools-for-stm32.13.3.rel1.win32_1.0.0.202411081344/tools/bin/../lib/gcc/arm-none-eabi/13.3.1/thumb/v7e-m+fp/hard/crtbegin.o
 .text          0x080001f0       0x10 F:/stm32cubeide/STM32CubeIDE_1.19.0/STM32CubeIDE/plugins/com.st.stm32cube.ide.mcu.externaltools.gnu-tools-for-stm32.13.3.rel1.win32_1.0.0.202411081344/tools/bin/../lib/gcc/arm-none-eabi/13.3.1/../../../../arm-none-eabi/lib/thumb/v7e-m+fp/hard\libc_nano.a(libc_a-strlen.o)
                0x080001f0                strlen
 .text          0x08000200       0xa0 F:/stm32cubeide/STM32CubeIDE_1.19.0/STM32CubeIDE/plugins/com.st.stm32cube.ide.mcu.externaltools.gnu-tools-for-stm32.13.3.rel1.win32_1.0.0.202411081344/tools/bin/../lib/gcc/arm-none-eabi/13.3.1/../../../../arm-none-eabi/lib/thumb/v7e-m+fp/hard\libc_nano.a(libc_a-memchr.o)
                0x08000200                memchr
 *(.text*)
 .text.main     0x080002a0       0x10 ./Src/main.o
                0x080002a0                main
 .text._getpid  0x080002b0       0x10 ./Src/syscalls.o
                0x080002b0                _getpid
 .text._kill    0x080002c0       0x20 ./Src/syscalls.o
                0x080002c0                _kill
 .text._exit    0x080002e0       0x16 ./Src/syscalls.o
                0x080002e0                _exit
 .text._read    0x080002f6       0x3a ./Src/syscalls.o
                0x080002f6                _read
 .text._write   0x08000330       0x38 ./Src/syscalls.o
                0x08000330                _write
 .text._close   0x08000368       0x18 ./Src/syscalls.o
                0x08000368                _close
 .text._fstat   0x08000380       0x20 ./Src/syscalls.o
                0x08000380                _fstat
 .text._isatty  0x080003a0       0x16 ./Src/syscalls.o
                0x080003a0                _isatty
 .text._lseek   0x080003b6       0x1a ./Src/syscalls.o
                0x080003b6                _lseek
 .text._sbrk    0x080003d0       0x6c ./Src/sysmem.o
                0x080003d0                _sbrk
 .text.Reset_Handler
                0x0800043c       0x50 ./Startup/startup_stm32f429zitx.o
                0x0800043c                Reset_Handler
 .text.Default_Handler
                0x0800048c        0x2 ./Startup/startup_stm32f429zitx.o
                0x0800048c                RTC_Alarm_IRQHandler
                0x0800048c                HASH_RNG_IRQHandler
                0x0800048c                EXTI2_IRQHandler
                0x0800048c                TIM8_CC_IRQHandler
                0x0800048c                DebugMon_Handler
                0x0800048c                UART8_IRQHandler
                0x0800048c                SPI4_IRQHandler
                0x0800048c                TIM1_CC_IRQHandler
                0x0800048c                DMA2_Stream5_IRQHandler
                0x0800048c                HardFault_Handler
                0x0800048c                DMA1_Stream5_IRQHandler
                0x0800048c                PVD_IRQHandler
                0x0800048c                SDIO_IRQHandler
                0x0800048c                TAMP_STAMP_IRQHandler
                0x0800048c                PendSV_Handler
                0x0800048c                NMI_Handler
                0x0800048c                CAN2_RX1_IRQHandler
                0x0800048c                EXTI3_IRQHandler
                0x0800048c                TIM8_TRG_COM_TIM14_IRQHandler
                0x0800048c                TIM1_UP_TIM10_IRQHandler
                0x0800048c                TIM8_UP_TIM13_IRQHandler
                0x0800048c                I2C3_ER_IRQHandler
                0x0800048c                LCD_TFT_IRQHandler
                0x0800048c                EXTI0_IRQHandler
                0x0800048c                I2C2_EV_IRQHandler
                0x0800048c                DMA1_Stream2_IRQHandler
                0x0800048c                CAN1_RX0_IRQHandler
                0x0800048c                FPU_IRQHandler
                0x0800048c                OTG_HS_WKUP_IRQHandler
                0x0800048c                UsageFault_Handler
                0x0800048c                CAN2_SCE_IRQHandler
                0x0800048c                DMA2_Stream2_IRQHandler
                0x0800048c                SPI1_IRQHandler
                0x0800048c                TIM6_DAC_IRQHandler
                0x0800048c                TIM1_BRK_TIM9_IRQHandler
                0x0800048c                DCMI_IRQHandler
                0x0800048c                CAN2_RX0_IRQHandler
                0x0800048c                DMA2_Stream3_IRQHandler
                0x0800048c                CRYP_IRQHandler
                0x0800048c                CAN1_RX1_IRQHandler
                0x0800048c                UART5_IRQHandler
                0x0800048c                DMA2_Stream0_IRQHandler
                0x0800048c                TIM4_IRQHandler
                0x0800048c                I2C1_EV_IRQHandler
                0x0800048c                DMA1_Stream6_IRQHandler
                0x0800048c                DMA1_Stream1_IRQHandler
                0x0800048c                UART4_IRQHandler
                0x0800048c                LCD_TFT_1_IRQHandler
                0x0800048c                TIM3_IRQHandler
                0x0800048c                RCC_IRQHandler
                0x0800048c                TIM8_BRK_TIM12_IRQHandler
                0x0800048c                Default_Handler
                0x0800048c                EXTI15_10_IRQHandler
                0x0800048c                ADC_IRQHandler
                0x0800048c                DMA1_Stream7_IRQHandler
                0x0800048c                SPI5_IRQHandler
                0x0800048c                CAN2_TX_IRQHandler
                0x0800048c                TIM5_IRQHandler
                0x0800048c                DMA2_Stream7_IRQHandler
                0x0800048c                I2C3_EV_IRQHandler
                0x0800048c                EXTI9_5_IRQHandler
                0x0800048c                RTC_WKUP_IRQHandler
                0x0800048c                ETH_WKUP_IRQHandler
                0x0800048c                SPI2_IRQHandler
                0x0800048c                OTG_HS_EP1_IN_IRQHandler
                0x0800048c                MemManage_Handler
                0x0800048c                DMA1_Stream0_IRQHandler
                0x0800048c                CAN1_TX_IRQHandler
                0x0800048c                SVC_Handler
                0x0800048c                EXTI4_IRQHandler
                0x0800048c                ETH_IRQHandler
                0x0800048c                OTG_HS_EP1_OUT_IRQHandler
                0x0800048c                WWDG_IRQHandler
                0x0800048c                SPI6_IRQHandler
                0x0800048c                TIM2_IRQHandler
                0x0800048c                OTG_FS_WKUP_IRQHandler
                0x0800048c                TIM1_TRG_COM_TIM11_IRQHandler
                0x0800048c                DMA2D_IRQHandler
                0x0800048c                EXTI1_IRQHandler
                0x0800048c                UART7_IRQHandler
                0x0800048c                I2C2_ER_IRQHandler
                0x0800048c                DMA2_Stream1_IRQHandler
                0x0800048c                CAN1_SCE_IRQHandler
                0x0800048c                FLASH_IRQHandler
                0x0800048c                DMA2_Stream4_IRQHandler
                0x0800048c                BusFault_Handler
                0x0800048c                OTG_FS_IRQHandler
                0x0800048c                SPI3_IRQHandler
                0x0800048c                DMA1_Stream4_IRQHandler
                0x0800048c                I2C1_ER_IRQHandler
                0x0800048c                FMC_IRQHandler
                0x0800048c                DMA2_Stream6_IRQHandler
                0x0800048c                SAI1_IRQHandler
                0x0800048c                DMA1_Stream3_IRQHandler
 *fill*         0x0800048e        0x2 
 .text.SystemInit
                0x08000490       0x6c ./cmsis_boot/system_stm32f4xx.o
                0x08000490                SystemInit
 .text.SetSysClock
                0x080004fc      0x12c ./cmsis_boot/system_stm32f4xx.o
 .text.NVIC_Init
                0x08000628       0xc4 ./cmsis_lib/source/misc.o
                0x08000628                NVIC_Init
 .text.DMA2D_DeInit
                0x080006ec       0x1c ./cmsis_lib/source/stm32f4xx_dma2d.o
                0x080006ec                DMA2D_DeInit
 .text.DMA2D_Init
                0x08000708      0x160 ./cmsis_lib/source/stm32f4xx_dma2d.o
                0x08000708                DMA2D_Init
 .text.DMA2D_StartTransfer
                0x08000868       0x20 ./cmsis_lib/source/stm32f4xx_dma2d.o
                0x08000868                DMA2D_StartTransfer
 .text.DMA2D_GetFlagStatus
                0x08000888       0x34 ./cmsis_lib/source/stm32f4xx_dma2d.o
                0x08000888                DMA2D_GetFlagStatus
 .text.FMC_SDRAMInit
                0x080008bc      0x15c ./cmsis_lib/source/stm32f4xx_fmc.o
                0x080008bc                FMC_SDRAMInit
 .text.FMC_SDRAMCmdConfig
                0x08000a18       0x40 ./cmsis_lib/source/stm32f4xx_fmc.o
                0x08000a18                FMC_SDRAMCmdConfig
 .text.FMC_SetRefreshCount
                0x08000a58       0x28 ./cmsis_lib/source/stm32f4xx_fmc.o
                0x08000a58                FMC_SetRefreshCount
 .text.FMC_GetFlagStatus
                0x08000a80       0x7c ./cmsis_lib/source/stm32f4xx_fmc.o
                0x08000a80                FMC_GetFlagStatus
 .text.GPIO_Init
                0x08000afc      0x11e ./cmsis_lib/source/stm32f4xx_gpio.o
                0x08000afc                GPIO_Init
 .text.GPIO_ReadInputDataBit
                0x08000c1a       0x34 ./cmsis_lib/source/stm32f4xx_gpio.o
                0x08000c1a                GPIO_ReadInputDataBit
 .text.GPIO_SetBits
                0x08000c4e       0x1e ./cmsis_lib/source/stm32f4xx_gpio.o
                0x08000c4e                GPIO_SetBits
 .text.GPIO_ResetBits
                0x08000c6c       0x1e ./cmsis_lib/source/stm32f4xx_gpio.o
                0x08000c6c                GPIO_ResetBits
 .text.GPIO_PinAFConfig
                0x08000c8a       0x92 ./cmsis_lib/source/stm32f4xx_gpio.o
                0x08000c8a                GPIO_PinAFConfig
 .text.I2C_DeInit
                0x08000d1c       0x74 ./cmsis_lib/source/stm32f4xx_i2c.o
                0x08000d1c                I2C_DeInit
 .text.I2C_Init
                0x08000d90      0x184 ./cmsis_lib/source/stm32f4xx_i2c.o
                0x08000d90                I2C_Init
 .text.I2C_Cmd  0x08000f14       0x40 ./cmsis_lib/source/stm32f4xx_i2c.o
                0x08000f14                I2C_Cmd
 .text.I2C_GenerateSTART
                0x08000f54       0x40 ./cmsis_lib/source/stm32f4xx_i2c.o
                0x08000f54                I2C_GenerateSTART
 .text.I2C_GenerateSTOP
                0x08000f94       0x40 ./cmsis_lib/source/stm32f4xx_i2c.o
                0x08000f94                I2C_GenerateSTOP
 .text.I2C_Send7bitAddress
                0x08000fd4       0x3c ./cmsis_lib/source/stm32f4xx_i2c.o
                0x08000fd4                I2C_Send7bitAddress
 .text.I2C_AcknowledgeConfig
                0x08001010       0x40 ./cmsis_lib/source/stm32f4xx_i2c.o
                0x08001010                I2C_AcknowledgeConfig
 .text.I2C_SoftwareResetCmd
                0x08001050       0x44 ./cmsis_lib/source/stm32f4xx_i2c.o
                0x08001050                I2C_SoftwareResetCmd
 .text.I2C_SendData
                0x08001094       0x20 ./cmsis_lib/source/stm32f4xx_i2c.o
                0x08001094                I2C_SendData
 .text.I2C_ReceiveData
                0x080010b4       0x1c ./cmsis_lib/source/stm32f4xx_i2c.o
                0x080010b4                I2C_ReceiveData
 .text.I2C_GetFlagStatus
                0x080010d0       0x66 ./cmsis_lib/source/stm32f4xx_i2c.o
                0x080010d0                I2C_GetFlagStatus
 *fill*         0x08001136        0x2 
 .text.LTDC_Init
                0x08001138      0x130 ./cmsis_lib/source/stm32f4xx_ltdc.o
                0x08001138                LTDC_Init
 .text.LTDC_Cmd
                0x08001268       0x3c ./cmsis_lib/source/stm32f4xx_ltdc.o
                0x08001268                LTDC_Cmd
 .text.LTDC_DitherCmd
                0x080012a4       0x3c ./cmsis_lib/source/stm32f4xx_ltdc.o
                0x080012a4                LTDC_DitherCmd
 .text.LTDC_ReloadConfig
                0x080012e0       0x20 ./cmsis_lib/source/stm32f4xx_ltdc.o
                0x080012e0                LTDC_ReloadConfig
 .text.LTDC_LayerInit
                0x08001300      0x134 ./cmsis_lib/source/stm32f4xx_ltdc.o
                0x08001300                LTDC_LayerInit
 .text.LTDC_LayerCmd
                0x08001434       0x38 ./cmsis_lib/source/stm32f4xx_ltdc.o
                0x08001434                LTDC_LayerCmd
 .text.LTDC_LayerAlpha
                0x0800146c       0x1e ./cmsis_lib/source/stm32f4xx_ltdc.o
                0x0800146c                LTDC_LayerAlpha
 *fill*         0x0800148a        0x2 
 .text.RCC_PLLSAIConfig
                0x0800148c       0x34 ./cmsis_lib/source/stm32f4xx_rcc.o
                0x0800148c                RCC_PLLSAIConfig
 .text.RCC_PLLSAICmd
                0x080014c0       0x20 ./cmsis_lib/source/stm32f4xx_rcc.o
                0x080014c0                RCC_PLLSAICmd
 .text.RCC_GetClocksFreq
                0x080014e0      0x15c ./cmsis_lib/source/stm32f4xx_rcc.o
                0x080014e0                RCC_GetClocksFreq
 .text.RCC_LTDCCLKDivConfig
                0x0800163c       0x3c ./cmsis_lib/source/stm32f4xx_rcc.o
                0x0800163c                RCC_LTDCCLKDivConfig
 .text.RCC_AHB1PeriphClockCmd
                0x08001678       0x40 ./cmsis_lib/source/stm32f4xx_rcc.o
                0x08001678                RCC_AHB1PeriphClockCmd
 .text.RCC_AHB2PeriphClockCmd
                0x080016b8       0x40 ./cmsis_lib/source/stm32f4xx_rcc.o
                0x080016b8                RCC_AHB2PeriphClockCmd
 .text.RCC_AHB3PeriphClockCmd
                0x080016f8       0x40 ./cmsis_lib/source/stm32f4xx_rcc.o
                0x080016f8                RCC_AHB3PeriphClockCmd
 .text.RCC_APB1PeriphClockCmd
                0x08001738       0x40 ./cmsis_lib/source/stm32f4xx_rcc.o
                0x08001738                RCC_APB1PeriphClockCmd
 .text.RCC_APB2PeriphClockCmd
                0x08001778       0x40 ./cmsis_lib/source/stm32f4xx_rcc.o
                0x08001778                RCC_APB2PeriphClockCmd
 .text.RCC_AHB1PeriphResetCmd
                0x080017b8       0x40 ./cmsis_lib/source/stm32f4xx_rcc.o
                0x080017b8                RCC_AHB1PeriphResetCmd
 .text.RCC_APB1PeriphResetCmd
                0x080017f8       0x40 ./cmsis_lib/source/stm32f4xx_rcc.o
                0x080017f8                RCC_APB1PeriphResetCmd
 .text.RCC_APB2PeriphResetCmd
                0x08001838       0x40 ./cmsis_lib/source/stm32f4xx_rcc.o
                0x08001838                RCC_APB2PeriphResetCmd
 .text.RCC_GetFlagStatus
                0x08001878       0x74 ./cmsis_lib/source/stm32f4xx_rcc.o
                0x08001878                RCC_GetFlagStatus
 .text.RNG_Cmd  0x080018ec       0x3c ./cmsis_lib/source/stm32f4xx_rng.o
                0x080018ec                RNG_Cmd
 .text.RNG_GetRandomNumber
                0x08001928       0x18 ./cmsis_lib/source/stm32f4xx_rng.o
                0x08001928                RNG_GetRandomNumber
 .text.RNG_GetFlagStatus
                0x08001940       0x38 ./cmsis_lib/source/stm32f4xx_rng.o
                0x08001940                RNG_GetFlagStatus
 .text.RNG_ClearFlag
                0x08001978       0x24 ./cmsis_lib/source/stm32f4xx_rng.o
                0x08001978                RNG_ClearFlag
 .text.SPI_I2S_DeInit
                0x0800199c       0xdc ./cmsis_lib/source/stm32f4xx_spi.o
                0x0800199c                SPI_I2S_DeInit
 .text.SPI_Init
                0x08001a78       0x88 ./cmsis_lib/source/stm32f4xx_spi.o
                0x08001a78                SPI_Init
 .text.SPI_Cmd  0x08001b00       0x40 ./cmsis_lib/source/stm32f4xx_spi.o
                0x08001b00                SPI_Cmd
 .text.SPI_I2S_ReceiveData
                0x08001b40       0x1a ./cmsis_lib/source/stm32f4xx_spi.o
                0x08001b40                SPI_I2S_ReceiveData
 .text.SPI_I2S_SendData
                0x08001b5a       0x1e ./cmsis_lib/source/stm32f4xx_spi.o
                0x08001b5a                SPI_I2S_SendData
 .text.SPI_I2S_GetFlagStatus
                0x08001b78       0x38 ./cmsis_lib/source/stm32f4xx_spi.o
                0x08001b78                SPI_I2S_GetFlagStatus
 .text.TIM_TimeBaseInit
                0x08001bb0       0xd8 ./cmsis_lib/source/stm32f4xx_tim.o
                0x08001bb0                TIM_TimeBaseInit
 .text.TIM_ARRPreloadConfig
                0x08001c88       0x40 ./cmsis_lib/source/stm32f4xx_tim.o
                0x08001c88                TIM_ARRPreloadConfig
 .text.TIM_Cmd  0x08001cc8       0x40 ./cmsis_lib/source/stm32f4xx_tim.o
                0x08001cc8                TIM_Cmd
 .text.TIM_ITConfig
                0x08001d08       0x48 ./cmsis_lib/source/stm32f4xx_tim.o
                0x08001d08                TIM_ITConfig
 .text.TIM_ClearITPendingBit
                0x08001d50       0x22 ./cmsis_lib/source/stm32f4xx_tim.o
                0x08001d50                TIM_ClearITPendingBit
 *fill*         0x08001d72        0x2 
 .text.USART_Init
                0x08001d74      0x174 ./cmsis_lib/source/stm32f4xx_usart.o
                0x08001d74                USART_Init
 .text.USART_Cmd
                0x08001ee8       0x40 ./cmsis_lib/source/stm32f4xx_usart.o
                0x08001ee8                USART_Cmd
 .text.USART_OverSampling8Cmd
                0x08001f28       0x44 ./cmsis_lib/source/stm32f4xx_usart.o
                0x08001f28                USART_OverSampling8Cmd
 .text.USART_ReceiveData
                0x08001f6c       0x20 ./cmsis_lib/source/stm32f4xx_usart.o
                0x08001f6c                USART_ReceiveData
 .text.USART_ITConfig
                0x08001f8c       0x90 ./cmsis_lib/source/stm32f4xx_usart.o
                0x08001f8c                USART_ITConfig
 .text.USART_GetITStatus
                0x0800201c       0xb6 ./cmsis_lib/source/stm32f4xx_usart.o
                0x0800201c                USART_GetITStatus
 *fill*         0x080020d2        0x2 
 .text.blinky_init
                0x080020d4       0xa8 ./pacman_lib/blinky.o
                0x080020d4                blinky_init
 .text.blinky_move
                0x0800217c      0x314 ./pacman_lib/blinky.o
                0x0800217c                blinky_move
 .text.blinky_change_skin
                0x08002490       0xe8 ./pacman_lib/blinky.o
                0x08002490                blinky_change_skin
 .text.blinky_check_event
                0x08002578       0x60 ./pacman_lib/blinky.o
                0x08002578                blinky_check_event
 .text.blinky_calc_next_move
                0x080025d8      0x3e8 ./pacman_lib/blinky.o
                0x080025d8                blinky_calc_next_move
 .text.bot_is_2p_coop
                0x080029c0       0x38 ./pacman_lib/bot.o
                0x080029c0                bot_is_2p_coop
 .text.bot_is_2p_vs_ghost
                0x080029f8       0x30 ./pacman_lib/bot.o
                0x080029f8                bot_is_2p_vs_ghost
 .text.bot_is_player_controlled_ghost
                0x08002a28       0x26 ./pacman_lib/bot.o
                0x08002a28                bot_is_player_controlled_ghost
 *fill*         0x08002a4e        0x2 
 .text.bot_calc_move_player_ghost
                0x08002a50      0x1b8 ./pacman_lib/bot.o
                0x08002a50                bot_calc_move_player_ghost
 .text.bot_apply_player_ghost_input
                0x08002c08      0x3bc ./pacman_lib/bot.o
                0x08002c08                bot_apply_player_ghost_input
 .text.bot_get_nearest_player
                0x08002fc4       0x30 ./pacman_lib/bot.o
                0x08002fc4                bot_get_nearest_player
 .text.bot_get_nearest_player_ptr
                0x08002ff4       0x60 ./pacman_lib/bot.o
                0x08002ff4                bot_get_nearest_player_ptr
 .text.bot_kill_pacman
                0x08003054       0xf0 ./pacman_lib/bot.o
                0x08003054                bot_kill_pacman
 .text.bot_coop_is_game_over
                0x08003144       0x50 ./pacman_lib/bot.o
                0x08003144                bot_coop_is_game_over
 .text.bot_team_win_pacman
                0x08003194       0x30 ./pacman_lib/bot.o
                0x08003194                bot_team_win_pacman
 .text.bot_ghost_hit_pacman
                0x080031c4       0xec ./pacman_lib/bot.o
                0x080031c4                bot_ghost_hit_pacman
 .text.bot_ghost_get_body_color
                0x080032b0       0xb0 ./pacman_lib/bot.o
                0x080032b0                bot_ghost_get_body_color
 .text.bot_player_can_turn
                0x08003360      0x13c ./pacman_lib/bot.o
                0x08003360                bot_player_can_turn
 .text.bot_ghost_validate_position
                0x0800349c       0x3e ./pacman_lib/bot.o
                0x0800349c                bot_ghost_validate_position
 *fill*         0x080034da        0x2 
 .text.bot_is_walkable
                0x080034dc       0x90 ./pacman_lib/bot.o
                0x080034dc                bot_is_walkable
 .text.bot_calc_move_random
                0x0800356c      0x288 ./pacman_lib/bot.o
                0x0800356c                bot_calc_move_random
 .text.bot_calc_move_blinky
                0x080037f4       0x3e ./pacman_lib/bot.o
                0x080037f4                bot_calc_move_blinky
 .text.bot_calc_move_pinky
                0x08003832       0xf0 ./pacman_lib/bot.o
                0x08003832                bot_calc_move_pinky
 *fill*         0x08003922        0x2 
 .text.bot_calc_move_inky
                0x08003924      0x120 ./pacman_lib/bot.o
                0x08003924                bot_calc_move_inky
 .text.bot_calc_move_clyde
                0x08003a44       0x6c ./pacman_lib/bot.o
                0x08003a44                bot_calc_move_clyde
 .text.bot_calc_move_home
                0x08003ab0       0x66 ./pacman_lib/bot.o
                0x08003ab0                bot_calc_move_home
 .text.bot_calc_move_scatter
                0x08003b16       0x66 ./pacman_lib/bot.o
                0x08003b16                bot_calc_move_scatter
 .text.bot_calc_move
                0x08003b7c      0x358 ./pacman_lib/bot.o
                0x08003b7c                bot_calc_move
 .text.bot_calc_distance
                0x08003ed4       0x38 ./pacman_lib/bot.o
                0x08003ed4                bot_calc_distance
 .text.bot_calc_move_lazy
                0x08003f0c       0x52 ./pacman_lib/bot.o
                0x08003f0c                bot_calc_move_lazy
 .text.bot_calc_move_by_strategy
                0x08003f5e       0x8e ./pacman_lib/bot.o
                0x08003f5e                bot_calc_move_by_strategy
 .text.bot_strategy_name
                0x08003fec       0x70 ./pacman_lib/bot.o
                0x08003fec                bot_strategy_name
 .text.bot_find_spawn_pos
                0x0800405c      0x104 ./pacman_lib/bot.o
 .text.bot_apply_custom_ghosts
                0x08004160      0x354 ./pacman_lib/bot.o
                0x08004160                bot_apply_custom_ghosts
 .text.clyde_init
                0x080044b4       0xb4 ./pacman_lib/clyde.o
                0x080044b4                clyde_init
 .text.clyde_move
                0x08004568      0x2f4 ./pacman_lib/clyde.o
                0x08004568                clyde_move
 .text.clyde_change_skin
                0x0800485c       0xe8 ./pacman_lib/clyde.o
                0x0800485c                clyde_change_skin
 .text.clyde_check_event
                0x08004944       0x70 ./pacman_lib/clyde.o
                0x08004944                clyde_check_event
 .text.clyde_calc_next_move
                0x080049b4      0x3bc ./pacman_lib/clyde.o
                0x080049b4                clyde_calc_next_move
 .text.gui_clear_screen
                0x08004d70       0x18 ./pacman_lib/gui.o
                0x08004d70                gui_clear_screen
 .text.gui_clear_bots
                0x08004d88       0x5c ./pacman_lib/gui.o
                0x08004d88                gui_clear_bots
 .text.gui_draw_bots
                0x08004de4       0x5c ./pacman_lib/gui.o
                0x08004de4                gui_draw_bots
 .text.gui_draw_maze
                0x08004e40       0xa8 ./pacman_lib/gui.o
                0x08004e40                gui_draw_maze
 .text.gui_draw_errmaze
                0x08004ee8       0xd4 ./pacman_lib/gui.o
                0x08004ee8                gui_draw_errmaze
 .text.gui_draw_player
                0x08004fbc       0xac ./pacman_lib/gui.o
                0x08004fbc                gui_draw_player
 .text.gui_clear_player
                0x08005068      0x160 ./pacman_lib/gui.o
                0x08005068                gui_clear_player
 .text.gui_draw_player2
                0x080051c8       0xb4 ./pacman_lib/gui.o
                0x080051c8                gui_draw_player2
 .text.gui_clear_player2
                0x0800527c      0x160 ./pacman_lib/gui.o
                0x0800527c                gui_clear_player2
 .text.gui_draw_ghost_sprite
                0x080053dc       0x64 ./pacman_lib/gui.o
 .text.gui_draw_blinky
                0x08005440       0x94 ./pacman_lib/gui.o
                0x08005440                gui_draw_blinky
 .text.gui_clear_blinky
                0x080054d4      0x118 ./pacman_lib/gui.o
                0x080054d4                gui_clear_blinky
 .text.gui_draw_pinky
                0x080055ec       0x94 ./pacman_lib/gui.o
                0x080055ec                gui_draw_pinky
 .text.gui_clear_pinky
                0x08005680      0x118 ./pacman_lib/gui.o
                0x08005680                gui_clear_pinky
 .text.gui_draw_inky
                0x08005798       0x94 ./pacman_lib/gui.o
                0x08005798                gui_draw_inky
 .text.gui_clear_inky
                0x0800582c      0x118 ./pacman_lib/gui.o
                0x0800582c                gui_clear_inky
 .text.gui_draw_clyde
                0x08005944       0x94 ./pacman_lib/gui.o
                0x08005944                gui_draw_clyde
 .text.gui_clear_clyde
                0x080059d8      0x118 ./pacman_lib/gui.o
                0x080059d8                gui_clear_clyde
 .text.gui_draw_gui
                0x08005af0      0x270 ./pacman_lib/gui.o
                0x08005af0                gui_draw_gui
 .text.gui_draw_buttons
                0x08005d60      0x12c ./pacman_lib/gui.o
                0x08005d60                gui_draw_buttons
 .text.gui_check_touch
                0x08005e8c       0xd4 ./pacman_lib/gui.o
                0x08005e8c                gui_check_touch
 .text.gui_check_button
                0x08005f60       0x74 ./pacman_lib/gui.o
                0x08005f60                gui_check_button
 .text.gui_check_joystick
                0x08005fd4       0x38 ./pacman_lib/gui.o
                0x08005fd4                gui_check_joystick
 .text.gui_map_key_to_joy
                0x0800600c      0x15c ./pacman_lib/gui.o
 .text.gui_check_keyboard
                0x08006168       0x84 ./pacman_lib/gui.o
                0x08006168                gui_check_keyboard
 .text.gui_draw_char_scale
                0x080061ec      0x122 ./pacman_lib/gui.o
                0x080061ec                gui_draw_char_scale
 .text.gui_draw_string_scale
                0x0800630e       0x62 ./pacman_lib/gui.o
                0x0800630e                gui_draw_string_scale
 .text.gui_wait_touch_pressed
                0x08006370       0x38 ./pacman_lib/gui.o
 .text.gui_wait_touch_release
                0x080063a8       0x2e ./pacman_lib/gui.o
 .text.gui_wait_interaction
                0x080063d6       0x4a ./pacman_lib/gui.o
                0x080063d6                gui_wait_interaction
 .text.gui_show_win_screen
                0x08006420      0x180 ./pacman_lib/gui.o
                0x08006420                gui_show_win_screen
 .text.gui_show_lost_screen
                0x080065a0      0x1a0 ./pacman_lib/gui.o
                0x080065a0                gui_show_lost_screen
 .text.inky_init
                0x08006740       0xb4 ./pacman_lib/inky.o
                0x08006740                inky_init
 .text.inky_move
                0x080067f4      0x2f4 ./pacman_lib/inky.o
                0x080067f4                inky_move
 .text.inky_change_skin
                0x08006ae8       0xe8 ./pacman_lib/inky.o
                0x08006ae8                inky_change_skin
 .text.inky_check_event
                0x08006bd0       0x70 ./pacman_lib/inky.o
                0x08006bd0                inky_check_event
 .text.inky_calc_next_move
                0x08006c40      0x3bc ./pacman_lib/inky.o
                0x08006c40                inky_calc_next_move
 .text.maze_build_map
                0x08006ffc       0x8c ./pacman_lib/maze.o
                0x08006ffc                maze_build_map
 .text.maze_make_rooms_classic
                0x08007088      0x3c8 ./pacman_lib/maze.o
                0x08007088                maze_make_rooms_classic
 .text.maze_make_rooms_open
                0x08007450      0x284 ./pacman_lib/maze.o
                0x08007450                maze_make_rooms_open
 .text.maze_place_energy_dots
                0x080076d4       0x80 ./pacman_lib/maze.o
                0x080076d4                maze_place_energy_dots
 .text.maze_draw_preview
                0x08007754       0xe4 ./pacman_lib/maze.o
                0x08007754                maze_draw_preview
 .text.maze_set_skin
                0x08007838      0x268 ./pacman_lib/maze.o
                0x08007838                maze_set_skin
 .text.maze_count_dots
                0x08007aa0       0x18 ./pacman_lib/maze.o
                0x08007aa0                maze_count_dots
 .text.maze_make_rooms_map3
                0x08007ab8      0x2cc ./pacman_lib/maze.o
                0x08007ab8                maze_make_rooms_map3
 .text.maze_make_rooms_map4
                0x08007d84      0x260 ./pacman_lib/maze.o
                0x08007d84                maze_make_rooms_map4
 .text.maze_make_rooms_map5
                0x08007fe4      0x284 ./pacman_lib/maze.o
                0x08007fe4                maze_make_rooms_map5
 .text.maze_make_rooms_map6
                0x08008268      0x26c ./pacman_lib/maze.o
                0x08008268                maze_make_rooms_map6
 .text.maze_generate_searchandset
                0x080084d4      0x2b8 ./pacman_lib/maze_generate.o
                0x080084d4                maze_generate_searchandset
 .text.maze_generate_digpath_h
                0x0800878c      0x1c4 ./pacman_lib/maze_generate.o
                0x0800878c                maze_generate_digpath_h
 .text.maze_generate_digpath_v
                0x08008950      0x1c4 ./pacman_lib/maze_generate.o
                0x08008950                maze_generate_digpath_v
 .text.maze_generate_setportals
                0x08008b14      0x344 ./pacman_lib/maze_generate.o
                0x08008b14                maze_generate_setportals
 .text.maze_generate_setgate
                0x08008e58      0x374 ./pacman_lib/maze_generate.o
                0x08008e58                maze_generate_setgate
 .text.maze_generate_setwallskin_outside
                0x080091cc      0x11c ./pacman_lib/maze_generate.o
                0x080091cc                maze_generate_setwallskin_outside
 .text.maze_generate_setonewallskin_outside
                0x080092e8      0x164 ./pacman_lib/maze_generate.o
                0x080092e8                maze_generate_setonewallskin_outside
 .text.maze_generate_setwallskin_inside
                0x0800944c       0x84 ./pacman_lib/maze_generate.o
                0x0800944c                maze_generate_setwallskin_inside
 .text.maze_generate_setonewallskin_inside
                0x080094d0      0x390 ./pacman_lib/maze_generate.o
                0x080094d0                maze_generate_setonewallskin_inside
 .text.maze_generate_setskin_h
                0x08009860       0x88 ./pacman_lib/maze_generate.o
                0x08009860                maze_generate_setskin_h
 .text.maze_generate_setskin_v
                0x080098e8       0x88 ./pacman_lib/maze_generate.o
                0x080098e8                maze_generate_setskin_v
 .text.maze_generate_check
                0x08009970      0x59c ./pacman_lib/maze_generate.o
                0x08009970                maze_generate_check
 .text.maze_generate_sync_path_doors
                0x08009f0c      0x308 ./pacman_lib/maze_generate.o
                0x08009f0c                maze_generate_sync_path_doors
 .text.maze_generate_strip_orphan_wall_doors
                0x0800a214      0x278 ./pacman_lib/maze_generate.o
                0x0800a214                maze_generate_strip_orphan_wall_doors
 .text.maze_generate_count_dots
                0x0800a48c       0x6c ./pacman_lib/maze_generate.o
                0x0800a48c                maze_generate_count_dots
 .text.txtmap_setup_home_base
                0x0800a4f8      0x5f8 ./pacman_lib/maze_txtmap.o
 .text.txtmap_setup_portals
                0x0800aaf0      0x148 ./pacman_lib/maze_txtmap.o
 .text.txtmap_setup_player_start
                0x0800ac38      0x190 ./pacman_lib/maze_txtmap.o
 .text.maze_make_rooms_txtmap
                0x0800adc8      0x188 ./pacman_lib/maze_txtmap.o
                0x0800adc8                maze_make_rooms_txtmap
 .text.menu_start
                0x0800af50       0x78 ./pacman_lib/menu.o
                0x0800af50                menu_start
 .text.menu_is_vs_ghost_2p
                0x0800afc8       0x28 ./pacman_lib/menu.o
 .text.menu_ai_ghost_count
                0x0800aff0       0x30 ./pacman_lib/menu.o
 .text.menu_wizard_max_lines
                0x0800b020       0x18 ./pacman_lib/menu.o
 .text.menu_custom_defaults
                0x0800b038       0x58 ./pacman_lib/menu.o
 .text.menu_touch_pressed
                0x0800b090       0x38 ./pacman_lib/menu.o
 .text.menu_touch_in_rect
                0x0800b0c8       0x56 ./pacman_lib/menu.o
 .text.menu_touch_wait_release
                0x0800b11e       0x2e ./pacman_lib/menu.o
 .text.menu_cycle_value
                0x0800b14c       0x42 ./pacman_lib/menu.o
 *fill*         0x0800b18e        0x2 
 .text.menu_draw_main
                0x0800b190       0xac ./pacman_lib/menu.o
 .text.menu_run_main
                0x0800b23c      0x1d4 ./pacman_lib/menu.o
 .text.menu_map_name
                0x0800b410       0x88 ./pacman_lib/menu.o
 .text.menu_speed_name
                0x0800b498       0x38 ./pacman_lib/menu.o
 .text.menu_draw_wizard
                0x0800b4d0      0x5d4 ./pacman_lib/menu.o
 .text.menu_handle_value_tap
                0x0800baa4      0x230 ./pacman_lib/menu.o
 .text.menu_run_custom_wizard
                0x0800bcd4      0x310 ./pacman_lib/menu.o
 .text.menu_draw_campaign_wizard
                0x0800bfe4      0x170 ./pacman_lib/menu.o
 .text.menu_handle_campaign_value_tap
                0x0800c154       0x70 ./pacman_lib/menu.o
 .text.menu_run_campaign_wizard
                0x0800c1c4      0x19c ./pacman_lib/menu.o
 .text.pacman_apply_campaign_difficulty
                0x0800c360       0xb0 ./pacman_lib/pacman.o
                0x0800c360                pacman_apply_campaign_difficulty
 .text.pacman_start
                0x0800c410      0x354 ./pacman_lib/pacman.o
                0x0800c410                pacman_start
 .text.pacman_hw_init
                0x0800c764       0x42 ./pacman_lib/pacman.o
                0x0800c764                pacman_hw_init
 *fill*         0x0800c7a6        0x2 
 .text.pacman_init
                0x0800c7a8       0x48 ./pacman_lib/pacman.o
                0x0800c7a8                pacman_init
 .text.pacman_apply_custom_config
                0x0800c7f0       0xfc ./pacman_lib/pacman.o
                0x0800c7f0                pacman_apply_custom_config
 .text.pacman_play
                0x0800c8ec      0x38c ./pacman_lib/pacman.o
                0x0800c8ec                pacman_play
 .text.pacman_dec_mode_timer
                0x0800cc78       0xc0 ./pacman_lib/pacman.o
                0x0800cc78                pacman_dec_mode_timer
 .text.pinky_init
                0x0800cd38       0xb4 ./pacman_lib/pinky.o
                0x0800cd38                pinky_init
 .text.pinky_move
                0x0800cdec      0x2f4 ./pacman_lib/pinky.o
                0x0800cdec                pinky_move
 .text.pinky_change_skin
                0x0800d0e0       0xe8 ./pacman_lib/pinky.o
                0x0800d0e0                pinky_change_skin
 .text.pinky_check_event
                0x0800d1c8       0x70 ./pacman_lib/pinky.o
                0x0800d1c8                pinky_check_event
 .text.pinky_calc_next_move
                0x0800d238      0x3bc ./pacman_lib/pinky.o
                0x0800d238                pinky_calc_next_move
 .text.player_init
                0x0800d5f4       0x24 ./pacman_lib/player.o
                0x0800d5f4                player_init
 .text.player2_init
                0x0800d618       0x24 ./pacman_lib/player.o
                0x0800d618                player2_init
 .text.player_entity_init
                0x0800d63c       0xdc ./pacman_lib/player.o
 .text.player_move
                0x0800d718       0x18 ./pacman_lib/player.o
                0x0800d718                player_move
 .text.player2_move
                0x0800d730       0x18 ./pacman_lib/player.o
                0x0800d730                player2_move
 .text.player_entity_move
                0x0800d748      0x524 ./pacman_lib/player.o
 .text.player_entity_change_skin
                0x0800dc6c      0x124 ./pacman_lib/player.o
 .text.player_entity_handle_ghost_hit
                0x0800dd90       0x78 ./pacman_lib/player.o
 .text.player_entity_check_event
                0x0800de08      0x204 ./pacman_lib/player.o
 .text.player_change_direction
                0x0800e00c       0x1c ./pacman_lib/player.o
                0x0800e00c                player_change_direction
 .text.player2_change_direction
                0x0800e028       0x1c ./pacman_lib/player.o
                0x0800e028                player2_change_direction
 .text.player_entity_change_direction
                0x0800e044      0x2f4 ./pacman_lib/player.o
 .text.player_check_collisions
                0x0800e338       0x44 ./pacman_lib/player.o
                0x0800e338                player_check_collisions
 .text.player_check_entity_collision
                0x0800e37c       0xe0 ./pacman_lib/player.o
 .text.random_init
                0x0800e45c       0x16 ./pacman_lib/random.o
                0x0800e45c                random_init
 .text.get_random_number32
                0x0800e472       0x4c ./pacman_lib/random.o
                0x0800e472                get_random_number32
 .text.get_randrange
                0x0800e4be       0x52 ./pacman_lib/random.o
                0x0800e4be                get_randrange
 .text.skin_init
                0x0800e510       0x18 ./pacman_lib/skin.o
                0x0800e510                skin_init
 .text.skin_init_maze
                0x0800e528      0x260 ./pacman_lib/skin.o
                0x0800e528                skin_init_maze
 .text.skin_init_player
                0x0800e788       0xac ./pacman_lib/skin.o
                0x0800e788                skin_init_player
 .text.skin_init_ghosts
                0x0800e834      0x2a4 ./pacman_lib/skin.o
                0x0800e834                skin_init_ghosts
 .text.skin_init_gui
                0x0800ead8       0x58 ./pacman_lib/skin.o
                0x0800ead8                skin_init_gui
 .text.UB_Button_Init
                0x0800eb30       0x90 ./ub_lib/stm32_ub_button.o
                0x0800eb30                UB_Button_Init
 .text.UB_Button_Read
                0x0800ebc0       0x50 ./ub_lib/stm32_ub_button.o
                0x0800ebc0                UB_Button_Read
 .text.UB_Button_OnClick
                0x0800ec10       0xd4 ./ub_lib/stm32_ub_button.o
                0x0800ec10                UB_Button_OnClick
 .text.P_Button_InitTIM
                0x0800ece4       0x48 ./ub_lib/stm32_ub_button.o
                0x0800ece4                P_Button_InitTIM
 .text.P_Button_InitNVIC
                0x0800ed2c       0x34 ./ub_lib/stm32_ub_button.o
                0x0800ed2c                P_Button_InitNVIC
 .text.TIM7_IRQHandler
                0x0800ed60       0x90 ./ub_lib/stm32_ub_button.o
                0x0800ed60                TIM7_IRQHandler
 .text.UB_Font_DrawChar
                0x0800edf0      0x14c ./ub_lib/stm32_ub_font.o
                0x0800edf0                UB_Font_DrawChar
 .text.UB_Font_DrawString
                0x0800ef3c       0x90 ./ub_lib/stm32_ub_font.o
                0x0800ef3c                UB_Font_DrawString
 .text.UB_Graphic2D_ClearSreenDMA
                0x0800efcc       0x94 ./ub_lib/stm32_ub_graphic2d.o
                0x0800efcc                UB_Graphic2D_ClearSreenDMA
 .text.UB_Graphic2D_DrawPixelNormal
                0x0800f060       0x42 ./ub_lib/stm32_ub_graphic2d.o
                0x0800f060                UB_Graphic2D_DrawPixelNormal
 *fill*         0x0800f0a2        0x2 
 .text.UB_Graphic2D_DrawStraightDMA
                0x0800f0a4      0x138 ./ub_lib/stm32_ub_graphic2d.o
                0x0800f0a4                UB_Graphic2D_DrawStraightDMA
 .text.UB_Graphic2D_DrawRectDMA
                0x0800f1dc      0x140 ./ub_lib/stm32_ub_graphic2d.o
                0x0800f1dc                UB_Graphic2D_DrawRectDMA
 .text.UB_Graphic2D_DrawFullRectDMA
                0x0800f31c      0x12c ./ub_lib/stm32_ub_graphic2d.o
                0x0800f31c                UB_Graphic2D_DrawFullRectDMA
 .text.UB_Graphic2D_DrawCircleNormal
                0x0800f448      0x1cc ./ub_lib/stm32_ub_graphic2d.o
                0x0800f448                UB_Graphic2D_DrawCircleNormal
 .text.UB_Graphic2D_DrawFullCircleDMA
                0x0800f614      0x1ec ./ub_lib/stm32_ub_graphic2d.o
                0x0800f614                UB_Graphic2D_DrawFullCircleDMA
 .text.UB_Graphic2D_DrawImageRect
                0x0800f800       0xa8 ./ub_lib/stm32_ub_graphic2d.o
                0x0800f800                UB_Graphic2D_DrawImageRect
 .text.UB_Graphic2D_DrawImageRectRecolor
                0x0800f8a8       0xbc ./ub_lib/stm32_ub_graphic2d.o
                0x0800f8a8                UB_Graphic2D_DrawImageRectRecolor
 .text.UB_Graphic2D_DrawImageRectRotate
                0x0800f964      0x1a4 ./ub_lib/stm32_ub_graphic2d.o
                0x0800f964                UB_Graphic2D_DrawImageRectRotate
 .text.UB_I2C3_Init
                0x0800fb08       0xbc ./ub_lib/stm32_ub_i2c3.o
                0x0800fb08                UB_I2C3_Init
 .text.UB_I2C3_ReadByte
                0x0800fbc4      0x1f8 ./ub_lib/stm32_ub_i2c3.o
                0x0800fbc4                UB_I2C3_ReadByte
 .text.UB_I2C3_WriteByte
                0x0800fdbc      0x174 ./ub_lib/stm32_ub_i2c3.o
                0x0800fdbc                UB_I2C3_WriteByte
 .text.UB_I2C3_Delay
                0x0800ff30       0x22 ./ub_lib/stm32_ub_i2c3.o
                0x0800ff30                UB_I2C3_Delay
 *fill*         0x0800ff52        0x2 
 .text.P_I2C3_InitI2C
                0x0800ff54       0x48 ./ub_lib/stm32_ub_i2c3.o
                0x0800ff54                P_I2C3_InitI2C
 .text.P_I2C3_timeout
                0x0800ff9c       0x40 ./ub_lib/stm32_ub_i2c3.o
                0x0800ff9c                P_I2C3_timeout
 .text.UB_Joystick_Init
                0x0800ffdc       0xfc ./ub_lib/stm32_ub_joystick.o
                0x0800ffdc                UB_Joystick_Init
 .text.UB_Joystick_ReadDirection
                0x080100d8      0x16c ./ub_lib/stm32_ub_joystick.o
                0x080100d8                UB_Joystick_ReadDirection
 .text.joystick_adc_read
                0x08010244       0x4c ./ub_lib/stm32_ub_joystick.o
 .text.joystick_adc_read_avg
                0x08010290       0x5e ./ub_lib/stm32_ub_joystick.o
 *fill*         0x080102ee        0x2 
 .text.UB_Joystick_GetDebugValues
                0x080102f0       0x50 ./ub_lib/stm32_ub_joystick.o
                0x080102f0                UB_Joystick_GetDebugValues
 .text.UB_LCD_Init
                0x08010340       0x78 ./ub_lib/stm32_ub_lcd_ili9341.o
                0x08010340                UB_LCD_Init
 .text.UB_LCD_LayerInit_Fullscreen
                0x080103b8       0xb4 ./ub_lib/stm32_ub_lcd_ili9341.o
                0x080103b8                UB_LCD_LayerInit_Fullscreen
 .text.UB_LCD_SetLayer_1
                0x0801046c       0x24 ./ub_lib/stm32_ub_lcd_ili9341.o
                0x0801046c                UB_LCD_SetLayer_1
 .text.UB_LCD_SetLayer_2
                0x08010490       0x28 ./ub_lib/stm32_ub_lcd_ili9341.o
                0x08010490                UB_LCD_SetLayer_2
 .text.UB_LCD_FillLayer
                0x080104b8       0x44 ./ub_lib/stm32_ub_lcd_ili9341.o
                0x080104b8                UB_LCD_FillLayer
 .text.UB_LCD_SetTransparency
                0x080104fc       0x44 ./ub_lib/stm32_ub_lcd_ili9341.o
                0x080104fc                UB_LCD_SetTransparency
 .text.UB_LCD_SetCursor2Draw
                0x08010540       0x5c ./ub_lib/stm32_ub_lcd_ili9341.o
                0x08010540                UB_LCD_SetCursor2Draw
 .text.UB_LCD_DrawPixel
                0x0801059c       0xd0 ./ub_lib/stm32_ub_lcd_ili9341.o
                0x0801059c                UB_LCD_DrawPixel
 .text.UB_LCD_Copy_Layer2_to_Layer1
                0x0801066c       0x4c ./ub_lib/stm32_ub_lcd_ili9341.o
                0x0801066c                UB_LCD_Copy_Layer2_to_Layer1
 .text.UB_LCD_Refresh
                0x080106b8       0x2c ./ub_lib/stm32_ub_lcd_ili9341.o
                0x080106b8                UB_LCD_Refresh
 .text.P_LCD9341_InitIO
                0x080106e4       0x6c ./ub_lib/stm32_ub_lcd_ili9341.o
                0x080106e4                P_LCD9341_InitIO
 .text.P_LCD9341_InitLTCD
                0x08010750       0x98 ./ub_lib/stm32_ub_lcd_ili9341.o
                0x08010750                P_LCD9341_InitLTCD
 .text.P_LCD9341_CS
                0x080107e8       0x30 ./ub_lib/stm32_ub_lcd_ili9341.o
                0x080107e8                P_LCD9341_CS
 .text.P_LCD9341_WRX
                0x08010818       0x34 ./ub_lib/stm32_ub_lcd_ili9341.o
                0x08010818                P_LCD9341_WRX
 .text.P_LCD9341_InitChip
                0x0801084c      0x290 ./ub_lib/stm32_ub_lcd_ili9341.o
                0x0801084c                P_LCD9341_InitChip
 .text.P_LCD9341_CMD
                0x08010adc       0x32 ./ub_lib/stm32_ub_lcd_ili9341.o
                0x08010adc                P_LCD9341_CMD
 .text.P_LCD9341_DATA
                0x08010b0e       0x32 ./ub_lib/stm32_ub_lcd_ili9341.o
                0x08010b0e                P_LCD9341_DATA
 .text.P_LCD9341_AFConfig
                0x08010b40      0x178 ./ub_lib/stm32_ub_lcd_ili9341.o
                0x08010b40                P_LCD9341_AFConfig
 .text.P_LCD9341_Delay
                0x08010cb8       0x2c ./ub_lib/stm32_ub_lcd_ili9341.o
                0x08010cb8                P_LCD9341_Delay
 .text.UB_SDRAM_Init
                0x08010ce4       0x84 ./ub_lib/stm32_ub_sdram.o
                0x08010ce4                UB_SDRAM_Init
 .text.UB_SDRAM_Write16b
                0x08010d68       0x24 ./ub_lib/stm32_ub_sdram.o
                0x08010d68                UB_SDRAM_Write16b
 .text.UB_SDRAM_Read16b
                0x08010d8c       0x24 ./ub_lib/stm32_ub_sdram.o
                0x08010d8c                UB_SDRAM_Read16b
 .text.P_SDRAM_InitIO
                0x08010db0      0x218 ./ub_lib/stm32_ub_sdram.o
                0x08010db0                P_SDRAM_InitIO
 .text.P_SDRAM_InitFMC
                0x08010fc8       0x72 ./ub_lib/stm32_ub_sdram.o
                0x08010fc8                P_SDRAM_InitFMC
 .text.P_SDRAM_InitSequence
                0x0801103a       0xf0 ./ub_lib/stm32_ub_sdram.o
                0x0801103a                P_SDRAM_InitSequence
 *fill*         0x0801112a        0x2 
 .text.P_SDRAM_delay
                0x0801112c       0x38 ./ub_lib/stm32_ub_sdram.o
 .text.UB_SPI5_Init
                0x08011164      0x1c0 ./ub_lib/stm32_ub_spi5.o
                0x08011164                UB_SPI5_Init
 .text.UB_SPI5_SendByte
                0x08011324       0x54 ./ub_lib/stm32_ub_spi5.o
                0x08011324                UB_SPI5_SendByte
 .text.NVIC_SetPriority
                0x08011378       0x54 ./ub_lib/stm32_ub_systick.o
 .text.SysTick_Config
                0x080113cc       0x44 ./ub_lib/stm32_ub_systick.o
 .text.UB_Systick_Init
                0x08011410       0x7c ./ub_lib/stm32_ub_systick.o
                0x08011410                UB_Systick_Init
 .text.UB_Systick_Pause_ms
                0x0801148c       0x2c ./ub_lib/stm32_ub_systick.o
                0x0801148c                UB_Systick_Pause_ms
 .text.SysTick_Handler
                0x080114b8       0xf4 ./ub_lib/stm32_ub_systick.o
                0x080114b8                SysTick_Handler
 .text.UB_Touch_Init
                0x080115ac       0x3e ./ub_lib/stm32_ub_touch_stmpe811.o
                0x080115ac                UB_Touch_Init
 *fill*         0x080115ea        0x2 
 .text.UB_Touch_Read
                0x080115ec      0x104 ./ub_lib/stm32_ub_touch_stmpe811.o
                0x080115ec                UB_Touch_Read
 .text.P_Touch_Reset
                0x080116f0       0x28 ./ub_lib/stm32_ub_touch_stmpe811.o
                0x080116f0                P_Touch_Reset
 .text.P_Touch_FnctCmd
                0x08011718       0x68 ./ub_lib/stm32_ub_touch_stmpe811.o
                0x08011718                P_Touch_FnctCmd
 .text.P_Touch_Config
                0x08011780       0x9c ./ub_lib/stm32_ub_touch_stmpe811.o
                0x08011780                P_Touch_Config
 .text.P_Touch_ReadID
                0x0801181c       0x5a ./ub_lib/stm32_ub_touch_stmpe811.o
                0x0801181c                P_Touch_ReadID
 .text.P_Touch_IOAFConfig
                0x08011876       0x68 ./ub_lib/stm32_ub_touch_stmpe811.o
                0x08011876                P_Touch_IOAFConfig
 *fill*         0x080118de        0x2 
 .text.P_Touch_Read_X
                0x080118e0       0x68 ./ub_lib/stm32_ub_touch_stmpe811.o
 .text.P_Touch_Read_Y
                0x08011948       0x54 ./ub_lib/stm32_ub_touch_stmpe811.o
 .text.P_Touch_Read_16b
                0x0801199c       0x60 ./ub_lib/stm32_ub_touch_stmpe811.o
                0x0801199c                P_Touch_Read_16b
 .text.UB_Uart_Init
                0x080119fc      0x2b4 ./ub_lib/stm32_ub_uart.o
                0x080119fc                UB_Uart_Init
 .text.P_UART_Receive
                0x08011cb0       0xf4 ./ub_lib/stm32_ub_uart.o
                0x08011cb0                P_UART_Receive
 .text.P_UART_RX_INT
                0x08011da4       0x58 ./ub_lib/stm32_ub_uart.o
                0x08011da4                P_UART_RX_INT
 .text.USART1_IRQHandler
                0x08011dfc       0x38 ./ub_lib/stm32_ub_uart.o
                0x08011dfc                USART1_IRQHandler
 .text.USART2_IRQHandler
                0x08011e34       0x38 ./ub_lib/stm32_ub_uart.o
                0x08011e34                USART2_IRQHandler
 .text.USART3_IRQHandler
                0x08011e6c       0x38 ./ub_lib/stm32_ub_uart.o
                0x08011e6c                USART3_IRQHandler
 .text.USART6_IRQHandler
                0x08011ea4       0x38 ./ub_lib/stm32_ub_uart.o
                0x08011ea4                USART6_IRQHandler
 .text.UB_USB_HID_HOST_Init
                0x08011edc       0x90 ./ub_lib/stm32_ub_usb_hid_host.o
                0x08011edc                UB_USB_HID_HOST_Init
 .text.UB_USB_HID_HOST_Do
                0x08011f6c       0x74 ./ub_lib/stm32_ub_usb_hid_host.o
                0x08011f6c                UB_USB_HID_HOST_Do
 .text.UB_USB_HID_HOST_GetKeyAnz
                0x08011fe0       0x44 ./ub_lib/stm32_ub_usb_hid_host.o
                0x08011fe0                UB_USB_HID_HOST_GetKeyAnz
 .text.USB_OTG_BSP_Init
                0x08012024       0x78 ./ub_lib/usb_hid_host_lolevel/usb_bsp.o
                0x08012024                USB_OTG_BSP_Init
 .text.USB_OTG_BSP_EnableInterrupt
                0x0801209c       0x2a ./ub_lib/usb_hid_host_lolevel/usb_bsp.o
                0x0801209c                USB_OTG_BSP_EnableInterrupt
 *fill*         0x080120c6        0x2 
 .text.USB_OTG_BSP_DriveVBUS
                0x080120c8       0x30 ./ub_lib/usb_hid_host_lolevel/usb_bsp.o
                0x080120c8                USB_OTG_BSP_DriveVBUS
 .text.USB_OTG_BSP_ConfigVBUS
                0x080120f8       0x4c ./ub_lib/usb_hid_host_lolevel/usb_bsp.o
                0x080120f8                USB_OTG_BSP_ConfigVBUS
 .text.USB_OTG_BSP_uDelay
                0x08012144       0x48 ./ub_lib/usb_hid_host_lolevel/usb_bsp.o
                0x08012144                USB_OTG_BSP_uDelay
 .text.USB_OTG_BSP_mDelay
                0x0801218c       0x20 ./ub_lib/usb_hid_host_lolevel/usb_bsp.o
                0x0801218c                USB_OTG_BSP_mDelay
 .text.OTG_HS_IRQHandler
                0x080121ac       0x14 ./ub_lib/usb_hid_host_lolevel/usb_bsp.o
                0x080121ac                OTG_HS_IRQHandler
 .text.USB_OTG_EnableCommonInt
                0x080121c0       0x44 ./ub_lib/usb_hid_host_lolevel/usb_core.o
 .text.USB_OTG_CoreReset
                0x08012204       0x90 ./ub_lib/usb_hid_host_lolevel/usb_core.o
 .text.USB_OTG_WritePacket
                0x08012294       0x7e ./ub_lib/usb_hid_host_lolevel/usb_core.o
                0x08012294                USB_OTG_WritePacket
 .text.USB_OTG_ReadPacket
                0x08012312       0x5c ./ub_lib/usb_hid_host_lolevel/usb_core.o
                0x08012312                USB_OTG_ReadPacket
 *fill*         0x0801236e        0x2 
 .text.USB_OTG_SelectCore
                0x08012370      0x180 ./ub_lib/usb_hid_host_lolevel/usb_core.o
                0x08012370                USB_OTG_SelectCore
 .text.USB_OTG_CoreInit
                0x080124f0      0x142 ./ub_lib/usb_hid_host_lolevel/usb_core.o
                0x080124f0                USB_OTG_CoreInit
 .text.USB_OTG_EnableGlobalInt
                0x08012632       0x36 ./ub_lib/usb_hid_host_lolevel/usb_core.o
                0x08012632                USB_OTG_EnableGlobalInt
 .text.USB_OTG_DisableGlobalInt
                0x08012668       0x38 ./ub_lib/usb_hid_host_lolevel/usb_core.o
                0x08012668                USB_OTG_DisableGlobalInt
 .text.USB_OTG_FlushTxFifo
                0x080126a0       0x70 ./ub_lib/usb_hid_host_lolevel/usb_core.o
                0x080126a0                USB_OTG_FlushTxFifo
 .text.USB_OTG_FlushRxFifo
                0x08012710       0x60 ./ub_lib/usb_hid_host_lolevel/usb_core.o
                0x08012710                USB_OTG_FlushRxFifo
 .text.USB_OTG_SetCurrentMode
                0x08012770       0x5e ./ub_lib/usb_hid_host_lolevel/usb_core.o
                0x08012770                USB_OTG_SetCurrentMode
 .text.USB_OTG_GetMode
                0x080127ce       0x1e ./ub_lib/usb_hid_host_lolevel/usb_core.o
                0x080127ce                USB_OTG_GetMode
 .text.USB_OTG_IsHostMode
                0x080127ec       0x22 ./ub_lib/usb_hid_host_lolevel/usb_core.o
                0x080127ec                USB_OTG_IsHostMode
 .text.USB_OTG_ReadCoreItr
                0x0801280e       0x2e ./ub_lib/usb_hid_host_lolevel/usb_core.o
                0x0801280e                USB_OTG_ReadCoreItr
 .text.USB_OTG_CoreInitHost
                0x0801283c      0x100 ./ub_lib/usb_hid_host_lolevel/usb_core.o
                0x0801283c                USB_OTG_CoreInitHost
 .text.USB_OTG_IsEvenFrame
                0x0801293c       0x28 ./ub_lib/usb_hid_host_lolevel/usb_core.o
                0x0801293c                USB_OTG_IsEvenFrame
 .text.USB_OTG_DriveVbus
                0x08012964       0x7a ./ub_lib/usb_hid_host_lolevel/usb_core.o
                0x08012964                USB_OTG_DriveVbus
 .text.USB_OTG_EnableHostInt
                0x080129de       0x7a ./ub_lib/usb_hid_host_lolevel/usb_core.o
                0x080129de                USB_OTG_EnableHostInt
 .text.USB_OTG_InitFSLSPClkSel
                0x08012a58       0x38 ./ub_lib/usb_hid_host_lolevel/usb_core.o
                0x08012a58                USB_OTG_InitFSLSPClkSel
 .text.USB_OTG_ReadHPRT0
                0x08012a90       0x40 ./ub_lib/usb_hid_host_lolevel/usb_core.o
                0x08012a90                USB_OTG_ReadHPRT0
 .text.USB_OTG_ReadHostAllChannels_intr
                0x08012ad0       0x1a ./ub_lib/usb_hid_host_lolevel/usb_core.o
                0x08012ad0                USB_OTG_ReadHostAllChannels_intr
 .text.USB_OTG_ResetPort
                0x08012aea       0x4c ./ub_lib/usb_hid_host_lolevel/usb_core.o
                0x08012aea                USB_OTG_ResetPort
 *fill*         0x08012b36        0x2 
 .text.USB_OTG_HC_Init
                0x08012b38      0x298 ./ub_lib/usb_hid_host_lolevel/usb_core.o
                0x08012b38                USB_OTG_HC_Init
 .text.USB_OTG_HC_StartXfer
                0x08012dd0      0x2b8 ./ub_lib/usb_hid_host_lolevel/usb_core.o
                0x08012dd0                USB_OTG_HC_StartXfer
 .text.USB_OTG_HC_Halt
                0x08013088       0xa0 ./ub_lib/usb_hid_host_lolevel/usb_core.o
                0x08013088                USB_OTG_HC_Halt
 .text.USB_OTG_HC_DoPing
                0x08013128       0x74 ./ub_lib/usb_hid_host_lolevel/usb_core.o
                0x08013128                USB_OTG_HC_DoPing
 .text.HCD_Init
                0x0801319c       0x8c ./ub_lib/usb_hid_host_lolevel/usb_hcd.o
                0x0801319c                HCD_Init
 .text.HCD_GetCurrentSpeed
                0x08013228       0x26 ./ub_lib/usb_hid_host_lolevel/usb_hcd.o
                0x08013228                HCD_GetCurrentSpeed
 .text.HCD_ResetPort
                0x0801324e       0x18 ./ub_lib/usb_hid_host_lolevel/usb_hcd.o
                0x0801324e                HCD_ResetPort
 .text.HCD_IsDeviceConnected
                0x08013266       0x1a ./ub_lib/usb_hid_host_lolevel/usb_hcd.o
                0x08013266                HCD_IsDeviceConnected
 .text.HCD_GetCurrentFrame
                0x08013280       0x1c ./ub_lib/usb_hid_host_lolevel/usb_hcd.o
                0x08013280                HCD_GetCurrentFrame
 .text.HCD_GetURB_State
                0x0801329c       0x24 ./ub_lib/usb_hid_host_lolevel/usb_hcd.o
                0x0801329c                HCD_GetURB_State
 .text.HCD_SubmitRequest
                0x080132c0       0x3c ./ub_lib/usb_hid_host_lolevel/usb_hcd.o
                0x080132c0                HCD_SubmitRequest
 .text.USBH_OTG_ISR_Handler
                0x080132fc      0x10a ./ub_lib/usb_hid_host_lolevel/usb_hcd_int.o
                0x080132fc                USBH_OTG_ISR_Handler
 .text.USB_OTG_USBH_handle_hc_ISR
                0x08013406       0x8c ./ub_lib/usb_hid_host_lolevel/usb_hcd_int.o
 *fill*         0x08013492        0x2 
 .text.USB_OTG_USBH_handle_sof_ISR
                0x08013494       0x34 ./ub_lib/usb_hid_host_lolevel/usb_hcd_int.o
 .text.USB_OTG_USBH_handle_Disconnect_ISR
                0x080134c8       0x34 ./ub_lib/usb_hid_host_lolevel/usb_hcd_int.o
 .text.USB_OTG_USBH_handle_nptxfempty_ISR
                0x080134fc      0x18a ./ub_lib/usb_hid_host_lolevel/usb_hcd_int.o
 .text.USB_OTG_USBH_handle_ptxfempty_ISR
                0x08013686      0x188 ./ub_lib/usb_hid_host_lolevel/usb_hcd_int.o
 *fill*         0x0801380e        0x2 
 .text.USB_OTG_USBH_handle_port_ISR
                0x08013810      0x164 ./ub_lib/usb_hid_host_lolevel/usb_hcd_int.o
 .text.USB_OTG_USBH_handle_hc_n_Out_ISR
                0x08013974      0x54e ./ub_lib/usb_hid_host_lolevel/usb_hcd_int.o
 .text.USB_OTG_USBH_handle_hc_n_In_ISR
                0x08013ec2      0x5ae ./ub_lib/usb_hid_host_lolevel/usb_hcd_int.o
 .text.USB_OTG_USBH_handle_rx_qlvl_ISR
                0x08014470      0x19a ./ub_lib/usb_hid_host_lolevel/usb_hcd_int.o
 .text.USB_OTG_USBH_handle_IncompletePeriodicXfer_ISR
                0x0801460a       0x4e ./ub_lib/usb_hid_host_lolevel/usb_hcd_int.o
 .text.USBH_Connected
                0x08014658       0x1e ./ub_lib/usb_hid_host_lolevel/usbh_core.o
                0x08014658                USBH_Connected
 .text.USBH_Disconnected
                0x08014676       0x1e ./ub_lib/usb_hid_host_lolevel/usbh_core.o
                0x08014676                USBH_Disconnected
 .text.USBH_SOF
                0x08014694       0x16 ./ub_lib/usb_hid_host_lolevel/usbh_core.o
                0x08014694                USBH_SOF
 .text.USBH_Init
                0x080146aa       0x54 ./ub_lib/usb_hid_host_lolevel/usbh_core.o
                0x080146aa                USBH_Init
 .text.USBH_DeInit
                0x080146fe       0x60 ./ub_lib/usb_hid_host_lolevel/usbh_core.o
                0x080146fe                USBH_DeInit
 *fill*         0x0801475e        0x2 
 .text.USBH_Process
                0x08014760      0x250 ./ub_lib/usb_hid_host_lolevel/usbh_core.o
                0x08014760                USBH_Process
 .text.USBH_ErrorHandle
                0x080149b0       0x48 ./ub_lib/usb_hid_host_lolevel/usbh_core.o
                0x080149b0                USBH_ErrorHandle
 .text.USBH_HandleEnum
                0x080149f8      0x2d8 ./ub_lib/usb_hid_host_lolevel/usbh_core.o
 .text.USBH_HandleControl
                0x08014cd0      0x344 ./ub_lib/usb_hid_host_lolevel/usbh_core.o
                0x08014cd0                USBH_HandleControl
 .text.USBH_Open_Channel
                0x08015014       0xf8 ./ub_lib/usb_hid_host_lolevel/usbh_hcs.o
                0x08015014                USBH_Open_Channel
 .text.USBH_Modify_Channel
                0x0801510c       0x98 ./ub_lib/usb_hid_host_lolevel/usbh_hcs.o
                0x0801510c                USBH_Modify_Channel
 .text.USBH_Alloc_Channel
                0x080151a4       0x4c ./ub_lib/usb_hid_host_lolevel/usbh_hcs.o
                0x080151a4                USBH_Alloc_Channel
 .text.USBH_Free_Channel
                0x080151f0       0x44 ./ub_lib/usb_hid_host_lolevel/usbh_hcs.o
                0x080151f0                USBH_Free_Channel
 .text.USBH_DeAllocate_AllChannel
                0x08015234       0x38 ./ub_lib/usb_hid_host_lolevel/usbh_hcs.o
                0x08015234                USBH_DeAllocate_AllChannel
 .text.USBH_GetFreeChannel
                0x0801526c       0x48 ./ub_lib/usb_hid_host_lolevel/usbh_hcs.o
 .text.USBH_HID_InterfaceInit
                0x080152b4      0x1a8 ./ub_lib/usb_hid_host_lolevel/usbh_hid_core.o
 .text.USBH_HID_InterfaceDeInit
                0x0801545c       0x7c ./ub_lib/usb_hid_host_lolevel/usbh_hid_core.o
 .text.USBH_HID_ClassRequest
                0x080154d8       0xf4 ./ub_lib/usb_hid_host_lolevel/usbh_hid_core.o
 .text.USBH_HID_Handle
                0x080155cc      0x144 ./ub_lib/usb_hid_host_lolevel/usbh_hid_core.o
 .text.USBH_Get_HID_ReportDescriptor
                0x08015710       0x36 ./ub_lib/usb_hid_host_lolevel/usbh_hid_core.o
 .text.USBH_Get_HID_Descriptor
                0x08015746       0x36 ./ub_lib/usb_hid_host_lolevel/usbh_hid_core.o
 .text.USBH_Set_Idle
                0x0801577c       0x5a ./ub_lib/usb_hid_host_lolevel/usbh_hid_core.o
 .text.USBH_Set_Protocol
                0x080157d6       0x50 ./ub_lib/usb_hid_host_lolevel/usbh_hid_core.o
 .text.USBH_ParseHIDDesc
                0x08015826       0x72 ./ub_lib/usb_hid_host_lolevel/usbh_hid_core.o
 .text.KEYBRD_Init
                0x08015898        0xc ./ub_lib/usb_hid_host_lolevel/usbh_hid_keybd.o
 .text.KEYBRD_Decode
                0x080158a4      0x21c ./ub_lib/usb_hid_host_lolevel/usbh_hid_keybd.o
 .text.MOUSE_Init
                0x08015ac0        0xc ./ub_lib/usb_hid_host_lolevel/usbh_hid_mouse.o
 .text.MOUSE_Decode
                0x08015acc       0x34 ./ub_lib/usb_hid_host_lolevel/usbh_hid_mouse.o
 .text.USBH_CtlReq
                0x08015b00       0x84 ./ub_lib/usb_hid_host_lolevel/usbh_ioreq.o
                0x08015b00                USBH_CtlReq
 .text.USBH_CtlSendSetup
                0x08015b84       0x64 ./ub_lib/usb_hid_host_lolevel/usbh_ioreq.o
                0x08015b84                USBH_CtlSendSetup
 .text.USBH_CtlSendData
                0x08015be8       0xa4 ./ub_lib/usb_hid_host_lolevel/usbh_ioreq.o
                0x08015be8                USBH_CtlSendData
 .text.USBH_CtlReceiveData
                0x08015c8c       0x6a ./ub_lib/usb_hid_host_lolevel/usbh_ioreq.o
                0x08015c8c                USBH_CtlReceiveData
 .text.USBH_InterruptReceiveData
                0x08015cf6       0xb2 ./ub_lib/usb_hid_host_lolevel/usbh_ioreq.o
                0x08015cf6                USBH_InterruptReceiveData
 .text.USBH_SubmitSetupRequest
                0x08015da8       0x3c ./ub_lib/usb_hid_host_lolevel/usbh_ioreq.o
 .text.USBH_Get_DevDesc
                0x08015de4       0x54 ./ub_lib/usb_hid_host_lolevel/usbh_stdreq.o
                0x08015de4                USBH_Get_DevDesc
 .text.USBH_Get_CfgDesc
                0x08015e38       0x88 ./ub_lib/usb_hid_host_lolevel/usbh_stdreq.o
                0x08015e38                USBH_Get_CfgDesc
 .text.USBH_Get_StringDesc
                0x08015ec0       0x58 ./ub_lib/usb_hid_host_lolevel/usbh_stdreq.o
                0x08015ec0                USBH_Get_StringDesc
 .text.USBH_GetDescriptor
                0x08015f18       0x66 ./ub_lib/usb_hid_host_lolevel/usbh_stdreq.o
                0x08015f18                USBH_GetDescriptor
 .text.USBH_SetAddress
                0x08015f7e       0x44 ./ub_lib/usb_hid_host_lolevel/usbh_stdreq.o
                0x08015f7e                USBH_SetAddress
 .text.USBH_SetCfg
                0x08015fc2       0x42 ./ub_lib/usb_hid_host_lolevel/usbh_stdreq.o
                0x08015fc2                USBH_SetCfg
 .text.USBH_ClrFeature
                0x08016004       0x76 ./ub_lib/usb_hid_host_lolevel/usbh_stdreq.o
                0x08016004                USBH_ClrFeature
 .text.USBH_ParseDevDesc
                0x0801607a       0xd8 ./ub_lib/usb_hid_host_lolevel/usbh_stdreq.o
 *fill*         0x08016152        0x2 
 .text.USBH_ParseCfgDesc
                0x08016154      0x1c0 ./ub_lib/usb_hid_host_lolevel/usbh_stdreq.o
 .text.USBH_ParseInterfaceDesc
                0x08016314       0x5e ./ub_lib/usb_hid_host_lolevel/usbh_stdreq.o
 .text.USBH_ParseEPDesc
                0x08016372       0x58 ./ub_lib/usb_hid_host_lolevel/usbh_stdreq.o
 .text.USBH_ParseStringDesc
                0x080163ca       0x66 ./ub_lib/usb_hid_host_lolevel/usbh_stdreq.o
 .text.USBH_GetNextDesc
                0x08016430       0x34 ./ub_lib/usb_hid_host_lolevel/usbh_stdreq.o
                0x08016430                USBH_GetNextDesc
 .text.USBH_USR_Init
                0x08016464        0xe ./ub_lib/usb_hid_host_lolevel/usbh_usr.o
                0x08016464                USBH_USR_Init
 *fill*         0x08016472        0x2 
 .text.USBH_USR_DeviceAttached
                0x08016474       0x18 ./ub_lib/usb_hid_host_lolevel/usbh_usr.o
                0x08016474                USBH_USR_DeviceAttached
 .text.USBH_USR_UnrecoveredError
                0x0801648c       0x18 ./ub_lib/usb_hid_host_lolevel/usbh_usr.o
                0x0801648c                USBH_USR_UnrecoveredError
 .text.USBH_USR_DeviceDisconnected
                0x080164a4       0x18 ./ub_lib/usb_hid_host_lolevel/usbh_usr.o
                0x080164a4                USBH_USR_DeviceDisconnected
 .text.USBH_USR_ResetDevice
                0x080164bc        0xe ./ub_lib/usb_hid_host_lolevel/usbh_usr.o
                0x080164bc                USBH_USR_ResetDevice
 *fill*         0x080164ca        0x2 
 .text.USBH_USR_DeviceSpeedDetected
                0x080164cc       0x38 ./ub_lib/usb_hid_host_lolevel/usbh_usr.o
                0x080164cc                USBH_USR_DeviceSpeedDetected
 .text.USBH_USR_Device_DescAvailable
                0x08016504       0x14 ./ub_lib/usb_hid_host_lolevel/usbh_usr.o
                0x08016504                USBH_USR_Device_DescAvailable
 .text.USBH_USR_DeviceAddressAssigned
                0x08016518        0xe ./ub_lib/usb_hid_host_lolevel/usbh_usr.o
                0x08016518                USBH_USR_DeviceAddressAssigned
 .text.USBH_USR_Configuration_DescAvailable
                0x08016526       0x18 ./ub_lib/usb_hid_host_lolevel/usbh_usr.o
                0x08016526                USBH_USR_Configuration_DescAvailable
 .text.USBH_USR_Manufacturer_String
                0x0801653e       0x14 ./ub_lib/usb_hid_host_lolevel/usbh_usr.o
                0x0801653e                USBH_USR_Manufacturer_String
 .text.USBH_USR_Product_String
                0x08016552       0x14 ./ub_lib/usb_hid_host_lolevel/usbh_usr.o
                0x08016552                USBH_USR_Product_String
 .text.USBH_USR_SerialNum_String
                0x08016566       0x14 ./ub_lib/usb_hid_host_lolevel/usbh_usr.o
                0x08016566                USBH_USR_SerialNum_String
 *fill*         0x0801657a        0x2 
 .text.USBH_USR_EnumerationDone
                0x0801657c       0x18 ./ub_lib/usb_hid_host_lolevel/usbh_usr.o
                0x0801657c                USBH_USR_EnumerationDone
 .text.USBH_USR_DeviceNotSupported
                0x08016594       0x18 ./ub_lib/usb_hid_host_lolevel/usbh_usr.o
                0x08016594                USBH_USR_DeviceNotSupported
 .text.USBH_USR_UserInput
                0x080165ac       0x30 ./ub_lib/usb_hid_host_lolevel/usbh_usr.o
                0x080165ac                USBH_USR_UserInput
 .text.USBH_USR_OverCurrentDetected
                0x080165dc       0x18 ./ub_lib/usb_hid_host_lolevel/usbh_usr.o
                0x080165dc                USBH_USR_OverCurrentDetected
 .text.USBH_USR_DeInit
                0x080165f4       0x18 ./ub_lib/usb_hid_host_lolevel/usbh_usr.o
                0x080165f4                USBH_USR_DeInit
 .text.USR_MOUSE_Init
                0x0801660c       0x58 ./ub_lib/usb_hid_host_lolevel/usbh_usr.o
                0x0801660c                USR_MOUSE_Init
 .text.USR_MOUSE_ProcessData
                0x08016664       0x9c ./ub_lib/usb_hid_host_lolevel/usbh_usr.o
                0x08016664                USR_MOUSE_ProcessData
 .text.USR_KEYBRD_Init
                0x08016700       0x3c ./ub_lib/usb_hid_host_lolevel/usbh_usr.o
                0x08016700                USR_KEYBRD_Init
 .text.USR_UB_KEYBRD_ProcessData
                0x0801673c       0x4c ./ub_lib/usb_hid_host_lolevel/usbh_usr.o
                0x0801673c                USR_UB_KEYBRD_ProcessData
 .text.HID_MOUSE_UpdatePosition
                0x08016788       0xe0 ./ub_lib/usb_hid_host_lolevel/usbh_usr.o
                0x08016788                HID_MOUSE_UpdatePosition
 .text.HID_MOUSE_ButtonPressed
                0x08016868       0x50 ./ub_lib/usb_hid_host_lolevel/usbh_usr.o
                0x08016868                HID_MOUSE_ButtonPressed
 .text.HID_MOUSE_ButtonReleased
                0x080168b8       0x50 ./ub_lib/usb_hid_host_lolevel/usbh_usr.o
                0x080168b8                HID_MOUSE_ButtonReleased
 .text.srand    0x08016908       0x5c F:/stm32cubeide/STM32CubeIDE_1.19.0/STM32CubeIDE/plugins/com.st.stm32cube.ide.mcu.externaltools.gnu-tools-for-stm32.13.3.rel1.win32_1.0.0.202411081344/tools/bin/../lib/gcc/arm-none-eabi/13.3.1/../../../../arm-none-eabi/lib/thumb/v7e-m+fp/hard\libc_nano.a(libc_a-rand.o)
                0x08016908                srand
 .text.rand     0x08016964       0x7c F:/stm32cubeide/STM32CubeIDE_1.19.0/STM32CubeIDE/plugins/com.st.stm32cube.ide.mcu.externaltools.gnu-tools-for-stm32.13.3.rel1.win32_1.0.0.202411081344/tools/bin/../lib/gcc/arm-none-eabi/13.3.1/../../../../arm-none-eabi/lib/thumb/v7e-m+fp/hard\libc_nano.a(libc_a-rand.o)
                0x08016964                rand
 .text.std      0x080169e0       0x6c F:/stm32cubeide/STM32CubeIDE_1.19.0/STM32CubeIDE/plugins/com.st.stm32cube.ide.mcu.externaltools.gnu-tools-for-stm32.13.3.rel1.win32_1.0.0.202411081344/tools/bin/../lib/gcc/arm-none-eabi/13.3.1/../../../../arm-none-eabi/lib/thumb/v7e-m+fp/hard\libc_nano.a(libc_a-findfp.o)
 .text.stdio_exit_handler
                0x08016a4c       0x18 F:/stm32cubeide/STM32CubeIDE_1.19.0/STM32CubeIDE/plugins/com.st.stm32cube.ide.mcu.externaltools.gnu-tools-for-stm32.13.3.rel1.win32_1.0.0.202411081344/tools/bin/../lib/gcc/arm-none-eabi/13.3.1/../../../../arm-none-eabi/lib/thumb/v7e-m+fp/hard\libc_nano.a(libc_a-findfp.o)
 .text.cleanup_stdio
                0x08016a64       0x40 F:/stm32cubeide/STM32CubeIDE_1.19.0/STM32CubeIDE/plugins/com.st.stm32cube.ide.mcu.externaltools.gnu-tools-for-stm32.13.3.rel1.win32_1.0.0.202411081344/tools/bin/../lib/gcc/arm-none-eabi/13.3.1/../../../../arm-none-eabi/lib/thumb/v7e-m+fp/hard\libc_nano.a(libc_a-findfp.o)
 .text.global_stdio_init.part.0
                0x08016aa4       0x3c F:/stm32cubeide/STM32CubeIDE_1.19.0/STM32CubeIDE/plugins/com.st.stm32cube.ide.mcu.externaltools.gnu-tools-for-stm32.13.3.rel1.win32_1.0.0.202411081344/tools/bin/../lib/gcc/arm-none-eabi/13.3.1/../../../../arm-none-eabi/lib/thumb/v7e-m+fp/hard\libc_nano.a(libc_a-findfp.o)
 .text.__sfp_lock_acquire
                0x08016ae0        0xc F:/stm32cubeide/STM32CubeIDE_1.19.0/STM32CubeIDE/plugins/com.st.stm32cube.ide.mcu.externaltools.gnu-tools-for-stm32.13.3.rel1.win32_1.0.0.202411081344/tools/bin/../lib/gcc/arm-none-eabi/13.3.1/../../../../arm-none-eabi/lib/thumb/v7e-m+fp/hard\libc_nano.a(libc_a-findfp.o)
                0x08016ae0                __sfp_lock_acquire
 .text.__sfp_lock_release
                0x08016aec        0xc F:/stm32cubeide/STM32CubeIDE_1.19.0/STM32CubeIDE/plugins/com.st.stm32cube.ide.mcu.externaltools.gnu-tools-for-stm32.13.3.rel1.win32_1.0.0.202411081344/tools/bin/../lib/gcc/arm-none-eabi/13.3.1/../../../../arm-none-eabi/lib/thumb/v7e-m+fp/hard\libc_nano.a(libc_a-findfp.o)
                0x08016aec                __sfp_lock_release
 .text.__sinit  0x08016af8       0x30 F:/stm32cubeide/STM32CubeIDE_1.19.0/STM32CubeIDE/plugins/com.st.stm32cube.ide.mcu.externaltools.gnu-tools-for-stm32.13.3.rel1.win32_1.0.0.202411081344/tools/bin/../lib/gcc/arm-none-eabi/13.3.1/../../../../arm-none-eabi/lib/thumb/v7e-m+fp/hard\libc_nano.a(libc_a-findfp.o)
                0x08016af8                __sinit
 .text._fwalk_sglue
                0x08016b28       0x3c F:/stm32cubeide/STM32CubeIDE_1.19.0/STM32CubeIDE/plugins/com.st.stm32cube.ide.mcu.externaltools.gnu-tools-for-stm32.13.3.rel1.win32_1.0.0.202411081344/tools/bin/../lib/gcc/arm-none-eabi/13.3.1/../../../../arm-none-eabi/lib/thumb/v7e-m+fp/hard\libc_nano.a(libc_a-fwalk.o)
                0x08016b28                _fwalk_sglue
 .text.sprintf  0x08016b64       0x44 F:/stm32cubeide/STM32CubeIDE_1.19.0/STM32CubeIDE/plugins/com.st.stm32cube.ide.mcu.externaltools.gnu-tools-for-stm32.13.3.rel1.win32_1.0.0.202411081344/tools/bin/../lib/gcc/arm-none-eabi/13.3.1/../../../../arm-none-eabi/lib/thumb/v7e-m+fp/hard\libc_nano.a(libc_a-sprintf.o)
                0x08016b64                siprintf
                0x08016b64                sprintf
 .text.__sread  0x08016ba8       0x22 F:/stm32cubeide/STM32CubeIDE_1.19.0/STM32CubeIDE/plugins/com.st.stm32cube.ide.mcu.externaltools.gnu-tools-for-stm32.13.3.rel1.win32_1.0.0.202411081344/tools/bin/../lib/gcc/arm-none-eabi/13.3.1/../../../../arm-none-eabi/lib/thumb/v7e-m+fp/hard\libc_nano.a(libc_a-stdio.o)
                0x08016ba8                __sread
 .text.__swrite
                0x08016bca       0x38 F:/stm32cubeide/STM32CubeIDE_1.19.0/STM32CubeIDE/plugins/com.st.stm32cube.ide.mcu.externaltools.gnu-tools-for-stm32.13.3.rel1.win32_1.0.0.202411081344/tools/bin/../lib/gcc/arm-none-eabi/13.3.1/../../../../arm-none-eabi/lib/thumb/v7e-m+fp/hard\libc_nano.a(libc_a-stdio.o)
                0x08016bca                __swrite
 .text.__sseek  0x08016c02       0x24 F:/stm32cubeide/STM32CubeIDE_1.19.0/STM32CubeIDE/plugins/com.st.stm32cube.ide.mcu.externaltools.gnu-tools-for-stm32.13.3.rel1.win32_1.0.0.202411081344/tools/bin/../lib/gcc/arm-none-eabi/13.3.1/../../../../arm-none-eabi/lib/thumb/v7e-m+fp/hard\libc_nano.a(libc_a-stdio.o)
                0x08016c02                __sseek
 .text.__sclose
                0x08016c26        0x8 F:/stm32cubeide/STM32CubeIDE_1.19.0/STM32CubeIDE/plugins/com.st.stm32cube.ide.mcu.externaltools.gnu-tools-for-stm32.13.3.rel1.win32_1.0.0.202411081344/tools/bin/../lib/gcc/arm-none-eabi/13.3.1/../../../../arm-none-eabi/lib/thumb/v7e-m+fp/hard\libc_nano.a(libc_a-stdio.o)
                0x08016c26                __sclose
 .text.memset   0x08016c2e       0x10 F:/stm32cubeide/STM32CubeIDE_1.19.0/STM32CubeIDE/plugins/com.st.stm32cube.ide.mcu.externaltools.gnu-tools-for-stm32.13.3.rel1.win32_1.0.0.202411081344/tools/bin/../lib/gcc/arm-none-eabi/13.3.1/../../../../arm-none-eabi/lib/thumb/v7e-m+fp/hard\libc_nano.a(libc_a-memset.o)
                0x08016c2e                memset
 *fill*         0x08016c3e        0x2 
 .text._close_r
                0x08016c40       0x20 F:/stm32cubeide/STM32CubeIDE_1.19.0/STM32CubeIDE/plugins/com.st.stm32cube.ide.mcu.externaltools.gnu-tools-for-stm32.13.3.rel1.win32_1.0.0.202411081344/tools/bin/../lib/gcc/arm-none-eabi/13.3.1/../../../../arm-none-eabi/lib/thumb/v7e-m+fp/hard\libc_nano.a(libc_a-closer.o)
                0x08016c40                _close_r
 .text._lseek_r
                0x08016c60       0x24 F:/stm32cubeide/STM32CubeIDE_1.19.0/STM32CubeIDE/plugins/com.st.stm32cube.ide.mcu.externaltools.gnu-tools-for-stm32.13.3.rel1.win32_1.0.0.202411081344/tools/bin/../lib/gcc/arm-none-eabi/13.3.1/../../../../arm-none-eabi/lib/thumb/v7e-m+fp/hard\libc_nano.a(libc_a-lseekr.o)
                0x08016c60                _lseek_r
 .text._read_r  0x08016c84       0x24 F:/stm32cubeide/STM32CubeIDE_1.19.0/STM32CubeIDE/plugins/com.st.stm32cube.ide.mcu.externaltools.gnu-tools-for-stm32.13.3.rel1.win32_1.0.0.202411081344/tools/bin/../lib/gcc/arm-none-eabi/13.3.1/../../../../arm-none-eabi/lib/thumb/v7e-m+fp/hard\libc_nano.a(libc_a-readr.o)
                0x08016c84                _read_r
 .text._write_r
                0x08016ca8       0x24 F:/stm32cubeide/STM32CubeIDE_1.19.0/STM32CubeIDE/plugins/com.st.stm32cube.ide.mcu.externaltools.gnu-tools-for-stm32.13.3.rel1.win32_1.0.0.202411081344/tools/bin/../lib/gcc/arm-none-eabi/13.3.1/../../../../arm-none-eabi/lib/thumb/v7e-m+fp/hard\libc_nano.a(libc_a-writer.o)
                0x08016ca8                _write_r
 .text.__errno  0x08016ccc        0xc F:/stm32cubeide/STM32CubeIDE_1.19.0/STM32CubeIDE/plugins/com.st.stm32cube.ide.mcu.externaltools.gnu-tools-for-stm32.13.3.rel1.win32_1.0.0.202411081344/tools/bin/../lib/gcc/arm-none-eabi/13.3.1/../../../../arm-none-eabi/lib/thumb/v7e-m+fp/hard\libc_nano.a(libc_a-errno.o)
                0x08016ccc                __errno
 .text.__libc_init_array
                0x08016cd8       0x48 F:/stm32cubeide/STM32CubeIDE_1.19.0/STM32CubeIDE/plugins/com.st.stm32cube.ide.mcu.externaltools.gnu-tools-for-stm32.13.3.rel1.win32_1.0.0.202411081344/tools/bin/../lib/gcc/arm-none-eabi/13.3.1/../../../../arm-none-eabi/lib/thumb/v7e-m+fp/hard\libc_nano.a(libc_a-init.o)
                0x08016cd8                __libc_init_array
 .text.__retarget_lock_init_recursive
                0x08016d20        0x2 F:/stm32cubeide/STM32CubeIDE_1.19.0/STM32CubeIDE/plugins/com.st.stm32cube.ide.mcu.externaltools.gnu-tools-for-stm32.13.3.rel1.win32_1.0.0.202411081344/tools/bin/../lib/gcc/arm-none-eabi/13.3.1/../../../../arm-none-eabi/lib/thumb/v7e-m+fp/hard\libc_nano.a(libc_a-lock.o)
                0x08016d20                __retarget_lock_init_recursive
 .text.__retarget_lock_acquire_recursive
                0x08016d22        0x2 F:/stm32cubeide/STM32CubeIDE_1.19.0/STM32CubeIDE/plugins/com.st.stm32cube.ide.mcu.externaltools.gnu-tools-for-stm32.13.3.rel1.win32_1.0.0.202411081344/tools/bin/../lib/gcc/arm-none-eabi/13.3.1/../../../../arm-none-eabi/lib/thumb/v7e-m+fp/hard\libc_nano.a(libc_a-lock.o)
                0x08016d22                __retarget_lock_acquire_recursive
 .text.__retarget_lock_release_recursive
                0x08016d24        0x2 F:/stm32cubeide/STM32CubeIDE_1.19.0/STM32CubeIDE/plugins/com.st.stm32cube.ide.mcu.externaltools.gnu-tools-for-stm32.13.3.rel1.win32_1.0.0.202411081344/tools/bin/../lib/gcc/arm-none-eabi/13.3.1/../../../../arm-none-eabi/lib/thumb/v7e-m+fp/hard\libc_nano.a(libc_a-lock.o)
                0x08016d24                __retarget_lock_release_recursive
 *fill*         0x08016d26        0x2 
 .text.__assert_func
                0x08016d28       0x3c F:/stm32cubeide/STM32CubeIDE_1.19.0/STM32CubeIDE/plugins/com.st.stm32cube.ide.mcu.externaltools.gnu-tools-for-stm32.13.3.rel1.win32_1.0.0.202411081344/tools/bin/../lib/gcc/arm-none-eabi/13.3.1/../../../../arm-none-eabi/lib/thumb/v7e-m+fp/hard\libc_nano.a(libc_a-assert.o)
                0x08016d28                __assert_func
 .text._free_r  0x08016d64       0x94 F:/stm32cubeide/STM32CubeIDE_1.19.0/STM32CubeIDE/plugins/com.st.stm32cube.ide.mcu.externaltools.gnu-tools-for-stm32.13.3.rel1.win32_1.0.0.202411081344/tools/bin/../lib/gcc/arm-none-eabi/13.3.1/../../../../arm-none-eabi/lib/thumb/v7e-m+fp/hard\libc_nano.a(libc_a-freer.o)
                0x08016d64                _free_r
 .text.malloc   0x08016df8       0x10 F:/stm32cubeide/STM32CubeIDE_1.19.0/STM32CubeIDE/plugins/com.st.stm32cube.ide.mcu.externaltools.gnu-tools-for-stm32.13.3.rel1.win32_1.0.0.202411081344/tools/bin/../lib/gcc/arm-none-eabi/13.3.1/../../../../arm-none-eabi/lib/thumb/v7e-m+fp/hard\libc_nano.a(libc_a-malloc.o)
                0x08016df8                malloc
 .text.sbrk_aligned
                0x08016e08       0x44 F:/stm32cubeide/STM32CubeIDE_1.19.0/STM32CubeIDE/plugins/com.st.stm32cube.ide.mcu.externaltools.gnu-tools-for-stm32.13.3.rel1.win32_1.0.0.202411081344/tools/bin/../lib/gcc/arm-none-eabi/13.3.1/../../../../arm-none-eabi/lib/thumb/v7e-m+fp/hard\libc_nano.a(libc_a-mallocr.o)
 .text._malloc_r
                0x08016e4c      0x100 F:/stm32cubeide/STM32CubeIDE_1.19.0/STM32CubeIDE/plugins/com.st.stm32cube.ide.mcu.externaltools.gnu-tools-for-stm32.13.3.rel1.win32_1.0.0.202411081344/tools/bin/../lib/gcc/arm-none-eabi/13.3.1/../../../../arm-none-eabi/lib/thumb/v7e-m+fp/hard\libc_nano.a(libc_a-mallocr.o)
                0x08016e4c                _malloc_r
 .text.__malloc_lock
                0x08016f4c        0xc F:/stm32cubeide/STM32CubeIDE_1.19.0/STM32CubeIDE/plugins/com.st.stm32cube.ide.mcu.externaltools.gnu-tools-for-stm32.13.3.rel1.win32_1.0.0.202411081344/tools/bin/../lib/gcc/arm-none-eabi/13.3.1/../../../../arm-none-eabi/lib/thumb/v7e-m+fp/hard\libc_nano.a(libc_a-mlock.o)
                0x08016f4c                __malloc_lock
 .text.__malloc_unlock
                0x08016f58        0xc F:/stm32cubeide/STM32CubeIDE_1.19.0/STM32CubeIDE/plugins/com.st.stm32cube.ide.mcu.externaltools.gnu-tools-for-stm32.13.3.rel1.win32_1.0.0.202411081344/tools/bin/../lib/gcc/arm-none-eabi/13.3.1/../../../../arm-none-eabi/lib/thumb/v7e-m+fp/hard\libc_nano.a(libc_a-mlock.o)
                0x08016f58                __malloc_unlock
 .text.__ssputs_r
                0x08016f64       0xb6 F:/stm32cubeide/STM32CubeIDE_1.19.0/STM32CubeIDE/plugins/com.st.stm32cube.ide.mcu.externaltools.gnu-tools-for-stm32.13.3.rel1.win32_1.0.0.202411081344/tools/bin/../lib/gcc/arm-none-eabi/13.3.1/../../../../arm-none-eabi/lib/thumb/v7e-m+fp/hard\libc_nano.a(libc_a-nano-svfprintf.o)
                0x08016f64                __ssputs_r
 *fill*         0x0801701a        0x2 
 .text._svfprintf_r
                0x0801701c      0x1f8 F:/stm32cubeide/STM32CubeIDE_1.19.0/STM32CubeIDE/plugins/com.st.stm32cube.ide.mcu.externaltools.gnu-tools-for-stm32.13.3.rel1.win32_1.0.0.202411081344/tools/bin/../lib/gcc/arm-none-eabi/13.3.1/../../../../arm-none-eabi/lib/thumb/v7e-m+fp/hard\libc_nano.a(libc_a-nano-svfprintf.o)
                0x0801701c                _svfiprintf_r
                0x0801701c                _svfprintf_r
 .text._printf_common
                0x08017214       0xda F:/stm32cubeide/STM32CubeIDE_1.19.0/STM32CubeIDE/plugins/com.st.stm32cube.ide.mcu.externaltools.gnu-tools-for-stm32.13.3.rel1.win32_1.0.0.202411081344/tools/bin/../lib/gcc/arm-none-eabi/13.3.1/../../../../arm-none-eabi/lib/thumb/v7e-m+fp/hard\libc_nano.a(libc_a-nano-vfprintf_i.o)
                0x08017214                _printf_common
 *fill*         0x080172ee        0x2 
 .text._printf_i
                0x080172f0      0x23c F:/stm32cubeide/STM32CubeIDE_1.19.0/STM32CubeIDE/plugins/com.st.stm32cube.ide.mcu.externaltools.gnu-tools-for-stm32.13.3.rel1.win32_1.0.0.202411081344/tools/bin/../lib/gcc/arm-none-eabi/13.3.1/../../../../arm-none-eabi/lib/thumb/v7e-m+fp/hard\libc_nano.a(libc_a-nano-vfprintf_i.o)
                0x080172f0                _printf_i
 .text.__sflush_r
                0x0801752c      0x108 F:/stm32cubeide/STM32CubeIDE_1.19.0/STM32CubeIDE/plugins/com.st.stm32cube.ide.mcu.externaltools.gnu-tools-for-stm32.13.3.rel1.win32_1.0.0.202411081344/tools/bin/../lib/gcc/arm-none-eabi/13.3.1/../../../../arm-none-eabi/lib/thumb/v7e-m+fp/hard\libc_nano.a(libc_a-fflush.o)
                0x0801752c                __sflush_r
 .text._fflush_r
                0x08017634       0x50 F:/stm32cubeide/STM32CubeIDE_1.19.0/STM32CubeIDE/plugins/com.st.stm32cube.ide.mcu.externaltools.gnu-tools-for-stm32.13.3.rel1.win32_1.0.0.202411081344/tools/bin/../lib/gcc/arm-none-eabi/13.3.1/../../../../arm-none-eabi/lib/thumb/v7e-m+fp/hard\libc_nano.a(libc_a-fflush.o)
                0x08017634                _fflush_r
 .text.fprintf  0x08017684       0x24 F:/stm32cubeide/STM32CubeIDE_1.19.0/STM32CubeIDE/plugins/com.st.stm32cube.ide.mcu.externaltools.gnu-tools-for-stm32.13.3.rel1.win32_1.0.0.202411081344/tools/bin/../lib/gcc/arm-none-eabi/13.3.1/../../../../arm-none-eabi/lib/thumb/v7e-m+fp/hard\libc_nano.a(libc_a-fprintf.o)
                0x08017684                fiprintf
                0x08017684                fprintf
 .text.memmove  0x080176a8       0x34 F:/stm32cubeide/STM32CubeIDE_1.19.0/STM32CubeIDE/plugins/com.st.stm32cube.ide.mcu.externaltools.gnu-tools-for-stm32.13.3.rel1.win32_1.0.0.202411081344/tools/bin/../lib/gcc/arm-none-eabi/13.3.1/../../../../arm-none-eabi/lib/thumb/v7e-m+fp/hard\libc_nano.a(libc_a-memmove.o)
                0x080176a8                memmove
 .text._sbrk_r  0x080176dc       0x20 F:/stm32cubeide/STM32CubeIDE_1.19.0/STM32CubeIDE/plugins/com.st.stm32cube.ide.mcu.externaltools.gnu-tools-for-stm32.13.3.rel1.win32_1.0.0.202411081344/tools/bin/../lib/gcc/arm-none-eabi/13.3.1/../../../../arm-none-eabi/lib/thumb/v7e-m+fp/hard\libc_nano.a(libc_a-sbrkr.o)
                0x080176dc                _sbrk_r
 .text.memcpy   0x080176fc       0x1c F:/stm32cubeide/STM32CubeIDE_1.19.0/STM32CubeIDE/plugins/com.st.stm32cube.ide.mcu.externaltools.gnu-tools-for-stm32.13.3.rel1.win32_1.0.0.202411081344/tools/bin/../lib/gcc/arm-none-eabi/13.3.1/../../../../arm-none-eabi/lib/thumb/v7e-m+fp/hard\libc_nano.a(libc_a-memcpy-stub.o)
                0x080176fc                memcpy