../pacman_lib/bot.c:35:10:bot_is_2p_coop	4	static
../pacman_lib/bot.c:42:10:bot_is_2p_vs_ghost	4	static
../pacman_lib/bot.c:48:10:bot_custom_ai_ghost_count	8	static
../pacman_lib/bot.c:55:10:bot_is_player_controlled_ghost	16	static
../pacman_lib/bot.c:59:10:bot_calc_move_player_ghost	24	static
../pacman_lib/bot.c:93:6:bot_apply_player_ghost_input	24	static
../pacman_lib/bot.c:207:6:bot_get_nearest_player	32	static
../pacman_lib/bot.c:213:11:bot_get_nearest_player_ptr	24	static
../pacman_lib/bot.c:224:6:bot_kill_pacman	24	static
../pacman_lib/bot.c:264:6:bot_team_kill_pacman	8	static
../pacman_lib/bot.c:268:10:bot_coop_is_game_over	8	static
../pacman_lib/bot.c:278:6:bot_team_win_pacman	8	static
../pacman_lib/bot.c:286:6:bot_ghost_hit_pacman	24	static
../pacman_lib/bot.c:315:10:bot_ghost_get_body_color	24	static
../pacman_lib/bot.c:343:10:bot_player_can_turn	24	static
../pacman_lib/bot.c:359:6:bot_ghost_validate_position	16	static
../pacman_lib/bot.c:368:10:bot_is_walkable	32	static
../pacman_lib/bot.c:393:10:bot_calc_move_random	40	static
../pacman_lib/bot.c:437:10:bot_calc_move_blinky	48	static
../pacman_lib/bot.c:455:10:bot_calc_move_pinky	56	static
../pacman_lib/bot.c:499:10:bot_calc_move_inky	72	static
../pacman_lib/bot.c:559:10:bot_calc_move_clyde	48	static
../pacman_lib/bot.c:585:10:bot_calc_move_home	48	static
../pacman_lib/bot.c:616:10:bot_calc_move_scatter	48	static
../pacman_lib/bot.c:648:10:bot_calc_move	56	static
../pacman_lib/bot.c:739:10:bot_calc_distance	32	static
../pacman_lib/bot.c:748:10:UB_SQRT	32	static
../pacman_lib/bot.c:768:10:bot_calc_move_lazy	40	static
../pacman_lib/bot.c:785:10:bot_calc_move_by_strategy	24	static
../pacman_lib/bot.c:807:13:bot_strategy_name	16	static
../pacman_lib/bot.c:820:17:bot_find_spawn_pos	48	static
../pacman_lib/bot.c:851:6:bot_apply_custom_ghosts	104	static
