../pacman_lib/bot.c:31:10:bot_is_2p_coop	4	static
../pacman_lib/bot.c:38:10:bot_is_2p_vs_ghost	4	static
../pacman_lib/bot.c:44:10:bot_custom_ai_ghost_count	8	static
../pacman_lib/bot.c:51:10:bot_is_player_controlled_ghost	16	static
../pacman_lib/bot.c:55:10:bot_calc_move_player_ghost	24	static
../pacman_lib/bot.c:89:6:bot_get_nearest_player	32	static
../pacman_lib/bot.c:95:11:bot_get_nearest_player_ptr	24	static
../pacman_lib/bot.c:106:6:bot_kill_pacman	24	static
../pacman_lib/bot.c:134:6:bot_team_kill_pacman	8	static
../pacman_lib/bot.c:138:10:bot_coop_is_game_over	8	static
../pacman_lib/bot.c:148:6:bot_team_win_pacman	8	static
../pacman_lib/bot.c:156:6:bot_ghost_hit_pacman	24	static
../pacman_lib/bot.c:185:10:bot_ghost_get_body_color	24	static
../pacman_lib/bot.c:213:6:bot_ghost_validate_position	16	static
../pacman_lib/bot.c:222:10:bot_is_walkable	32	static
../pacman_lib/bot.c:247:10:bot_calc_move_random	40	static
../pacman_lib/bot.c:291:10:bot_calc_move_blinky	48	static
../pacman_lib/bot.c:309:10:bot_calc_move_pinky	56	static
../pacman_lib/bot.c:353:10:bot_calc_move_inky	72	static
../pacman_lib/bot.c:413:10:bot_calc_move_clyde	48	static
../pacman_lib/bot.c:439:10:bot_calc_move_home	48	static
../pacman_lib/bot.c:470:10:bot_calc_move_scatter	48	static
../pacman_lib/bot.c:502:10:bot_calc_move	56	static
../pacman_lib/bot.c:593:10:bot_calc_distance	32	static
../pacman_lib/bot.c:602:10:UB_SQRT	32	static
../pacman_lib/bot.c:622:10:bot_calc_move_lazy	40	static
../pacman_lib/bot.c:639:10:bot_calc_move_by_strategy	24	static
../pacman_lib/bot.c:661:13:bot_strategy_name	16	static
../pacman_lib/bot.c:674:17:bot_find_spawn_pos	48	static
../pacman_lib/bot.c:705:6:bot_apply_custom_ghosts	104	static
