../pacman_lib/bot.c:31:10:bot_is_2p_coop	4	static
../pacman_lib/bot.c:38:10:bot_is_2p_vs_ghost	4	static
../pacman_lib/bot.c:44:6:bot_get_nearest_player	32	static
../pacman_lib/bot.c:50:11:bot_get_nearest_player_ptr	24	static
../pacman_lib/bot.c:61:6:bot_kill_pacman	24	static
../pacman_lib/bot.c:89:6:bot_team_kill_pacman	8	static
../pacman_lib/bot.c:93:10:bot_coop_is_game_over	8	static
../pacman_lib/bot.c:103:6:bot_team_win_pacman	8	static
../pacman_lib/bot.c:111:6:bot_ghost_hit_pacman	24	static
../pacman_lib/bot.c:140:10:bot_calc_move_random	32	static
../pacman_lib/bot.c:167:10:bot_calc_move_blinky	48	static
../pacman_lib/bot.c:185:10:bot_calc_move_pinky	56	static
../pacman_lib/bot.c:229:10:bot_calc_move_inky	72	static
../pacman_lib/bot.c:289:10:bot_calc_move_clyde	48	static
../pacman_lib/bot.c:315:10:bot_calc_move_home	48	static
../pacman_lib/bot.c:346:10:bot_calc_move_scatter	48	static
../pacman_lib/bot.c:378:10:bot_calc_move	56	static
../pacman_lib/bot.c:434:10:bot_calc_distance	32	static
../pacman_lib/bot.c:443:10:UB_SQRT	32	static
../pacman_lib/bot.c:463:10:bot_calc_move_lazy	40	static
../pacman_lib/bot.c:480:10:bot_calc_move_by_strategy	24	static
../pacman_lib/bot.c:502:13:bot_strategy_name	16	static
../pacman_lib/bot.c:515:17:bot_find_spawn_pos	48	static
../pacman_lib/bot.c:546:6:bot_apply_custom_ghosts	104	static
