../pacman_lib/gui.c:28:6:gui_clear_screen	8	static
../pacman_lib/gui.c:37:6:gui_clear_bots	8	static
../pacman_lib/gui.c:48:6:gui_draw_bots	8	static
../pacman_lib/gui.c:60:6:gui_draw_debugmaze	40	static
../pacman_lib/gui.c:97:6:gui_draw_maze	32	static
../pacman_lib/gui.c:122:6:gui_draw_errmaze	32	static
../pacman_lib/gui.c:148:6:gui_draw_player	32	static
../pacman_lib/gui.c:175:6:gui_clear_player	48	static
../pacman_lib/gui.c:218:6:gui_draw_blinky	32	static
../pacman_lib/gui.c:253:6:gui_clear_blinky	48	static
../pacman_lib/gui.c:291:6:gui_draw_pinky	32	static
../pacman_lib/gui.c:318:6:gui_clear_pinky	48	static
../pacman_lib/gui.c:356:6:gui_draw_inky	32	static
../pacman_lib/gui.c:383:6:gui_clear_inky	48	static
../pacman_lib/gui.c:421:6:gui_draw_clyde	32	static
../pacman_lib/gui.c:448:6:gui_clear_clyde	48	static
../pacman_lib/gui.c:486:6:gui_draw_gui	48	static
../pacman_lib/gui.c:521:6:gui_draw_buttons	48	static
../pacman_lib/gui.c:575:10:gui_check_touch	24	static
../pacman_lib/gui.c:622:10:gui_check_button	16	static
../pacman_lib/gui.c:648:10:gui_check_keyboard	16	static
../pacman_lib/gui.c:683:6:gui_debug_uart	16	static
