../pacman_lib/gui.c:33:6:gui_clear_screen	8	static
../pacman_lib/gui.c:42:6:gui_clear_bots	8	static
../pacman_lib/gui.c:54:6:gui_draw_bots	8	static
../pacman_lib/gui.c:66:6:gui_draw_maze	32	static
../pacman_lib/gui.c:91:6:gui_draw_errmaze	32	static
../pacman_lib/gui.c:117:6:gui_draw_player	32	static
../pacman_lib/gui.c:148:6:gui_clear_player	48	static
../pacman_lib/gui.c:188:6:gui_draw_player2	32	static
../pacman_lib/gui.c:214:6:gui_clear_player2	48	static
../pacman_lib/gui.c:254:13:gui_draw_ghost_sprite	40	static
../pacman_lib/gui.c:271:6:gui_draw_blinky	48	static
../pacman_lib/gui.c:296:6:gui_clear_blinky	48	static
../pacman_lib/gui.c:334:6:gui_draw_pinky	48	static
../pacman_lib/gui.c:359:6:gui_clear_pinky	48	static
../pacman_lib/gui.c:397:6:gui_draw_inky	48	static
../pacman_lib/gui.c:422:6:gui_clear_inky	48	static
../pacman_lib/gui.c:460:6:gui_draw_clyde	48	static
../pacman_lib/gui.c:485:6:gui_clear_clyde	48	static
../pacman_lib/gui.c:523:6:gui_draw_gui	48	static
../pacman_lib/gui.c:579:6:gui_draw_buttons	48	static
../pacman_lib/gui.c:633:10:gui_check_touch	24	static
../pacman_lib/gui.c:680:10:gui_check_button	16	static
../pacman_lib/gui.c:708:10:gui_check_joystick	16	static
../pacman_lib/gui.c:724:17:gui_map_key_to_joy	16	static
../pacman_lib/gui.c:748:10:gui_check_keyboard	24	static
../pacman_lib/gui.c:780:6:gui_debug_uart	16	static
../pacman_lib/gui.c:789:6:gui_draw_char_scale	56	static
../pacman_lib/gui.c:813:6:gui_draw_string_scale	48	static
../pacman_lib/gui.c:822:17:gui_wait_touch_pressed	16	static
../pacman_lib/gui.c:829:13:gui_wait_touch_release	16	static
../pacman_lib/gui.c:837:6:gui_wait_interaction	16	static
../pacman_lib/gui.c:856:17:gui_pause_touch_in_rect	16	static
../pacman_lib/gui.c:863:13:gui_pause_prepare_frame	8	static
../pacman_lib/gui.c:871:6:gui_resume_from_pause	16	static
../pacman_lib/gui.c:881:13:gui_draw_pause_overlay	40	static
../pacman_lib/gui.c:903:10:gui_run_pause_menu	24	static
../pacman_lib/gui.c:952:6:gui_show_win_screen	72	static
../pacman_lib/gui.c:990:6:gui_show_lost_screen	72	static
