../pacman_lib/gui.c:30:6:gui_clear_screen	8	static
../pacman_lib/gui.c:39:6:gui_clear_bots	8	static
../pacman_lib/gui.c:51:6:gui_draw_bots	8	static
../pacman_lib/gui.c:64:6:gui_draw_debugmaze	40	static
../pacman_lib/gui.c:101:6:gui_draw_maze	32	static
../pacman_lib/gui.c:126:6:gui_draw_errmaze	32	static
../pacman_lib/gui.c:152:6:gui_draw_player	32	static
../pacman_lib/gui.c:183:6:gui_clear_player	48	static
../pacman_lib/gui.c:223:6:gui_draw_player2	32	static
../pacman_lib/gui.c:249:6:gui_clear_player2	48	static
../pacman_lib/gui.c:292:6:gui_draw_blinky	32	static
../pacman_lib/gui.c:327:6:gui_clear_blinky	48	static
../pacman_lib/gui.c:365:6:gui_draw_pinky	32	static
../pacman_lib/gui.c:392:6:gui_clear_pinky	48	static
../pacman_lib/gui.c:430:6:gui_draw_inky	32	static
../pacman_lib/gui.c:457:6:gui_clear_inky	48	static
../pacman_lib/gui.c:495:6:gui_draw_clyde	32	static
../pacman_lib/gui.c:522:6:gui_clear_clyde	48	static
../pacman_lib/gui.c:560:6:gui_draw_gui	48	static
../pacman_lib/gui.c:608:6:gui_draw_buttons	48	static
../pacman_lib/gui.c:662:10:gui_check_touch	24	static
../pacman_lib/gui.c:709:10:gui_check_button	16	static
../pacman_lib/gui.c:735:10:gui_check_keyboard	16	static
../pacman_lib/gui.c:770:6:gui_debug_uart	16	static
