../pacman_lib/gui.c:31:6:gui_clear_screen	8	static
../pacman_lib/gui.c:40:6:gui_clear_bots	8	static
../pacman_lib/gui.c:52:6:gui_draw_bots	8	static
../pacman_lib/gui.c:65:6:gui_draw_debugmaze	40	static
../pacman_lib/gui.c:102:6:gui_draw_maze	32	static
../pacman_lib/gui.c:127:6:gui_draw_errmaze	32	static
../pacman_lib/gui.c:153:6:gui_draw_player	32	static
../pacman_lib/gui.c:184:6:gui_clear_player	48	static
../pacman_lib/gui.c:224:6:gui_draw_player2	32	static
../pacman_lib/gui.c:250:6:gui_clear_player2	48	static
../pacman_lib/gui.c:293:6:gui_draw_blinky	32	static
../pacman_lib/gui.c:328:6:gui_clear_blinky	48	static
../pacman_lib/gui.c:366:6:gui_draw_pinky	32	static
../pacman_lib/gui.c:393:6:gui_clear_pinky	48	static
../pacman_lib/gui.c:431:6:gui_draw_inky	32	static
../pacman_lib/gui.c:458:6:gui_clear_inky	48	static
../pacman_lib/gui.c:496:6:gui_draw_clyde	32	static
../pacman_lib/gui.c:523:6:gui_clear_clyde	48	static
../pacman_lib/gui.c:561:6:gui_draw_gui	48	static
../pacman_lib/gui.c:609:6:gui_draw_buttons	48	static
../pacman_lib/gui.c:663:10:gui_check_touch	24	static
../pacman_lib/gui.c:710:10:gui_check_button	16	static
../pacman_lib/gui.c:736:10:gui_check_keyboard	16	static
../pacman_lib/gui.c:771:6:gui_debug_uart	16	static
../pacman_lib/gui.c:780:6:gui_draw_char_scale	56	static
../pacman_lib/gui.c:804:6:gui_draw_string_scale	48	static
../pacman_lib/gui.c:813:17:gui_wait_touch_pressed	16	static
../pacman_lib/gui.c:820:13:gui_wait_touch_release	16	static
../pacman_lib/gui.c:828:6:gui_wait_interaction	16	static
../pacman_lib/gui.c:847:6:gui_show_win_screen	72	static
../pacman_lib/gui.c:885:6:gui_show_lost_screen	72	static
