../pacman_lib/gui.c:33:6:gui_clear_screen	8	static
../pacman_lib/gui.c:42:6:gui_clear_bots	8	static
../pacman_lib/gui.c:54:6:gui_draw_bots	8	static
../pacman_lib/gui.c:67:6:gui_draw_debugmaze	40	static
../pacman_lib/gui.c:104:6:gui_draw_maze	32	static
../pacman_lib/gui.c:129:6:gui_draw_errmaze	32	static
../pacman_lib/gui.c:155:6:gui_draw_player	32	static
../pacman_lib/gui.c:186:6:gui_clear_player	48	static
../pacman_lib/gui.c:226:6:gui_draw_player2	32	static
../pacman_lib/gui.c:252:6:gui_clear_player2	48	static
../pacman_lib/gui.c:292:13:gui_draw_ghost_sprite	40	static
../pacman_lib/gui.c:309:6:gui_draw_blinky	48	static
../pacman_lib/gui.c:334:6:gui_clear_blinky	48	static
../pacman_lib/gui.c:372:6:gui_draw_pinky	48	static
../pacman_lib/gui.c:397:6:gui_clear_pinky	48	static
../pacman_lib/gui.c:435:6:gui_draw_inky	48	static
../pacman_lib/gui.c:460:6:gui_clear_inky	48	static
../pacman_lib/gui.c:498:6:gui_draw_clyde	48	static
../pacman_lib/gui.c:523:6:gui_clear_clyde	48	static
../pacman_lib/gui.c:561:6:gui_draw_gui	48	static
../pacman_lib/gui.c:609:6:gui_draw_buttons	48	static
../pacman_lib/gui.c:663:10:gui_check_touch	24	static
../pacman_lib/gui.c:710:10:gui_check_button	16	static
../pacman_lib/gui.c:736:10:gui_check_keyboard	16	static
../pacman_lib/gui.c:771:6:gui_debug_uart	16	static
../pacman_lib/gui.c:780:6:gui_draw_char_scale	56	static
../pacman_lib/gui.c:804:6:gui_draw_string_scale	48	static
../pacman_lib/gui.c:813:17:gui_wait_touch_pressed	16	static
../pacman_lib/gui.c:820:13:gui_wait_touch_release	16	static
../pacman_lib/gui.c:828:6:gui_wait_interaction	16	static
../pacman_lib/gui.c:847:6:gui_show_win_screen	72	static
../pacman_lib/gui.c:885:6:gui_show_lost_screen	72	static
