../pacman_lib/maze.c:27:6:maze_build	8	static
../pacman_lib/maze.c:31:6:maze_build_map	16	static
../pacman_lib/maze.c:56:6:maze_make_rooms_classic	64	static
../pacman_lib/maze.c:179:6:maze_make_rooms_open	64	static
../pacman_lib/maze.c:259:6:maze_place_energy_dots	24	static
../pacman_lib/maze.c:274:6:maze_draw_preview	64	static
../pacman_lib/maze.c:299:6:maze_set_skin	56	static
../pacman_lib/maze.c:386:6:maze_count_dots	8	static
../pacman_lib/maze.c:390:6:maze_make_rooms_map3	64	static
../pacman_lib/maze.c:478:6:maze_make_rooms_map4	64	static
../pacman_lib/maze.c:552:6:maze_make_rooms_map5	64	static
../pacman_lib/maze.c:631:6:maze_make_rooms_map6	64	static
