../pacman_lib/maze_generate.c:13:6:maze_generate_searchandset	24	static
../pacman_lib/maze_generate.c:51:10:maze_generate_digpath_h	32	static
../pacman_lib/maze_generate.c:80:10:maze_generate_digpath_v	32	static
../pacman_lib/maze_generate.c:108:10:maze_generate_setportals	24	static
../pacman_lib/maze_generate.c:162:10:maze_generate_setgate	24	static
../pacman_lib/maze_generate.c:203:6:maze_generate_setwallskin_outside	16	static
../pacman_lib/maze_generate.c:229:6:maze_generate_setonewallskin_outside	24	static
../pacman_lib/maze_generate.c:260:6:maze_generate_setwallskin_inside	16	static
../pacman_lib/maze_generate.c:276:6:maze_generate_setonewallskin_inside	16	static
../pacman_lib/maze_generate.c:317:10:maze_generate_setskin_h	32	static
../pacman_lib/maze_generate.c:338:10:maze_generate_setskin_v	32	static
../pacman_lib/maze_generate.c:359:10:maze_generate_check	32	static
../pacman_lib/maze_generate.c:471:6:maze_generate_sync_path_doors	16	static
../pacman_lib/maze_generate.c:499:6:maze_generate_strip_orphan_wall_doors	24	static
../pacman_lib/maze_generate.c:541:10:maze_generate_count_dots	24	static
