../pacman_lib/menu.c:45:10:menu_start	16	static
../pacman_lib/menu.c:77:17:menu_is_vs_ghost_2p	4	static
../pacman_lib/menu.c:82:17:menu_ai_ghost_count	8	static
../pacman_lib/menu.c:89:17:menu_wizard_max_lines	4	static
../pacman_lib/menu.c:93:13:menu_custom_defaults	16	static
../pacman_lib/menu.c:106:17:menu_touch_pressed	16	static
../pacman_lib/menu.c:113:17:menu_touch_in_rect	16	static
../pacman_lib/menu.c:120:13:menu_touch_wait_release	16	static
../pacman_lib/menu.c:141:17:menu_cycle_value	24	static
../pacman_lib/menu.c:154:13:menu_draw_main	24	static
../pacman_lib/menu.c:163:17:menu_run_main	88	static
../pacman_lib/menu.c:224:20:menu_map_name	24	static
../pacman_lib/menu.c:240:20:menu_speed_name	16	static
../pacman_lib/menu.c:246:13:menu_draw_wizard	64	static
../pacman_lib/menu.c:352:17:menu_handle_value_tap	24	static
../pacman_lib/menu.c:420:17:menu_run_custom_wizard	32	static
../pacman_lib/menu.c:524:13:menu_draw_campaign_wizard	64	static
../pacman_lib/menu.c:557:17:menu_handle_campaign_value_tap	16	static
../pacman_lib/menu.c:574:17:menu_run_campaign_wizard	24	static
