../pacman_lib/menu.c:44:10:menu_start	16	static
../pacman_lib/menu.c:76:17:menu_is_vs_ghost_2p	4	static
../pacman_lib/menu.c:81:17:menu_ai_ghost_count	8	static
../pacman_lib/menu.c:88:17:menu_wizard_max_lines	4	static
../pacman_lib/menu.c:92:13:menu_custom_defaults	16	static
../pacman_lib/menu.c:105:17:menu_touch_pressed	16	static
../pacman_lib/menu.c:112:17:menu_touch_in_rect	16	static
../pacman_lib/menu.c:119:13:menu_touch_wait_release	16	static
../pacman_lib/menu.c:140:17:menu_cycle_value	24	static
../pacman_lib/menu.c:153:13:menu_draw_main	24	static
../pacman_lib/menu.c:162:17:menu_run_main	24	static
../pacman_lib/menu.c:197:20:menu_map_name	16	static
../pacman_lib/menu.c:206:20:menu_speed_name	16	static
../pacman_lib/menu.c:212:13:menu_draw_wizard	64	static
../pacman_lib/menu.c:318:17:menu_handle_value_tap	24	static
../pacman_lib/menu.c:386:17:menu_run_custom_wizard	32	static
../pacman_lib/menu.c:487:13:menu_draw_campaign_wizard	64	static
../pacman_lib/menu.c:520:17:menu_handle_campaign_value_tap	16	static
../pacman_lib/menu.c:537:17:menu_run_campaign_wizard	24	static
