../pacman_lib/player.c:29:6:player_init	24	static
../pacman_lib/player.c:33:6:player2_init	24	static
../pacman_lib/player.c:37:13:player_entity_init	24	static
../pacman_lib/player.c:71:6:player_move	8	static
../pacman_lib/player.c:75:6:player2_move	8	static
../pacman_lib/player.c:79:13:player_entity_move	16	static
../pacman_lib/player.c:203:13:player_entity_change_skin	16	static
../pacman_lib/player.c:230:13:player_entity_handle_ghost_hit	16	static
../pacman_lib/player.c:248:13:player_entity_check_event	24	static
../pacman_lib/player.c:295:6:player_change_direction	16	static
../pacman_lib/player.c:299:6:player2_change_direction	16	static
../pacman_lib/player.c:303:13:player_entity_change_direction	16	static
../pacman_lib/player.c:359:6:player_check_collisions	8	static
../pacman_lib/player.c:373:13:player_check_entity_collision	80	static
