../ub_lib/usb_hid_host_lolevel/usb_core.c:20:13:USB_OTG_EnableCommonInt	24	static
../ub_lib/usb_hid_host_lolevel/usb_core.c:37:20:USB_OTG_CoreReset	32	static
../ub_lib/usb_hid_host_lolevel/usb_core.c:74:13:USB_OTG_WritePacket	48	static
../ub_lib/usb_hid_host_lolevel/usb_core.c:99:7:USB_OTG_ReadPacket	40	static
../ub_lib/usb_hid_host_lolevel/usb_core.c:117:13:USB_OTG_SelectCore	32	static
../ub_lib/usb_hid_host_lolevel/usb_core.c:190:13:USB_OTG_CoreInit	32	static
../ub_lib/usb_hid_host_lolevel/usb_core.c:282:13:USB_OTG_EnableGlobalInt	24	static
../ub_lib/usb_hid_host_lolevel/usb_core.c:295:13:USB_OTG_DisableGlobalInt	24	static
../ub_lib/usb_hid_host_lolevel/usb_core.c:307:13:USB_OTG_FlushTxFifo	32	static
../ub_lib/usb_hid_host_lolevel/usb_core.c:333:13:USB_OTG_FlushRxFifo	32	static
../ub_lib/usb_hid_host_lolevel/usb_core.c:358:13:USB_OTG_SetCurrentMode	24	static
../ub_lib/usb_hid_host_lolevel/usb_core.c:384:10:USB_OTG_GetMode	16	static
../ub_lib/usb_hid_host_lolevel/usb_core.c:391:9:USB_OTG_IsDeviceMode	16	static
../ub_lib/usb_hid_host_lolevel/usb_core.c:398:9:USB_OTG_IsHostMode	16	static
../ub_lib/usb_hid_host_lolevel/usb_core.c:405:10:USB_OTG_ReadCoreItr	24	static
../ub_lib/usb_hid_host_lolevel/usb_core.c:415:10:USB_OTG_ReadOtgItr	16	static
../ub_lib/usb_hid_host_lolevel/usb_core.c:423:13:USB_OTG_CoreInitHost	40	static
../ub_lib/usb_hid_host_lolevel/usb_core.c:494:9:USB_OTG_IsEvenFrame	16	static
../ub_lib/usb_hid_host_lolevel/usb_core.c:500:6:USB_OTG_DriveVbus	24	static
../ub_lib/usb_hid_host_lolevel/usb_core.c:526:13:USB_OTG_EnableHostInt	24	static
../ub_lib/usb_hid_host_lolevel/usb_core.c:554:6:USB_OTG_InitFSLSPClkSel	24	static
../ub_lib/usb_hid_host_lolevel/usb_core.c:565:10:USB_OTG_ReadHPRT0	24	static
../ub_lib/usb_hid_host_lolevel/usb_core.c:579:10:USB_OTG_ReadHostAllChannels_intr	16	static
../ub_lib/usb_hid_host_lolevel/usb_core.c:586:10:USB_OTG_ResetPort	24	static
../ub_lib/usb_hid_host_lolevel/usb_core.c:602:13:USB_OTG_HC_Init	40	static
../ub_lib/usb_hid_host_lolevel/usb_core.c:707:13:USB_OTG_HC_StartXfer	56	static
../ub_lib/usb_hid_host_lolevel/usb_core.c:819:13:USB_OTG_HC_Halt	48	static
../ub_lib/usb_hid_host_lolevel/usb_core.c:854:13:USB_OTG_HC_DoPing	32	static
../ub_lib/usb_hid_host_lolevel/usb_core.c:873:6:USB_OTG_StopHost	24	static
