../ub_lib/usb_hid_host_lolevel/usbh_usr.c:61:6:USBH_USR_Init	4	static
../ub_lib/usb_hid_host_lolevel/usbh_usr.c:70:6:USBH_USR_DeviceAttached	4	static
../ub_lib/usb_hid_host_lolevel/usbh_usr.c:77:6:USBH_USR_UnrecoveredError	4	static
../ub_lib/usb_hid_host_lolevel/usbh_usr.c:86:6:USBH_USR_DeviceDisconnected	4	static
../ub_lib/usb_hid_host_lolevel/usbh_usr.c:96:6:USBH_USR_ResetDevice	4	static
../ub_lib/usb_hid_host_lolevel/usbh_usr.c:107:6:USBH_USR_DeviceSpeedDetected	16	static
../ub_lib/usb_hid_host_lolevel/usbh_usr.c:124:6:USBH_USR_Device_DescAvailable	16	static
../ub_lib/usb_hid_host_lolevel/usbh_usr.c:135:6:USBH_USR_DeviceAddressAssigned	4	static
../ub_lib/usb_hid_host_lolevel/usbh_usr.c:146:6:USBH_USR_Configuration_DescAvailable	24	static
../ub_lib/usb_hid_host_lolevel/usbh_usr.c:159:6:USBH_USR_Manufacturer_String	16	static
../ub_lib/usb_hid_host_lolevel/usbh_usr.c:170:6:USBH_USR_Product_String	16	static
../ub_lib/usb_hid_host_lolevel/usbh_usr.c:181:6:USBH_USR_SerialNum_String	16	static
../ub_lib/usb_hid_host_lolevel/usbh_usr.c:191:6:USBH_USR_EnumerationDone	4	static
../ub_lib/usb_hid_host_lolevel/usbh_usr.c:201:6:USBH_USR_DeviceNotSupported	4	static
../ub_lib/usb_hid_host_lolevel/usbh_usr.c:210:17:USBH_USR_UserInput	16	static
../ub_lib/usb_hid_host_lolevel/usbh_usr.c:234:6:USBH_USR_OverCurrentDetected	4	static
../ub_lib/usb_hid_host_lolevel/usbh_usr.c:243:6:USBH_USR_DeInit	4	static
../ub_lib/usb_hid_host_lolevel/usbh_usr.c:252:6:USR_MOUSE_Init	4	static
../ub_lib/usb_hid_host_lolevel/usbh_usr.c:270:6:USR_MOUSE_ProcessData	24	static
../ub_lib/usb_hid_host_lolevel/usbh_usr.c:307:7:USR_KEYBRD_Init	4	static
../ub_lib/usb_hid_host_lolevel/usbh_usr.c:322:7:USR_KEYBRD_ProcessData	16	static
../ub_lib/usb_hid_host_lolevel/usbh_usr.c:332:7:USR_UB_KEYBRD_ProcessData	16	static
../ub_lib/usb_hid_host_lolevel/usbh_usr.c:347:6:HID_MOUSE_UpdatePosition	16	static
../ub_lib/usb_hid_host_lolevel/usbh_usr.c:370:6:HID_MOUSE_ButtonPressed	16	static
../ub_lib/usb_hid_host_lolevel/usbh_usr.c:389:6:HID_MOUSE_ButtonReleased	16	static
