../ub_lib/stm32_ub_lcd_ili9341.c:87:13:UB_LCD_Init	16	static
../ub_lib/stm32_ub_lcd_ili9341.c:120:6:UB_LCD_LayerInit_Fullscreen	72	static
../ub_lib/stm32_ub_lcd_ili9341.c:169:6:UB_LCD_SetLayer_1	4	static
../ub_lib/stm32_ub_lcd_ili9341.c:179:6:UB_LCD_SetLayer_2	4	static
../ub_lib/stm32_ub_lcd_ili9341.c:189:6:UB_LCD_FillLayer	24	static
../ub_lib/stm32_ub_lcd_ili9341.c:204:6:UB_LCD_SetTransparency	16	static
../ub_lib/stm32_ub_lcd_ili9341.c:219:6:UB_LCD_SetCursor2Draw	16	static
../ub_lib/stm32_ub_lcd_ili9341.c:232:6:UB_LCD_DrawPixel	16	static
../ub_lib/stm32_ub_lcd_ili9341.c:261:6:UB_LCD_SetMode	16	static
../ub_lib/stm32_ub_lcd_ili9341.c:275:6:UB_LCD_Rotate_0	8	static
../ub_lib/stm32_ub_lcd_ili9341.c:286:6:UB_LCD_Rotate_180	8	static
../ub_lib/stm32_ub_lcd_ili9341.c:298:6:UB_LCD_Copy_Layer1_to_Layer2	24	static
../ub_lib/stm32_ub_lcd_ili9341.c:314:6:UB_LCD_Copy_Layer2_to_Layer1	24	static
../ub_lib/stm32_ub_lcd_ili9341.c:330:6:UB_LCD_Refresh	8	static
../ub_lib/stm32_ub_lcd_ili9341.c:347:6:P_LCD9341_InitIO	16	static
../ub_lib/stm32_ub_lcd_ili9341.c:379:6:P_LCD9341_InitLTCD	72	static
../ub_lib/stm32_ub_lcd_ili9341.c:433:6:P_LCD9341_CS	16	static
../ub_lib/stm32_ub_lcd_ili9341.c:449:6:P_LCD9341_WRX	16	static
../ub_lib/stm32_ub_lcd_ili9341.c:464:6:P_LCD9341_InitChip	8	static
../ub_lib/stm32_ub_lcd_ili9341.c:588:6:P_LCD9341_CMD	16	static
../ub_lib/stm32_ub_lcd_ili9341.c:612:6:P_LCD9341_DATA	16	static
../ub_lib/stm32_ub_lcd_ili9341.c:635:6:P_LCD9341_AFConfig	16	static
../ub_lib/stm32_ub_lcd_ili9341.c:711:6:P_LCD9341_Delay	24	static
